PDPolicy.c:40:6:USBPDEnable	16	static
PDPolicy.c:142:6:USBPDDisable	16	static
PDPolicy.c:212:6:USBPDPolicyEngine	16	static
PDPolicy.c:438:6:PolicyErrorRecovery	16	static
PDPolicy.c:472:6:PolicySourceSendHardReset	16	static
PDPolicy.c:477:6:PolicySourceSoftReset	24	static
PDPolicy.c:488:6:PolicySourceSendSoftReset	24	static
PDPolicy.c:530:6:PolicySourceStartup	16	static
PDPolicy.c:666:6:PolicySourceDiscovery	16	static
PDPolicy.c:719:6:PolicySourceSendCaps	40	static
PDPolicy.c:770:6:PolicySourceDisabled	16	static
PDPolicy.c:789:6:PolicySourceTransitionDefault	16	static
PDPolicy.c:904:6:PolicySourceNegotiateCap	40	static
PDPolicy.c:951:6:PolicySourceTransitionSupply	32	static
PDPolicy.c:1047:6:PolicySourceCapabilityResponse	24	static
PDPolicy.c:1068:6:PolicySourceReady	16	static
PDPolicy.c:1303:6:PolicySourceGiveSourceCap	40	static
PDPolicy.c:1312:6:PolicySourceGetSourceCap	24	static
PDPolicy.c:1356:6:PolicySourceGetSinkCap	24	static
PDPolicy.c:1394:6:PolicySourceGiveSinkCap	16	static
PDPolicy.c:1414:6:PolicySourceSendPing	24	static
PDPolicy.c:1419:6:PolicySourceGotoMin	24	static
PDPolicy.c:1476:6:PolicySourceSendDRSwap	24	static
PDPolicy.c:1547:6:PolicySourceEvaluateDRSwap	24	static
PDPolicy.c:1596:6:PolicySourceSendVCONNSwap	24	static
PDPolicy.c:1740:6:PolicySourceEvaluateVCONNSwap	24	static
PDPolicy.c:1862:6:PolicySourceSendPRSwap	16	static
PDPolicy.c:2014:6:PolicySourceEvaluatePRSwap	24	static
PDPolicy.c:2183:6:PolicySourceWaitNewCapabilities	16	static
PDPolicy.c:2211:6:PolicySourceAlertReceived	16	static
PDPolicy.c:2227:6:PolicyNotSupported	24	static
PDPolicy.c:3883:6:PolicySinkAlertReceived	16	static
PDPolicy.c:3986:6:PolicyInvalidState	16	static
PDPolicy.c:3999:6:PolicySendGenericCommand	32	static
PDPolicy.c:4043:6:PolicySendGenericData	48	static
PDPolicy.c:4091:6:PolicySendHardReset	24	static
PDPolicy.c:4103:8:PolicySendCommand	24	static
PDPolicy.c:4221:8:PolicySendData	40	static
PDPolicy.c:4392:6:UpdateCapabilitiesRx	32	static
PDPolicy.c:4426:6:PolicyGiveCountryCodes	40	static
PDPolicy.c:4435:6:PolicyGetCountryCodes	24	static
PDPolicy.c:4442:6:PolicyGiveCountryInfo	48	static
PDPolicy.c:4459:6:PolicyGetPPSStatus	24	static
PDPolicy.c:4499:6:PolicyGivePPSStatus	40	static
PDPolicy.c:4525:6:policyBISTReceiveMode	16	static
PDPolicy.c:4535:6:policyBISTFrameReceived	16	static
PDPolicy.c:4546:6:policyBISTCarrierMode2	16	static
PDPolicy.c:4618:6:policyBISTTestData	16	static
PDPolicy.c:4919:9:TokenToSopType	24	static
PDPolicy.c:4934:6:processDMTBIST	24	static
