Archive member included to satisfy reference by file (symbol)

/Applications/STM32CubeIDE.app/Contents/Eclipse/plugins/com.st.stm32cube.ide.mcu.externaltools.gnu-tools-for-stm32.9-2020-q2-update.macos64_2.0.0.202105311346/tools/bin/../lib/gcc/arm-none-eabi/9.3.1/../../../../arm-none-eabi/lib/thumb/v7-m/nofp/libc_nano.a(lib_a-errno.o)
                              ./Core/Src/syscalls.o (__errno)
/Applications/STM32CubeIDE.app/Contents/Eclipse/plugins/com.st.stm32cube.ide.mcu.externaltools.gnu-tools-for-stm32.9-2020-q2-update.macos64_2.0.0.202105311346/tools/bin/../lib/gcc/arm-none-eabi/9.3.1/../../../../arm-none-eabi/lib/thumb/v7-m/nofp/libc_nano.a(lib_a-exit.o)
                              /Applications/STM32CubeIDE.app/Contents/Eclipse/plugins/com.st.stm32cube.ide.mcu.externaltools.gnu-tools-for-stm32.9-2020-q2-update.macos64_2.0.0.202105311346/tools/bin/../lib/gcc/arm-none-eabi/9.3.1/../../../../arm-none-eabi/lib/thumb/v7-m/nofp/crt0.o (exit)
/Applications/STM32CubeIDE.app/Contents/Eclipse/plugins/com.st.stm32cube.ide.mcu.externaltools.gnu-tools-for-stm32.9-2020-q2-update.macos64_2.0.0.202105311346/tools/bin/../lib/gcc/arm-none-eabi/9.3.1/../../../../arm-none-eabi/lib/thumb/v7-m/nofp/libc_nano.a(lib_a-impure.o)
                              /Applications/STM32CubeIDE.app/Contents/Eclipse/plugins/com.st.stm32cube.ide.mcu.externaltools.gnu-tools-for-stm32.9-2020-q2-update.macos64_2.0.0.202105311346/tools/bin/../lib/gcc/arm-none-eabi/9.3.1/../../../../arm-none-eabi/lib/thumb/v7-m/nofp/libc_nano.a(lib_a-exit.o) (_global_impure_ptr)
/Applications/STM32CubeIDE.app/Contents/Eclipse/plugins/com.st.stm32cube.ide.mcu.externaltools.gnu-tools-for-stm32.9-2020-q2-update.macos64_2.0.0.202105311346/tools/bin/../lib/gcc/arm-none-eabi/9.3.1/../../../../arm-none-eabi/lib/thumb/v7-m/nofp/libc_nano.a(lib_a-init.o)
                              /Applications/STM32CubeIDE.app/Contents/Eclipse/plugins/com.st.stm32cube.ide.mcu.externaltools.gnu-tools-for-stm32.9-2020-q2-update.macos64_2.0.0.202105311346/tools/bin/../lib/gcc/arm-none-eabi/9.3.1/../../../../arm-none-eabi/lib/thumb/v7-m/nofp/crt0.o (__libc_init_array)
/Applications/STM32CubeIDE.app/Contents/Eclipse/plugins/com.st.stm32cube.ide.mcu.externaltools.gnu-tools-for-stm32.9-2020-q2-update.macos64_2.0.0.202105311346/tools/bin/../lib/gcc/arm-none-eabi/9.3.1/../../../../arm-none-eabi/lib/thumb/v7-m/nofp/libc_nano.a(lib_a-memset.o)
                              /Applications/STM32CubeIDE.app/Contents/Eclipse/plugins/com.st.stm32cube.ide.mcu.externaltools.gnu-tools-for-stm32.9-2020-q2-update.macos64_2.0.0.202105311346/tools/bin/../lib/gcc/arm-none-eabi/9.3.1/../../../../arm-none-eabi/lib/thumb/v7-m/nofp/crt0.o (memset)

Allocating common symbols
Common symbol       size              file

hdma_i2c1_tx        0x44              ./Core/Src/main.o
hi2c1               0x54              ./Core/Src/main.o
hpcd                0x2ec             ./Drivers/Platform_ARM/src/USB/usbd_conf.o
uwTick              0x4               ./Drivers/STM32F1xx_HAL_Driver/Src/stm32f1xx_hal.o
pFlash              0x20              ./Drivers/STM32F1xx_HAL_Driver/Src/stm32f1xx_hal_flash.o
htim3               0x48              ./Core/Src/main.o
USBD_Device         0x2c4             ./Drivers/Platform_ARM/src/USB/usbd_main.o
htim1               0x48              ./Core/Src/main.o
hdma_i2c1_rx        0x44              ./Core/Src/main.o
htim2               0x48              ./Core/Src/main.o
USBD_StrDesc        0x100             ./Drivers/Platform_ARM/src/USB/usbd_desc.o
I2cHandle           0x54              ./Drivers/Platform_ARM/src/PlatformI2C.o

Discarded input sections

 .text          0x0000000000000000        0x0 /Applications/STM32CubeIDE.app/Contents/Eclipse/plugins/com.st.stm32cube.ide.mcu.externaltools.gnu-tools-for-stm32.9-2020-q2-update.macos64_2.0.0.202105311346/tools/bin/../lib/gcc/arm-none-eabi/9.3.1/thumb/v7-m/nofp/crti.o
 .data          0x0000000000000000        0x0 /Applications/STM32CubeIDE.app/Contents/Eclipse/plugins/com.st.stm32cube.ide.mcu.externaltools.gnu-tools-for-stm32.9-2020-q2-update.macos64_2.0.0.202105311346/tools/bin/../lib/gcc/arm-none-eabi/9.3.1/thumb/v7-m/nofp/crti.o
 .bss           0x0000000000000000        0x0 /Applications/STM32CubeIDE.app/Contents/Eclipse/plugins/com.st.stm32cube.ide.mcu.externaltools.gnu-tools-for-stm32.9-2020-q2-update.macos64_2.0.0.202105311346/tools/bin/../lib/gcc/arm-none-eabi/9.3.1/thumb/v7-m/nofp/crti.o
 .data          0x0000000000000000        0x4 /Applications/STM32CubeIDE.app/Contents/Eclipse/plugins/com.st.stm32cube.ide.mcu.externaltools.gnu-tools-for-stm32.9-2020-q2-update.macos64_2.0.0.202105311346/tools/bin/../lib/gcc/arm-none-eabi/9.3.1/thumb/v7-m/nofp/crtbegin.o
[...]
Memory Configuration

Name             Origin             Length             Attributes
RAM              0x0000000020000000 0x0000000000005000 xrw
FLASH            0x0000000008000000 0x0000000000010000 xr
*default*        0x0000000000000000 0xffffffffffffffff

Linker script and memory map

LOAD /Applications/STM32CubeIDE.app/Contents/Eclipse/plugins/com.st.stm32cube.ide.mcu.externaltools.gnu-tools-for-stm32.9-2020-q2-update.macos64_2.0.0.202105311346/tools/bin/../lib/gcc/arm-none-eabi/9.3.1/thumb/v7-m/nofp/crti.o
LOAD /Applications/STM32CubeIDE.app/Contents/Eclipse/plugins/com.st.stm32cube.ide.mcu.externaltools.gnu-tools-for-stm32.9-2020-q2-update.macos64_2.0.0.202105311346/tools/bin/../lib/gcc/arm-none-eabi/9.3.1/thumb/v7-m/nofp/crtbegin.o
LOAD /Applications/STM32CubeIDE.app/Contents/Eclipse/plugins/com.st.stm32cube.ide.mcu.externaltools.gnu-tools-for-stm32.9-2020-q2-update.macos64_2.0.0.202105311346/tools/bin/../lib/gcc/arm-none-eabi/9.3.1/../../../../arm-none-eabi/lib/thumb/v7-m/nofp/crt0.o
LOAD ./Core/Src/main.o
LOAD ./Core/Src/platform.o
LOAD ./Core/Src/stm32f1xx_hal_msp.o
LOAD ./Core/Src/stm32f1xx_it.o
LOAD ./Core/Src/syscalls.o
LOAD ./Core/Src/sysmem.o
LOAD ./Core/Src/system_stm32f1xx.o
LOAD ./Core/Startup/startup_stm32f103c8tx.o
LOAD ./Drivers/FUSB_CORE/Log.o
LOAD ./Drivers/FUSB_CORE/PDPolicy.o
LOAD ./Drivers/FUSB_CORE/PDProtocol.o
LOAD ./Drivers/FUSB_CORE/Port.o
LOAD ./Drivers/FUSB_CORE/TypeC.o
LOAD ./Drivers/FUSB_CORE/core.o
LOAD ./Drivers/FUSB_CORE/fusb30X.o
LOAD ./Drivers/FUSB_CORE/timer.o
LOAD ./Drivers/FUSB_CORE/vendor_info.o
LOAD ./Drivers/FUSB_CORE/modules/HostComm.o
LOAD ./Drivers/FUSB_CORE/modules/dpm.o
LOAD ./Drivers/FUSB_CORE/modules/observer.o
LOAD ./Drivers/FUSB_CORE/vdm/DisplayPort/dp.o
LOAD ./Drivers/FUSB_CORE/vdm/bitfield_translators.o
LOAD ./Drivers/FUSB_CORE/vdm/vdm.o
LOAD ./Drivers/FUSB_CORE/vdm/vdm_callbacks.o
LOAD ./Drivers/Platform_ARM/src/HWIO.o
LOAD ./Drivers/Platform_ARM/src/PlatformI2C.o
LOAD ./Drivers/Platform_ARM/src/Timing.o
LOAD ./Drivers/Platform_ARM/src/fan6295.o
LOAD ./Drivers/Platform_ARM/src/USB/usbd_conf.o
LOAD ./Drivers/Platform_ARM/src/USB/usbd_desc.o
LOAD ./Drivers/Platform_ARM/src/USB/usbd_hid.o
LOAD ./Drivers/Platform_ARM/src/USB/usbd_main.o
LOAD ./Drivers/STM32F1xx_HAL_Driver/Src/stm32f1xx_hal.o
LOAD ./Drivers/STM32F1xx_HAL_Driver/Src/stm32f1xx_hal_cortex.o
LOAD ./Drivers/STM32F1xx_HAL_Driver/Src/stm32f1xx_hal_dma.o
LOAD ./Drivers/STM32F1xx_HAL_Driver/Src/stm32f1xx_hal_exti.o
LOAD ./Drivers/STM32F1xx_HAL_Driver/Src/stm32f1xx_hal_flash.o
LOAD ./Drivers/STM32F1xx_HAL_Driver/Src/stm32f1xx_hal_flash_ex.o
LOAD ./Drivers/STM32F1xx_HAL_Driver/Src/stm32f1xx_hal_gpio.o
LOAD ./Drivers/STM32F1xx_HAL_Driver/Src/stm32f1xx_hal_gpio_ex.o
LOAD ./Drivers/STM32F1xx_HAL_Driver/Src/stm32f1xx_hal_i2c.o
LOAD ./Drivers/STM32F1xx_HAL_Driver/Src/stm32f1xx_hal_pwr.o
LOAD ./Drivers/STM32F1xx_HAL_Driver/Src/stm32f1xx_hal_rcc.o
LOAD ./Drivers/STM32F1xx_HAL_Driver/Src/stm32f1xx_hal_rcc_ex.o
LOAD ./Drivers/STM32F1xx_HAL_Driver/Src/stm32f1xx_hal_tim.o
LOAD ./Drivers/STM32F1xx_HAL_Driver/Src/stm32f1xx_hal_tim_ex.o
LOAD ./Drivers/STM32F1xx_HAL_Driver_custom/Src/stm32f1xx_hal_pcd.o
LOAD ./Drivers/STM32F1xx_HAL_Driver_custom/Src/stm32f1xx_hal_pcd_ex.o
LOAD ./Drivers/STM32F1xx_HAL_Driver_custom/Src/stm32f1xx_ll_usb.o
START GROUP
LOAD /Applications/STM32CubeIDE.app/Contents/Eclipse/plugins/com.st.stm32cube.ide.mcu.externaltools.gnu-tools-for-stm32.9-2020-q2-update.macos64_2.0.0.202105311346/tools/bin/../lib/gcc/arm-none-eabi/9.3.1/../../../../arm-none-eabi/lib/thumb/v7-m/nofp/libc_nano.a
LOAD /Applications/STM32CubeIDE.app/Contents/Eclipse/plugins/com.st.stm32cube.ide.mcu.externaltools.gnu-tools-for-stm32.9-2020-q2-update.macos64_2.0.0.202105311346/tools/bin/../lib/gcc/arm-none-eabi/9.3.1/../../../../arm-none-eabi/lib/thumb/v7-m/nofp/libm.a
END GROUP
START GROUP
LOAD /Applications/STM32CubeIDE.app/Contents/Eclipse/plugins/com.st.stm32cube.ide.mcu.externaltools.gnu-tools-for-stm32.9-2020-q2-update.macos64_2.0.0.202105311346/tools/bin/../lib/gcc/arm-none-eabi/9.3.1/thumb/v7-m/nofp/libgcc.a
LOAD /Applications/STM32CubeIDE.app/Contents/Eclipse/plugins/com.st.stm32cube.ide.mcu.externaltools.gnu-tools-for-stm32.9-2020-q2-update.macos64_2.0.0.202105311346/tools/bin/../lib/gcc/arm-none-eabi/9.3.1/../../../../arm-none-eabi/lib/thumb/v7-m/nofp/libc_nano.a
END GROUP
START GROUP
LOAD /Applications/STM32CubeIDE.app/Contents/Eclipse/plugins/com.st.stm32cube.ide.mcu.externaltools.gnu-tools-for-stm32.9-2020-q2-update.macos64_2.0.0.202105311346/tools/bin/../lib/gcc/arm-none-eabi/9.3.1/thumb/v7-m/nofp/libgcc.a
LOAD /Applications/STM32CubeIDE.app/Contents/Eclipse/plugins/com.st.stm32cube.ide.mcu.externaltools.gnu-tools-for-stm32.9-2020-q2-update.macos64_2.0.0.202105311346/tools/bin/../lib/gcc/arm-none-eabi/9.3.1/../../../../arm-none-eabi/lib/thumb/v7-m/nofp/libc_nano.a
LOAD /Applications/STM32CubeIDE.app/Contents/Eclipse/plugins/com.st.stm32cube.ide.mcu.externaltools.gnu-tools-for-stm32.9-2020-q2-update.macos64_2.0.0.202105311346/tools/bin/../lib/gcc/arm-none-eabi/9.3.1/../../../../arm-none-eabi/lib/thumb/v7-m/nofp/libnosys.a
END GROUP
START GROUP
LOAD /Applications/STM32CubeIDE.app/Contents/Eclipse/plugins/com.st.stm32cube.ide.mcu.externaltools.gnu-tools-for-stm32.9-2020-q2-update.macos64_2.0.0.202105311346/tools/bin/../lib/gcc/arm-none-eabi/9.3.1/thumb/v7-m/nofp/libgcc.a
LOAD /Applications/STM32CubeIDE.app/Contents/Eclipse/plugins/com.st.stm32cube.ide.mcu.externaltools.gnu-tools-for-stm32.9-2020-q2-update.macos64_2.0.0.202105311346/tools/bin/../lib/gcc/arm-none-eabi/9.3.1/../../../../arm-none-eabi/lib/thumb/v7-m/nofp/libc_nano.a
LOAD /Applications/STM32CubeIDE.app/Contents/Eclipse/plugins/com.st.stm32cube.ide.mcu.externaltools.gnu-tools-for-stm32.9-2020-q2-update.macos64_2.0.0.202105311346/tools/bin/../lib/gcc/arm-none-eabi/9.3.1/../../../../arm-none-eabi/lib/thumb/v7-m/nofp/libnosys.a
END GROUP
LOAD /Applications/STM32CubeIDE.app/Contents/Eclipse/plugins/com.st.stm32cube.ide.mcu.externaltools.gnu-tools-for-stm32.9-2020-q2-update.macos64_2.0.0.202105311346/tools/bin/../lib/gcc/arm-none-eabi/9.3.1/thumb/v7-m/nofp/crtend.o
LOAD /Applications/STM32CubeIDE.app/Contents/Eclipse/plugins/com.st.stm32cube.ide.mcu.externaltools.gnu-tools-for-stm32.9-2020-q2-update.macos64_2.0.0.202105311346/tools/bin/../lib/gcc/arm-none-eabi/9.3.1/thumb/v7-m/nofp/crtn.o
                0x0000000020005000                _estack = (ORIGIN (RAM) + LENGTH (RAM))
                0x0000000000000200                _Min_Heap_Size = 0x200
                0x0000000000000400                _Min_Stack_Size = 0x400

.isr_vector     0x0000000008000000      0x10c
                0x0000000008000000                . = ALIGN (0x4)
 *(.isr_vector)
 .isr_vector    0x0000000008000000      0x10c ./Core/Startup/startup_stm32f103c8tx.o
                0x0000000008000000                g_pfnVectors
                0x000000000800010c                . = ALIGN (0x4)

.text           0x000000000800010c     0x9d1c
                0x000000000800010c                . = ALIGN (0x4)
 *(.text)
 .text          0x000000000800010c       0x40 /Applications/STM32CubeIDE.app/Contents/Eclipse/plugins/com.st.stm32cube.ide.mcu.externaltools.gnu-tools-for-stm32.9-2020-q2-update.macos64_2.0.0.202105311346/tools/bin/../lib/gcc/arm-none-eabi/9.3.1/thumb/v7-m/nofp/crtbegin.o
 *(.text*)
 .text.InitializeBoard
                0x000000000800014c        0xc ./Core/Src/main.o
 .text.InitializeSystem
                0x0000000008000158       0x14 ./Core/Src/main.o
 .text.handle_core_event
                0x000000000800016c       0x18 ./Core/Src/main.o
                0x000000000800016c                handle_core_event
 .text.main     0x0000000008000184      0x140 ./Core/Src/main.o
                0x0000000008000184                main
 .text.SystemClock_Config
                0x00000000080002c4       0x82 ./Core/Src/main.o
                0x00000000080002c4                SystemClock_Config
 *fill*         0x0000000008000346        0x2 
 .text.MX_I2C1_Init
                0x0000000008000348       0x5c ./Core/Src/main.o
 .text.MX_TIM1_Init
                0x00000000080003a4       0xa0 ./Core/Src/main.o
 .text.MX_TIM2_Init
                0x0000000008000444       0x98 ./Core/Src/main.o
 .text.MX_TIM3_Init
                0x00000000080004dc       0x9c ./Core/Src/main.o
 .text.MX_DMA_Init
                0x0000000008000578       0x4c ./Core/Src/main.o
 .text.MX_GPIO_Init
                0x00000000080005c4       0x5c ./Core/Src/main.o
 .text.Error_Handler
                0x0000000008000620        0xa ./Core/Src/main.o
                0x0000000008000620                Error_Handler
 *fill*         0x000000000800062a        0x2 
 .text.platform_set_vbus_lvl_enable
                0x000000000800062c       0xa4 ./Core/Src/platform.o
                0x000000000800062c                platform_set_vbus_lvl_enable
 .text.platform_get_pps_voltage
                0x00000000080006d0       0x16 ./Core/Src/platform.o
                0x00000000080006d0                platform_get_pps_voltage
 *fill*         0x00000000080006e6        0x2 
 .text.platform_set_vbus_discharge
                0x00000000080006e8       0x34 ./Core/Src/platform.o
                0x00000000080006e8                platform_set_vbus_discharge
 .text.platform_get_device_irq_state
                0x000000000800071c       0x16 ./Core/Src/platform.o
                0x000000000800071c                platform_get_device_irq_state
 *fill*         0x0000000008000732        0x2 
 .text.platform_i2c_write
                0x0000000008000734       0x64 ./Core/Src/platform.o
                0x0000000008000734                platform_i2c_write
 .text.platform_i2c_read
                0x0000000008000798       0x64 ./Core/Src/platform.o
                0x0000000008000798                platform_i2c_read
 .text.platform_delay_10us
                0x00000000080007fc       0x20 ./Core/Src/platform.o
                0x00000000080007fc                platform_delay_10us
 .text.platform_delay
                0x000000000800081c       0x2e ./Core/Src/platform.o
                0x000000000800081c                platform_delay
 .text.platform_get_system_time
                0x000000000800084a       0x12 ./Core/Src/platform.o
                0x000000000800084a                platform_get_system_time
 .text.HAL_MspInit
                0x000000000800085c       0x64 ./Core/Src/stm32f1xx_hal_msp.o
                0x000000000800085c                HAL_MspInit
 .text.HAL_I2C_MspInit
                0x00000000080008c0      0x124 ./Core/Src/stm32f1xx_hal_msp.o
                0x00000000080008c0                HAL_I2C_MspInit
 .text.HAL_TIM_Base_MspInit
                0x00000000080009e4       0x88 ./Core/Src/stm32f1xx_hal_msp.o
                0x00000000080009e4                HAL_TIM_Base_MspInit
 .text.NMI_Handler
                0x0000000008000a6c        0x6 ./Core/Src/stm32f1xx_it.o
                0x0000000008000a6c                NMI_Handler
 .text.HardFault_Handler
                0x0000000008000a72        0x6 ./Core/Src/stm32f1xx_it.o
                0x0000000008000a72                HardFault_Handler
 .text.MemManage_Handler
                0x0000000008000a78        0x6 ./Core/Src/stm32f1xx_it.o
                0x0000000008000a78                MemManage_Handler
 .text.BusFault_Handler
                0x0000000008000a7e        0x6 ./Core/Src/stm32f1xx_it.o
                0x0000000008000a7e                BusFault_Handler
 .text.UsageFault_Handler
                0x0000000008000a84        0x6 ./Core/Src/stm32f1xx_it.o
                0x0000000008000a84                UsageFault_Handler
 .text.SVC_Handler
                0x0000000008000a8a        0xc ./Core/Src/stm32f1xx_it.o
                0x0000000008000a8a                SVC_Handler
 .text.DebugMon_Handler
                0x0000000008000a96        0xc ./Core/Src/stm32f1xx_it.o
                0x0000000008000a96                DebugMon_Handler
 .text.PendSV_Handler
                0x0000000008000aa2        0xc ./Core/Src/stm32f1xx_it.o
                0x0000000008000aa2                PendSV_Handler
 .text.SysTick_Handler
                0x0000000008000aae        0xc ./Core/Src/stm32f1xx_it.o
                0x0000000008000aae                SysTick_Handler
 *fill*         0x0000000008000aba        0x2 
 .text.DMA1_Channel6_IRQHandler
                0x0000000008000abc       0x14 ./Core/Src/stm32f1xx_it.o
                0x0000000008000abc                DMA1_Channel6_IRQHandler
 .text.DMA1_Channel7_IRQHandler
                0x0000000008000ad0       0x14 ./Core/Src/stm32f1xx_it.o
                0x0000000008000ad0                DMA1_Channel7_IRQHandler
 .text.SystemInit
                0x0000000008000ae4        0xc ./Core/Src/system_stm32f1xx.o
                0x0000000008000ae4                SystemInit
 .text.Reset_Handler
                0x0000000008000af0       0x48 ./Core/Startup/startup_stm32f103c8tx.o
                0x0000000008000af0                Reset_Handler
 .text.Default_Handler
                0x0000000008000b38        0x2 ./Core/Startup/startup_stm32f103c8tx.o
                0x0000000008000b38                USBWakeUp_IRQHandler
                0x0000000008000b38                EXTI2_IRQHandler
                0x0000000008000b38                TIM1_CC_IRQHandler
                0x0000000008000b38                PVD_IRQHandler
                0x0000000008000b38                EXTI3_IRQHandler
                0x0000000008000b38                EXTI0_IRQHandler
                0x0000000008000b38                I2C2_EV_IRQHandler
                0x0000000008000b38                ADC1_2_IRQHandler
                0x0000000008000b38                SPI1_IRQHandler
                0x0000000008000b38                TAMPER_IRQHandler
                0x0000000008000b38                DMA1_Channel4_IRQHandler
                0x0000000008000b38                USART3_IRQHandler
                0x0000000008000b38                RTC_IRQHandler
                0x0000000008000b38                CAN1_RX1_IRQHandler
                0x0000000008000b38                TIM4_IRQHandler
                0x0000000008000b38                I2C1_EV_IRQHandler
                0x0000000008000b38                TIM3_IRQHandler
                0x0000000008000b38                RCC_IRQHandler
                0x0000000008000b38                TIM1_TRG_COM_IRQHandler
                0x0000000008000b38                DMA1_Channel1_IRQHandler
                0x0000000008000b38                Default_Handler
                0x0000000008000b38                EXTI15_10_IRQHandler
                0x0000000008000b38                EXTI9_5_IRQHandler
                0x0000000008000b38                SPI2_IRQHandler
                0x0000000008000b38                DMA1_Channel5_IRQHandler
                0x0000000008000b38                EXTI4_IRQHandler
                0x0000000008000b38                USB_LP_CAN1_RX0_IRQHandler
                0x0000000008000b38                USB_HP_CAN1_TX_IRQHandler
                0x0000000008000b38                DMA1_Channel3_IRQHandler
                0x0000000008000b38                TIM1_UP_IRQHandler
                0x0000000008000b38                WWDG_IRQHandler
                0x0000000008000b38                TIM2_IRQHandler
                0x0000000008000b38                TIM1_BRK_IRQHandler
                0x0000000008000b38                EXTI1_IRQHandler
                0x0000000008000b38                USART2_IRQHandler
                0x0000000008000b38                I2C2_ER_IRQHandler
                0x0000000008000b38                DMA1_Channel2_IRQHandler
                0x0000000008000b38                CAN1_SCE_IRQHandler
                0x0000000008000b38                FLASH_IRQHandler
                0x0000000008000b38                USART1_IRQHandler
                0x0000000008000b38                I2C1_ER_IRQHandler
                0x0000000008000b38                RTC_Alarm_IRQHandler
 .text.USBPDEnable
                0x0000000008000b3a      0x25a ./Drivers/FUSB_CORE/PDPolicy.o
                0x0000000008000b3a                USBPDEnable
 .text.USBPDDisable
                0x0000000008000d94      0x1c2 ./Drivers/FUSB_CORE/PDPolicy.o
                0x0000000008000d94                USBPDDisable
 *fill*         0x0000000008000f56        0x2 
 .text.USBPDPolicyEngine
                0x0000000008000f58      0x338 ./Drivers/FUSB_CORE/PDPolicy.o
                0x0000000008000f58                USBPDPolicyEngine
 .text.PolicyErrorRecovery
                0x0000000008001290       0x16 ./Drivers/FUSB_CORE/PDPolicy.o
                0x0000000008001290                PolicyErrorRecovery
 .text.PolicyNotSupported
                0x00000000080012a6       0x62 ./Drivers/FUSB_CORE/PDPolicy.o
                0x00000000080012a6                PolicyNotSupported
 .text.PolicySinkSendHardReset
                0x0000000008001308       0x16 ./Drivers/FUSB_CORE/PDPolicy.o
                0x0000000008001308                PolicySinkSendHardReset
 *fill*         0x000000000800131e        0x2 
 .text.PolicySinkSoftReset
                0x0000000008001320       0x38 ./Drivers/FUSB_CORE/PDPolicy.o
                0x0000000008001320                PolicySinkSoftReset
 .text.PolicySinkSendSoftReset
                0x0000000008001358       0xcc ./Drivers/FUSB_CORE/PDPolicy.o
                0x0000000008001358                PolicySinkSendSoftReset
 .text.PolicySinkTransitionDefault
                0x0000000008001424      0x2d8 ./Drivers/FUSB_CORE/PDPolicy.o
                0x0000000008001424                PolicySinkTransitionDefault
 .text.PolicySinkStartup
                0x00000000080016fc      0x22c ./Drivers/FUSB_CORE/PDPolicy.o
                0x00000000080016fc                PolicySinkStartup
 .text.PolicySinkDiscovery
                0x0000000008001928       0x58 ./Drivers/FUSB_CORE/PDPolicy.o
                0x0000000008001928                PolicySinkDiscovery
 .text.PolicySinkWaitCaps
                0x0000000008001980       0xe2 ./Drivers/FUSB_CORE/PDPolicy.o
                0x0000000008001980                PolicySinkWaitCaps
 *fill*         0x0000000008001a62        0x2 
 .text.PolicySinkEvaluateCaps
                0x0000000008001a64      0x364 ./Drivers/FUSB_CORE/PDPolicy.o
                0x0000000008001a64                PolicySinkEvaluateCaps
 .text.PolicySinkSelectCapability
                0x0000000008001dc8      0x1e4 ./Drivers/FUSB_CORE/PDPolicy.o
                0x0000000008001dc8                PolicySinkSelectCapability
 .text.PolicySinkTransitionSink
                0x0000000008001fac      0x134 ./Drivers/FUSB_CORE/PDPolicy.o
                0x0000000008001fac                PolicySinkTransitionSink
 .text.PolicySinkReady
                0x00000000080020e0      0x31c ./Drivers/FUSB_CORE/PDPolicy.o
                0x00000000080020e0                PolicySinkReady
 .text.PolicySinkGiveSinkCap
                0x00000000080023fc       0x50 ./Drivers/FUSB_CORE/PDPolicy.o
                0x00000000080023fc                PolicySinkGiveSinkCap
 .text.PolicySinkGetSinkCap
                0x000000000800244c       0xec ./Drivers/FUSB_CORE/PDPolicy.o
                0x000000000800244c                PolicySinkGetSinkCap
 .text.PolicySinkGiveSourceCap
                0x0000000008002538       0x18 ./Drivers/FUSB_CORE/PDPolicy.o
                0x0000000008002538                PolicySinkGiveSourceCap
 .text.PolicySinkGetSourceCap
                0x0000000008002550       0xb8 ./Drivers/FUSB_CORE/PDPolicy.o
                0x0000000008002550                PolicySinkGetSourceCap
 .text.PolicySinkSendDRSwap
                0x0000000008002608      0x168 ./Drivers/FUSB_CORE/PDPolicy.o
                0x0000000008002608                PolicySinkSendDRSwap
 .text.PolicySinkEvaluateDRSwap
                0x0000000008002770       0xca ./Drivers/FUSB_CORE/PDPolicy.o
                0x0000000008002770                PolicySinkEvaluateDRSwap
 *fill*         0x000000000800283a        0x2 
 .text.PolicySinkSendVCONNSwap
                0x000000000800283c      0x310 ./Drivers/FUSB_CORE/PDPolicy.o
                0x000000000800283c                PolicySinkSendVCONNSwap
 .text.PolicySinkEvaluateVCONNSwap
                0x0000000008002b4c      0x280 ./Drivers/FUSB_CORE/PDPolicy.o
                0x0000000008002b4c                PolicySinkEvaluateVCONNSwap
 .text.PolicySinkSendPRSwap
                0x0000000008002dcc       0x12 ./Drivers/FUSB_CORE/PDPolicy.o
                0x0000000008002dcc                PolicySinkSendPRSwap
 .text.PolicySinkEvaluatePRSwap
                0x0000000008002dde       0x24 ./Drivers/FUSB_CORE/PDPolicy.o
                0x0000000008002dde                PolicySinkEvaluatePRSwap
 .text.PolicySinkAlertReceived
                0x0000000008002e02       0x7c ./Drivers/FUSB_CORE/PDPolicy.o
                0x0000000008002e02                PolicySinkAlertReceived
 .text.PolicyInvalidState
                0x0000000008002e7e       0x2c ./Drivers/FUSB_CORE/PDPolicy.o
                0x0000000008002e7e                PolicyInvalidState
 .text.PolicySendGenericCommand
                0x0000000008002eaa       0xd6 ./Drivers/FUSB_CORE/PDPolicy.o
                0x0000000008002eaa                PolicySendGenericCommand
 .text.PolicySendGenericData
                0x0000000008002f80       0xfa ./Drivers/FUSB_CORE/PDPolicy.o
                0x0000000008002f80                PolicySendGenericData
 .text.PolicySendHardReset
                0x000000000800307a       0x52 ./Drivers/FUSB_CORE/PDPolicy.o
                0x000000000800307a                PolicySendHardReset
 .text.PolicySendCommand
                0x00000000080030cc      0x27c ./Drivers/FUSB_CORE/PDPolicy.o
                0x00000000080030cc                PolicySendCommand
 .text.PolicySendData
                0x0000000008003348      0x354 ./Drivers/FUSB_CORE/PDPolicy.o
                0x0000000008003348                PolicySendData
 .text.UpdateCapabilitiesRx
                0x000000000800369c       0xa6 ./Drivers/FUSB_CORE/PDPolicy.o
                0x000000000800369c                UpdateCapabilitiesRx
 *fill*         0x0000000008003742        0x2 
 .text.PolicyGiveCountryCodes
                0x0000000008003744       0x54 ./Drivers/FUSB_CORE/PDPolicy.o
                0x0000000008003744                PolicyGiveCountryCodes
 .text.PolicyGetCountryCodes
                0x0000000008003798       0x2e ./Drivers/FUSB_CORE/PDPolicy.o
                0x0000000008003798                PolicyGetCountryCodes
 .text.PolicyGiveCountryInfo
                0x00000000080037c6       0x68 ./Drivers/FUSB_CORE/PDPolicy.o
                0x00000000080037c6                PolicyGiveCountryInfo
 .text.PolicyGetPPSStatus
                0x000000000800382e       0xe0 ./Drivers/FUSB_CORE/PDPolicy.o
                0x000000000800382e                PolicyGetPPSStatus
 *fill*         0x000000000800390e        0x2 
 .text.PolicyGivePPSStatus
                0x0000000008003910       0x88 ./Drivers/FUSB_CORE/PDPolicy.o
                0x0000000008003910                PolicyGivePPSStatus
 .text.policyBISTReceiveMode
                0x0000000008003998       0x12 ./Drivers/FUSB_CORE/PDPolicy.o
                0x0000000008003998                policyBISTReceiveMode
 .text.policyBISTFrameReceived
                0x00000000080039aa       0x12 ./Drivers/FUSB_CORE/PDPolicy.o
                0x00000000080039aa                policyBISTFrameReceived
 .text.policyBISTCarrierMode2
                0x00000000080039bc      0x11a ./Drivers/FUSB_CORE/PDPolicy.o
                0x00000000080039bc                policyBISTCarrierMode2
 .text.policyBISTTestData
                0x0000000008003ad6       0x3a ./Drivers/FUSB_CORE/PDPolicy.o
                0x0000000008003ad6                policyBISTTestData
 .text.TokenToSopType
                0x0000000008003b10       0x5e ./Drivers/FUSB_CORE/PDPolicy.o
                0x0000000008003b10                TokenToSopType
 *fill*         0x0000000008003b6e        0x2 
 .text.processDMTBIST
                0x0000000008003b70      0x184 ./Drivers/FUSB_CORE/PDPolicy.o
                0x0000000008003b70                processDMTBIST
 .text.USBPDProtocol
                0x0000000008003cf4       0xd4 ./Drivers/FUSB_CORE/PDProtocol.o
                0x0000000008003cf4                USBPDProtocol
 .text.ProtocolIdle
                0x0000000008003dc8       0xd0 ./Drivers/FUSB_CORE/PDProtocol.o
                0x0000000008003dc8                ProtocolIdle
 .text.ProtocolResetWait
                0x0000000008003e98       0x32 ./Drivers/FUSB_CORE/PDProtocol.o
                0x0000000008003e98                ProtocolResetWait
 .text.ProtocolGetRxPacket
                0x0000000008003eca      0x5e8 ./Drivers/FUSB_CORE/PDProtocol.o
                0x0000000008003eca                ProtocolGetRxPacket
 .text.ProtocolTransmitMessage
                0x00000000080044b2      0x44c ./Drivers/FUSB_CORE/PDProtocol.o
                0x00000000080044b2                ProtocolTransmitMessage
 .text.ProtocolSendingMessage
                0x00000000080048fe       0xfa ./Drivers/FUSB_CORE/PDProtocol.o
                0x00000000080048fe                ProtocolSendingMessage
 .text.ProtocolVerifyGoodCRC
                0x00000000080049f8      0x15a ./Drivers/FUSB_CORE/PDProtocol.o
                0x00000000080049f8                ProtocolVerifyGoodCRC
 .text.ProtocolSendGoodCRC
                0x0000000008004b52       0x98 ./Drivers/FUSB_CORE/PDProtocol.o
                0x0000000008004b52                ProtocolSendGoodCRC
 .text.ProtocolLoadSOP
                0x0000000008004bea      0x180 ./Drivers/FUSB_CORE/PDProtocol.o
                0x0000000008004bea                ProtocolLoadSOP
 .text.ProtocolLoadEOP
                0x0000000008004d6a       0x66 ./Drivers/FUSB_CORE/PDProtocol.o
                0x0000000008004d6a                ProtocolLoadEOP
 .text.ProtocolSendHardReset
                0x0000000008004dd0       0x44 ./Drivers/FUSB_CORE/PDProtocol.o
                0x0000000008004dd0                ProtocolSendHardReset
 .text.ProtocolFlushRxFIFO
                0x0000000008004e14       0x30 ./Drivers/FUSB_CORE/PDProtocol.o
                0x0000000008004e14                ProtocolFlushRxFIFO
 .text.ProtocolFlushTxFIFO
                0x0000000008004e44       0x30 ./Drivers/FUSB_CORE/PDProtocol.o
                0x0000000008004e44                ProtocolFlushTxFIFO
 .text.ResetProtocolLayer
                0x0000000008004e74      0x10a ./Drivers/FUSB_CORE/PDProtocol.o
                0x0000000008004e74                ResetProtocolLayer
 .text.PortInit
                0x0000000008004f7e       0xf8 ./Drivers/FUSB_CORE/Port.o
                0x0000000008004f7e                PortInit
 .text.SetTypeCState
                0x0000000008005076       0x26 ./Drivers/FUSB_CORE/Port.o
                0x0000000008005076                SetTypeCState
 .text.SetPEState
                0x000000000800509c       0x4c ./Drivers/FUSB_CORE/Port.o
                0x000000000800509c                SetPEState
 .text.SetPortDefaultConfiguration
                0x00000000080050e8       0x60 ./Drivers/FUSB_CORE/Port.o
 .text.InitializeRegisters
                0x0000000008005148      0x1b2 ./Drivers/FUSB_CORE/Port.o
                0x0000000008005148                InitializeRegisters
 .text.InitializeTypeCVariables
                0x00000000080052fa      0x104 ./Drivers/FUSB_CORE/Port.o
                0x00000000080052fa                InitializeTypeCVariables
 .text.InitializePDProtocolVariables
                0x00000000080053fe       0x1a ./Drivers/FUSB_CORE/Port.o
                0x00000000080053fe                InitializePDProtocolVariables
 .text.InitializePDPolicyVariables
                0x0000000008005418       0xe0 ./Drivers/FUSB_CORE/Port.o
                0x0000000008005418                InitializePDPolicyVariables
 .text.SetConfiguredCurrent
                0x00000000080054f8       0x52 ./Drivers/FUSB_CORE/Port.o
                0x00000000080054f8                SetConfiguredCurrent
 *fill*         0x000000000800554a        0x2 
 .text.StateMachineTypeC
                0x000000000800554c      0x164 ./Drivers/FUSB_CORE/TypeC.o
                0x000000000800554c                StateMachineTypeC
 .text.StateMachineDisabled
                0x00000000080056b0       0x12 ./Drivers/FUSB_CORE/TypeC.o
                0x00000000080056b0                StateMachineDisabled
 .text.StateMachineErrorRecovery
                0x00000000080056c2       0x28 ./Drivers/FUSB_CORE/TypeC.o
                0x00000000080056c2                StateMachineErrorRecovery
 .text.StateMachineUnattached
                0x00000000080056ea       0xec ./Drivers/FUSB_CORE/TypeC.o
                0x00000000080056ea                StateMachineUnattached
 .text.StateMachineAttachWaitSink
                0x00000000080057d6       0xe6 ./Drivers/FUSB_CORE/TypeC.o
                0x00000000080057d6                StateMachineAttachWaitSink
 .text.StateMachineAttachedSink
                0x00000000080058bc       0xaa ./Drivers/FUSB_CORE/TypeC.o
                0x00000000080058bc                StateMachineAttachedSink
 .text.SetStateErrorRecovery
                0x0000000008005966       0x36 ./Drivers/FUSB_CORE/TypeC.o
                0x0000000008005966                SetStateErrorRecovery
 .text.SetStateUnattached
                0x000000000800599c      0x140 ./Drivers/FUSB_CORE/TypeC.o
                0x000000000800599c                SetStateUnattached
 .text.SetStateAttachWaitSink
                0x0000000008005adc       0xbc ./Drivers/FUSB_CORE/TypeC.o
                0x0000000008005adc                SetStateAttachWaitSink
 .text.SetStateDebugAccessorySink
                0x0000000008005b98       0x90 ./Drivers/FUSB_CORE/TypeC.o
                0x0000000008005b98                SetStateDebugAccessorySink
 .text.SetStateAttachedSink
                0x0000000008005c28       0x8a ./Drivers/FUSB_CORE/TypeC.o
                0x0000000008005c28                SetStateAttachedSink
 .text.updateSourceCurrent
                0x0000000008005cb2       0x7e ./Drivers/FUSB_CORE/TypeC.o
                0x0000000008005cb2                updateSourceCurrent
 .text.ToggleMeasure
                0x0000000008005d30       0x7c ./Drivers/FUSB_CORE/TypeC.o
                0x0000000008005d30                ToggleMeasure
 .text.DecodeCCTermination
                0x0000000008005dac       0x26 ./Drivers/FUSB_CORE/TypeC.o
                0x0000000008005dac                DecodeCCTermination
 .text.DecodeCCTerminationSink
                0x0000000008005dd2       0x60 ./Drivers/FUSB_CORE/TypeC.o
                0x0000000008005dd2                DecodeCCTerminationSink
 .text.UpdateSinkCurrent
                0x0000000008005e32       0x52 ./Drivers/FUSB_CORE/TypeC.o
                0x0000000008005e32                UpdateSinkCurrent
 .text.UpdateCurrentAdvert
                0x0000000008005e84       0x28 ./Drivers/FUSB_CORE/TypeC.o
                0x0000000008005e84                UpdateCurrentAdvert
 .text.isVSafe5V
                0x0000000008005eac       0x1c ./Drivers/FUSB_CORE/TypeC.o
                0x0000000008005eac                isVSafe5V
 .text.isVBUSOverVoltage
                0x0000000008005ec8       0xd8 ./Drivers/FUSB_CORE/TypeC.o
                0x0000000008005ec8                isVBUSOverVoltage
 .text.DetectCCPinSink
                0x0000000008005fa0       0x82 ./Drivers/FUSB_CORE/TypeC.o
                0x0000000008005fa0                DetectCCPinSink
 .text.resetDebounceVariables
                0x0000000008006022       0x3a ./Drivers/FUSB_CORE/TypeC.o
                0x0000000008006022                resetDebounceVariables
 .text.debounceCC
                0x000000000800605c       0xec ./Drivers/FUSB_CORE/TypeC.o
                0x000000000800605c                debounceCC
 .text.setStateSink
                0x0000000008006148      0x130 ./Drivers/FUSB_CORE/TypeC.o
                0x0000000008006148                setStateSink
 .text.updateVCONNSink
                0x0000000008006278       0x2c ./Drivers/FUSB_CORE/TypeC.o
                0x0000000008006278                updateVCONNSink
 .text.clearState
                0x00000000080062a4      0x122 ./Drivers/FUSB_CORE/TypeC.o
                0x00000000080062a4                clearState
 .text.SetStateIllegalCable
                0x00000000080063c6      0x1cc ./Drivers/FUSB_CORE/TypeC.o
                0x00000000080063c6                SetStateIllegalCable
 .text.StateMachineIllegalCable
                0x0000000008006592       0x56 ./Drivers/FUSB_CORE/TypeC.o
                0x0000000008006592                StateMachineIllegalCable
 .text.core_initialize
                0x00000000080065e8       0x34 ./Drivers/FUSB_CORE/core.o
                0x00000000080065e8                core_initialize
 .text.core_enable_typec
                0x000000000800661c       0x1e ./Drivers/FUSB_CORE/core.o
                0x000000000800661c                core_enable_typec
 .text.core_enable_pd
                0x000000000800663a       0x1e ./Drivers/FUSB_CORE/core.o
                0x000000000800663a                core_enable_pd
 .text.core_state_machine
                0x0000000008006658       0x52 ./Drivers/FUSB_CORE/core.o
                0x0000000008006658                core_state_machine
 .text.core_get_next_timeout
                0x00000000080066aa       0x60 ./Drivers/FUSB_CORE/core.o
                0x00000000080066aa                core_get_next_timeout
 .text.core_set_state_unattached
                0x000000000800670a       0x16 ./Drivers/FUSB_CORE/core.o
                0x000000000800670a                core_set_state_unattached
 .text.DeviceWrite
                0x0000000008006720       0x3a ./Drivers/FUSB_CORE/fusb30X.o
                0x0000000008006720                DeviceWrite
 .text.DeviceRead
                0x000000000800675a       0x3a ./Drivers/FUSB_CORE/fusb30X.o
                0x000000000800675a                DeviceRead
 .text.TimerStart
                0x0000000008006794       0x36 ./Drivers/FUSB_CORE/timer.o
                0x0000000008006794                TimerStart
 .text.TimerDisable
                0x00000000080067ca       0x20 ./Drivers/FUSB_CORE/timer.o
                0x00000000080067ca                TimerDisable
 .text.TimerDisabled
                0x00000000080067ea       0x20 ./Drivers/FUSB_CORE/timer.o
                0x00000000080067ea                TimerDisabled
 .text.TimerExpired
                0x000000000800680a       0x60 ./Drivers/FUSB_CORE/timer.o
                0x000000000800680a                TimerExpired
 .text.TimerRemaining
                0x000000000800686a       0x44 ./Drivers/FUSB_CORE/timer.o
                0x000000000800686a                TimerRemaining
 .text.VIF_InitializeSrcCaps
                0x00000000080068ae       0xc2 ./Drivers/FUSB_CORE/vendor_info.o
                0x00000000080068ae                VIF_InitializeSrcCaps
 .text.VIF_InitializeSnkCaps
                0x0000000008006970      0x13a ./Drivers/FUSB_CORE/vendor_info.o
                0x0000000008006970                VIF_InitializeSnkCaps
 *fill*         0x0000000008006aaa        0x2 
 .text.DPM_Init
                0x0000000008006aac       0x28 ./Drivers/FUSB_CORE/modules/dpm.o
                0x0000000008006aac                DPM_Init
 .text.DPM_AddPort
                0x0000000008006ad4       0x2a ./Drivers/FUSB_CORE/modules/dpm.o
                0x0000000008006ad4                DPM_AddPort
 .text.DPM_GetSinkCapHeader
                0x0000000008006afe       0x18 ./Drivers/FUSB_CORE/modules/dpm.o
                0x0000000008006afe                DPM_GetSinkCapHeader
 .text.DPM_GetSourceCap
                0x0000000008006b16       0x18 ./Drivers/FUSB_CORE/modules/dpm.o
                0x0000000008006b16                DPM_GetSourceCap
 .text.DPM_GetSinkCap
                0x0000000008006b2e       0x18 ./Drivers/FUSB_CORE/modules/dpm.o
                0x0000000008006b2e                DPM_GetSinkCap
 .text.DPM_SpecRev
                0x0000000008006b46       0x3a ./Drivers/FUSB_CORE/modules/dpm.o
                0x0000000008006b46                DPM_SpecRev
 .text.DPM_SetSpecRev
                0x0000000008006b80       0x70 ./Drivers/FUSB_CORE/modules/dpm.o
                0x0000000008006b80                DPM_SetSpecRev
 .text.DPM_Retries
                0x0000000008006bf0       0x2e ./Drivers/FUSB_CORE/modules/dpm.o
                0x0000000008006bf0                DPM_Retries
 *fill*         0x0000000008006c1e        0x2 
 .text.register_observer
                0x0000000008006c20       0x80 ./Drivers/FUSB_CORE/modules/observer.o
                0x0000000008006c20                register_observer
 .text.notify_observers
                0x0000000008006ca0       0x7c ./Drivers/FUSB_CORE/modules/observer.o
                0x0000000008006ca0                notify_observers
 .text.InitializeTickTimer
                0x0000000008006d1c       0x4a ./Drivers/Platform_ARM/src/Timing.o
                0x0000000008006d1c                InitializeTickTimer
 .text.EnableTickTimer
                0x0000000008006d66       0x3c ./Drivers/Platform_ARM/src/Timing.o
                0x0000000008006d66                EnableTickTimer
 .text.SetTimeInterrupt
                0x0000000008006da2       0x3a ./Drivers/Platform_ARM/src/Timing.o
                0x0000000008006da2                SetTimeInterrupt
 .text.ClearTimeInterrupt
                0x0000000008006ddc       0x1c ./Drivers/Platform_ARM/src/Timing.o
                0x0000000008006ddc                ClearTimeInterrupt
 .text.InitializeTSTimer
                0x0000000008006df8       0x64 ./Drivers/Platform_ARM/src/Timing.o
                0x0000000008006df8                InitializeTSTimer
 .text.HAL_Init
                0x0000000008006e5c       0x2c ./Drivers/STM32F1xx_HAL_Driver/Src/stm32f1xx_hal.o
                0x0000000008006e5c                HAL_Init
 .text.HAL_InitTick
                0x0000000008006e88       0x60 ./Drivers/STM32F1xx_HAL_Driver/Src/stm32f1xx_hal.o
                0x0000000008006e88                HAL_InitTick
 .text.HAL_IncTick
                0x0000000008006ee8       0x24 ./Drivers/STM32F1xx_HAL_Driver/Src/stm32f1xx_hal.o
                0x0000000008006ee8                HAL_IncTick
 .text.HAL_GetTick
                0x0000000008006f0c       0x14 ./Drivers/STM32F1xx_HAL_Driver/Src/stm32f1xx_hal.o
                0x0000000008006f0c                HAL_GetTick
 .text.HAL_Delay
                0x0000000008006f20       0x48 ./Drivers/STM32F1xx_HAL_Driver/Src/stm32f1xx_hal.o
                0x0000000008006f20                HAL_Delay
 .text.__NVIC_SetPriorityGrouping
                0x0000000008006f68       0x48 ./Drivers/STM32F1xx_HAL_Driver/Src/stm32f1xx_hal_cortex.o
 .text.__NVIC_GetPriorityGrouping
                0x0000000008006fb0       0x1c ./Drivers/STM32F1xx_HAL_Driver/Src/stm32f1xx_hal_cortex.o
 .text.__NVIC_EnableIRQ
                0x0000000008006fcc       0x38 ./Drivers/STM32F1xx_HAL_Driver/Src/stm32f1xx_hal_cortex.o
 .text.__NVIC_SetPriority
                0x0000000008007004       0x54 ./Drivers/STM32F1xx_HAL_Driver/Src/stm32f1xx_hal_cortex.o
 .text.NVIC_EncodePriority
                0x0000000008007058       0x64 ./Drivers/STM32F1xx_HAL_Driver/Src/stm32f1xx_hal_cortex.o
 .text.SysTick_Config
                0x00000000080070bc       0x44 ./Drivers/STM32F1xx_HAL_Driver/Src/stm32f1xx_hal_cortex.o
 .text.HAL_NVIC_SetPriorityGrouping
                0x0000000008007100       0x16 ./Drivers/STM32F1xx_HAL_Driver/Src/stm32f1xx_hal_cortex.o
                0x0000000008007100                HAL_NVIC_SetPriorityGrouping
 .text.HAL_NVIC_SetPriority
                0x0000000008007116       0x38 ./Drivers/STM32F1xx_HAL_Driver/Src/stm32f1xx_hal_cortex.o
                0x0000000008007116                HAL_NVIC_SetPriority
 .text.HAL_NVIC_EnableIRQ
                0x000000000800714e       0x1c ./Drivers/STM32F1xx_HAL_Driver/Src/stm32f1xx_hal_cortex.o
                0x000000000800714e                HAL_NVIC_EnableIRQ
 .text.HAL_SYSTICK_Config
                0x000000000800716a       0x18 ./Drivers/STM32F1xx_HAL_Driver/Src/stm32f1xx_hal_cortex.o
                0x000000000800716a                HAL_SYSTICK_Config
 *fill*         0x0000000008007182        0x2 
 .text.HAL_DMA_Init
                0x0000000008007184       0xb4 ./Drivers/STM32F1xx_HAL_Driver/Src/stm32f1xx_hal_dma.o
                0x0000000008007184                HAL_DMA_Init
 .text.HAL_DMA_IRQHandler
                0x0000000008007238      0x20c ./Drivers/STM32F1xx_HAL_Driver/Src/stm32f1xx_hal_dma.o
                0x0000000008007238                HAL_DMA_IRQHandler
 .text.HAL_GPIO_Init
                0x0000000008007444      0x308 ./Drivers/STM32F1xx_HAL_Driver/Src/stm32f1xx_hal_gpio.o
                0x0000000008007444                HAL_GPIO_Init
 .text.HAL_GPIO_WritePin
                0x000000000800774c       0x30 ./Drivers/STM32F1xx_HAL_Driver/Src/stm32f1xx_hal_gpio.o
                0x000000000800774c                HAL_GPIO_WritePin
 .text.HAL_I2C_Init
                0x000000000800777c      0x288 ./Drivers/STM32F1xx_HAL_Driver/Src/stm32f1xx_hal_i2c.o
                0x000000000800777c                HAL_I2C_Init
 .text.HAL_I2C_Master_Transmit
                0x0000000008007a04      0x1fc ./Drivers/STM32F1xx_HAL_Driver/Src/stm32f1xx_hal_i2c.o
                0x0000000008007a04                HAL_I2C_Master_Transmit
 .text.HAL_I2C_Master_Receive
                0x0000000008007c00      0x4c0 ./Drivers/STM32F1xx_HAL_Driver/Src/stm32f1xx_hal_i2c.o
                0x0000000008007c00                HAL_I2C_Master_Receive
 .text.HAL_I2C_Mem_Write
                0x00000000080080c0      0x1f4 ./Drivers/STM32F1xx_HAL_Driver/Src/stm32f1xx_hal_i2c.o
                0x00000000080080c0                HAL_I2C_Mem_Write
 .text.HAL_I2C_Mem_Read
                0x00000000080082b4      0x4d0 ./Drivers/STM32F1xx_HAL_Driver/Src/stm32f1xx_hal_i2c.o
                0x00000000080082b4                HAL_I2C_Mem_Read
 .text.I2C_MasterRequestWrite
                0x0000000008008784      0x104 ./Drivers/STM32F1xx_HAL_Driver/Src/stm32f1xx_hal_i2c.o
 .text.I2C_MasterRequestRead
                0x0000000008008888      0x19c ./Drivers/STM32F1xx_HAL_Driver/Src/stm32f1xx_hal_i2c.o
 .text.I2C_RequestMemoryWrite
                0x0000000008008a24      0x12c ./Drivers/STM32F1xx_HAL_Driver/Src/stm32f1xx_hal_i2c.o
 .text.I2C_RequestMemoryRead
                0x0000000008008b50      0x1d0 ./Drivers/STM32F1xx_HAL_Driver/Src/stm32f1xx_hal_i2c.o
 .text.I2C_WaitOnFlagUntilTimeout
                0x0000000008008d20       0xae ./Drivers/STM32F1xx_HAL_Driver/Src/stm32f1xx_hal_i2c.o
 .text.I2C_WaitOnMasterAddressFlagUntilTimeout
                0x0000000008008dce       0xfe ./Drivers/STM32F1xx_HAL_Driver/Src/stm32f1xx_hal_i2c.o
 .text.I2C_WaitOnTXEFlagUntilTimeout
                0x0000000008008ecc       0x82 ./Drivers/STM32F1xx_HAL_Driver/Src/stm32f1xx_hal_i2c.o
 .text.I2C_WaitOnBTFFlagUntilTimeout
                0x0000000008008f4e       0x82 ./Drivers/STM32F1xx_HAL_Driver/Src/stm32f1xx_hal_i2c.o
 .text.I2C_WaitOnRXNEFlagUntilTimeout
                0x0000000008008fd0       0xac ./Drivers/STM32F1xx_HAL_Driver/Src/stm32f1xx_hal_i2c.o
 .text.I2C_IsAcknowledgeFailed
                0x000000000800907c       0x5c ./Drivers/STM32F1xx_HAL_Driver/Src/stm32f1xx_hal_i2c.o
 .text.HAL_RCC_OscConfig
                0x00000000080090d8      0x500 ./Drivers/STM32F1xx_HAL_Driver/Src/stm32f1xx_hal_rcc.o
                0x00000000080090d8                HAL_RCC_OscConfig
 .text.HAL_RCC_ClockConfig
                0x00000000080095d8      0x1d4 ./Drivers/STM32F1xx_HAL_Driver/Src/stm32f1xx_hal_rcc.o
                0x00000000080095d8                HAL_RCC_ClockConfig
 .text.HAL_RCC_GetSysClockFreq
                0x00000000080097ac       0xc0 ./Drivers/STM32F1xx_HAL_Driver/Src/stm32f1xx_hal_rcc.o
                0x00000000080097ac                HAL_RCC_GetSysClockFreq
 .text.HAL_RCC_GetHCLKFreq
                0x000000000800986c       0x14 ./Drivers/STM32F1xx_HAL_Driver/Src/stm32f1xx_hal_rcc.o
                0x000000000800986c                HAL_RCC_GetHCLKFreq
 .text.HAL_RCC_GetPCLK1Freq
                0x0000000008009880       0x28 ./Drivers/STM32F1xx_HAL_Driver/Src/stm32f1xx_hal_rcc.o
                0x0000000008009880                HAL_RCC_GetPCLK1Freq
 .text.RCC_Delay
                0x00000000080098a8       0x3c ./Drivers/STM32F1xx_HAL_Driver/Src/stm32f1xx_hal_rcc.o
 .text.HAL_TIM_Base_Init
                0x00000000080098e4       0x9e ./Drivers/STM32F1xx_HAL_Driver/Src/stm32f1xx_hal_tim.o
                0x00000000080098e4                HAL_TIM_Base_Init
 .text.HAL_TIM_ConfigClockSource
                0x0000000008009982      0x188 ./Drivers/STM32F1xx_HAL_Driver/Src/stm32f1xx_hal_tim.o
                0x0000000008009982                HAL_TIM_ConfigClockSource
 *fill*         0x0000000008009b0a        0x2 
 .text.TIM_Base_SetConfig
                0x0000000008009b0c       0xc4 ./Drivers/STM32F1xx_HAL_Driver/Src/stm32f1xx_hal_tim.o
                0x0000000008009b0c                TIM_Base_SetConfig
 .text.TIM_TI1_ConfigInputStage
                0x0000000008009bd0       0x5c ./Drivers/STM32F1xx_HAL_Driver/Src/stm32f1xx_hal_tim.o
 .text.TIM_TI2_ConfigInputStage
                0x0000000008009c2c       0x5e ./Drivers/STM32F1xx_HAL_Driver/Src/stm32f1xx_hal_tim.o
 .text.TIM_ITRx_SetConfig
                0x0000000008009c8a       0x34 ./Drivers/STM32F1xx_HAL_Driver/Src/stm32f1xx_hal_tim.o
 .text.TIM_ETR_SetConfig
                0x0000000008009cbe       0x3e ./Drivers/STM32F1xx_HAL_Driver/Src/stm32f1xx_hal_tim.o
                0x0000000008009cbe                TIM_ETR_SetConfig
 .text.HAL_TIMEx_MasterConfigSynchronization
                0x0000000008009cfc       0xbc ./Drivers/STM32F1xx_HAL_Driver/Src/stm32f1xx_hal_tim_ex.o
                0x0000000008009cfc                HAL_TIMEx_MasterConfigSynchronization
 .text.__libc_init_array
                0x0000000008009db8       0x48 /Applications/STM32CubeIDE.app/Contents/Eclipse/plugins/com.st.stm32cube.ide.mcu.externaltools.gnu-tools-for-stm32.9-2020-q2-update.macos64_2.0.0.202105311346/tools/bin/../lib/gcc/arm-none-eabi/9.3.1/../../../../arm-none-eabi/lib/thumb/v7-m/nofp/libc_nano.a(lib_a-init.o)
                0x0000000008009db8                __libc_init_array
 .text.memset   0x0000000008009e00       0x10 /Applications/STM32CubeIDE.app/Contents/Eclipse/plugins/com.st.stm32cube.ide.mcu.externaltools.gnu-tools-for-stm32.9-2020-q2-update.macos64_2.0.0.202105311346/tools/bin/../lib/gcc/arm-none-eabi/9.3.1/../../../../arm-none-eabi/lib/thumb/v7-m/nofp/libc_nano.a(lib_a-memset.o)
                0x0000000008009e00                memset
 *(.glue_7)
 .glue_7        0x0000000008009e10        0x0 linker stubs
 *(.glue_7t)
 .glue_7t       0x0000000008009e10        0x0 linker stubs
 *(.eh_frame)
 .eh_frame      0x0000000008009e10        0x0 /Applications/STM32CubeIDE.app/Contents/Eclipse/plugins/com.st.stm32cube.ide.mcu.externaltools.gnu-tools-for-stm32.9-2020-q2-update.macos64_2.0.0.202105311346/tools/bin/../lib/gcc/arm-none-eabi/9.3.1/thumb/v7-m/nofp/crtbegin.o
 *(.init)
 .init          0x0000000008009e10        0x4 /Applications/STM32CubeIDE.app/Contents/Eclipse/plugins/com.st.stm32cube.ide.mcu.externaltools.gnu-tools-for-stm32.9-2020-q2-update.macos64_2.0.0.202105311346/tools/bin/../lib/gcc/arm-none-eabi/9.3.1/thumb/v7-m/nofp/crti.o
                0x0000000008009e10                _init
 .init          0x0000000008009e14        0x8 /Applications/STM32CubeIDE.app/Contents/Eclipse/plugins/com.st.stm32cube.ide.mcu.externaltools.gnu-tools-for-stm32.9-2020-q2-update.macos64_2.0.0.202105311346/tools/bin/../lib/gcc/arm-none-eabi/9.3.1/thumb/v7-m/nofp/crtn.o
 *(.fini)
 .fini          0x0000000008009e1c        0x4 /Applications/STM32CubeIDE.app/Contents/Eclipse/plugins/com.st.stm32cube.ide.mcu.externaltools.gnu-tools-for-stm32.9-2020-q2-update.macos64_2.0.0.202105311346/tools/bin/../lib/gcc/arm-none-eabi/9.3.1/thumb/v7-m/nofp/crti.o
                0x0000000008009e1c                _fini
 .fini          0x0000000008009e20        0x8 /Applications/STM32CubeIDE.app/Contents/Eclipse/plugins/com.st.stm32cube.ide.mcu.externaltools.gnu-tools-for-stm32.9-2020-q2-update.macos64_2.0.0.202105311346/tools/bin/../lib/gcc/arm-none-eabi/9.3.1/thumb/v7-m/nofp/crtn.o
                0x0000000008009e28                . = ALIGN (0x4)
                0x0000000008009e28                _etext = .

.vfp11_veneer   0x0000000008009e28        0x0
 .vfp11_veneer  0x0000000008009e28        0x0 linker stubs

.v4_bx          0x0000000008009e28        0x0
 .v4_bx         0x0000000008009e28        0x0 linker stubs

.iplt           0x0000000008009e28        0x0
 .iplt          0x0000000008009e28        0x0 /Applications/STM32CubeIDE.app/Contents/Eclipse/plugins/com.st.stm32cube.ide.mcu.externaltools.gnu-tools-for-stm32.9-2020-q2-update.macos64_2.0.0.202105311346/tools/bin/../lib/gcc/arm-none-eabi/9.3.1/thumb/v7-m/nofp/crtbegin.o

.rodata         0x0000000008009e28       0x28
                0x0000000008009e28                . = ALIGN (0x4)
 *(.rodata)
 .rodata        0x0000000008009e28       0x10 ./Drivers/STM32F1xx_HAL_Driver/Src/stm32f1xx_hal_rcc.o
 *(.rodata*)
 .rodata.AHBPrescTable
                0x0000000008009e38       0x10 ./Core/Src/system_stm32f1xx.o
                0x0000000008009e38                AHBPrescTable
 .rodata.APBPrescTable
                0x0000000008009e48        0x8 ./Core/Src/system_stm32f1xx.o
                0x0000000008009e48                APBPrescTable
                0x0000000008009e50                . = ALIGN (0x4)

.rel.dyn        0x0000000008009e50        0x0
 .rel.iplt      0x0000000008009e50        0x0 /Applications/STM32CubeIDE.app/Contents/Eclipse/plugins/com.st.stm32cube.ide.mcu.externaltools.gnu-tools-for-stm32.9-2020-q2-update.macos64_2.0.0.202105311346/tools/bin/../lib/gcc/arm-none-eabi/9.3.1/thumb/v7-m/nofp/crtbegin.o

.ARM.extab      0x0000000008009e50        0x0
                0x0000000008009e50                . = ALIGN (0x4)
 *(.ARM.extab* .gnu.linkonce.armextab.*)
                0x0000000008009e50                . = ALIGN (0x4)

.ARM            0x0000000008009e50        0x0
                0x0000000008009e50                . = ALIGN (0x4)
                0x0000000008009e50                __exidx_start = .
 *(.ARM.exidx*)
                0x0000000008009e50                __exidx_end = .
                0x0000000008009e50                . = ALIGN (0x4)

.preinit_array  0x0000000008009e50        0x0
                0x0000000008009e50                . = ALIGN (0x4)
                0x0000000008009e50                PROVIDE (__preinit_array_start = .)
 *(.preinit_array*)
                0x0000000008009e50                PROVIDE (__preinit_array_end = .)
                0x0000000008009e50                . = ALIGN (0x4)

.init_array     0x0000000008009e50        0x4
                0x0000000008009e50                . = ALIGN (0x4)
                0x0000000008009e50                PROVIDE (__init_array_start = .)
 *(SORT_BY_NAME(.init_array.*))
 *(.init_array*)
 .init_array    0x0000000008009e50        0x4 /Applications/STM32CubeIDE.app/Contents/Eclipse/plugins/com.st.stm32cube.ide.mcu.externaltools.gnu-tools-for-stm32.9-2020-q2-update.macos64_2.0.0.202105311346/tools/bin/../lib/gcc/arm-none-eabi/9.3.1/thumb/v7-m/nofp/crtbegin.o
                0x0000000008009e54                PROVIDE (__init_array_end = .)
                0x0000000008009e54                . = ALIGN (0x4)

.fini_array     0x0000000008009e54        0x4
                0x0000000008009e54                . = ALIGN (0x4)
                [!provide]                        PROVIDE (__fini_array_start = .)
 *(SORT_BY_NAME(.fini_array.*))
 *(.fini_array*)
 .fini_array    0x0000000008009e54        0x4 /Applications/STM32CubeIDE.app/Contents/Eclipse/plugins/com.st.stm32cube.ide.mcu.externaltools.gnu-tools-for-stm32.9-2020-q2-update.macos64_2.0.0.202105311346/tools/bin/../lib/gcc/arm-none-eabi/9.3.1/thumb/v7-m/nofp/crtbegin.o
                [!provide]                        PROVIDE (__fini_array_end = .)
                0x0000000008009e58                . = ALIGN (0x4)
                0x0000000008009e58                _sidata = LOADADDR (.data)

.data           0x0000000020000000       0x14 load address 0x0000000008009e58
                0x0000000020000000                . = ALIGN (0x4)
                0x0000000020000000                _sdata = .
 *(.data)
 *(.data*)
 .data.SystemCoreClock
                0x0000000020000000        0x4 ./Core/Src/system_stm32f1xx.o
                0x0000000020000000                SystemCoreClock
 .data.gCountry_codes
                0x0000000020000004        0x6 ./Drivers/FUSB_CORE/vendor_info.o
                0x0000000020000004                gCountry_codes
 *fill*         0x000000002000000a        0x2 
 .data.uwTickPrio
                0x000000002000000c        0x4 ./Drivers/STM32F1xx_HAL_Driver/Src/stm32f1xx_hal.o
                0x000000002000000c                uwTickPrio
 .data.uwTickFreq
                0x0000000020000010        0x1 ./Drivers/STM32F1xx_HAL_Driver/Src/stm32f1xx_hal.o
                0x0000000020000010                uwTickFreq
 *(.RamFunc)
 *(.RamFunc*)
                0x0000000020000014                . = ALIGN (0x4)
 *fill*         0x0000000020000011        0x3 
                0x0000000020000014                _edata = .

.igot.plt       0x0000000020000014        0x0 load address 0x0000000008009e6c
 .igot.plt      0x0000000020000014        0x0 /Applications/STM32CubeIDE.app/Contents/Eclipse/plugins/com.st.stm32cube.ide.mcu.externaltools.gnu-tools-for-stm32.9-2020-q2-update.macos64_2.0.0.202105311346/tools/bin/../lib/gcc/arm-none-eabi/9.3.1/thumb/v7-m/nofp/crtbegin.o
                0x0000000020000014                . = ALIGN (0x4)

.bss            0x0000000020000014      0x664 load address 0x0000000008009e6c
                0x0000000020000014                _sbss = .
                0x0000000020000014                __bss_start__ = _sbss
 *(.bss)
 .bss           0x0000000020000014       0x1c /Applications/STM32CubeIDE.app/Contents/Eclipse/plugins/com.st.stm32cube.ide.mcu.externaltools.gnu-tools-for-stm32.9-2020-q2-update.macos64_2.0.0.202105311346/tools/bin/../lib/gcc/arm-none-eabi/9.3.1/thumb/v7-m/nofp/crtbegin.o
 *(.bss*)
 .bss.haveINTReady
                0x0000000020000030        0x1 ./Core/Src/main.o
                0x0000000020000030                haveINTReady
 *fill*         0x0000000020000031        0x3 
 .bss.dpm       0x0000000020000034        0x4 ./Core/Src/main.o
 .bss.ports     0x0000000020000038      0x404 ./Core/Src/main.o
 .bss.devicePolicyMgr
                0x000000002000043c        0x8 ./Drivers/FUSB_CORE/modules/dpm.o
 .bss.observers
                0x0000000020000444       0x7c ./Drivers/FUSB_CORE/modules/observer.o
 *(COMMON)
 COMMON         0x00000000200004c0      0x1b4 ./Core/Src/main.o
                0x00000000200004c0                hdma_i2c1_tx
                0x0000000020000504                hi2c1
                0x0000000020000558                htim3
                0x00000000200005a0                htim1
                0x00000000200005e8                hdma_i2c1_rx
                0x000000002000062c                htim2
 COMMON         0x0000000020000674        0x4 ./Drivers/STM32F1xx_HAL_Driver/Src/stm32f1xx_hal.o
                0x0000000020000674                uwTick
                0x0000000020000678                . = ALIGN (0x4)
                0x0000000020000678                _ebss = .
                0x0000000020000678                __bss_end__ = _ebss

._user_heap_stack
                0x0000000020000678      0x600 load address 0x0000000008009e6c
                0x0000000020000678                . = ALIGN (0x8)
                [!provide]                        PROVIDE (end = .)
                0x0000000020000678                PROVIDE (_end = .)
                0x0000000020000878                . = (. + _Min_Heap_Size)
 *fill*         0x0000000020000678      0x200 
                0x0000000020000c78                . = (. + _Min_Stack_Size)
 *fill*         0x0000000020000878      0x400 
                0x0000000020000c78                . = ALIGN (0x8)

/DISCARD/
 libc.a(*)
 libm.a(*)
 libgcc.a(*)

.ARM.attributes
                0x0000000000000000       0x29
 *(.ARM.attributes)
 .ARM.attributes
                0x0000000000000000       0x1d /Applications/STM32CubeIDE.app/Contents/Eclipse/plugins/com.st.stm32cube.ide.mcu.externaltools.gnu-tools-for-stm32.9-2020-q2-update.macos64_2.0.0.202105311346/tools/bin/../lib/gcc/arm-none-eabi/9.3.1/thumb/v7-m/nofp/crti.o
 .ARM.attributes
                0x000000000000001d       0x2d /Applications/STM32CubeIDE.app/Contents/Eclipse/plugins/com.st.stm32cube.ide.mcu.externaltools.gnu-tools-for-stm32.9-2020-q2-update.macos64_2.0.0.202105311346/tools/bin/../lib/gcc/arm-none-eabi/9.3.1/thumb/v7-m/nofp/crtbegin.o
 .ARM.attributes
                0x000000000000004a       0x2d ./Core/Src/main.o
 .ARM.attributes
                0x0000000000000077       0x2d ./Core/Src/platform.o
 .ARM.attributes
                0x00000000000000a4       0x2d ./Core/Src/stm32f1xx_hal_msp.o
 .ARM.attributes
                0x00000000000000d1       0x2d ./Core/Src/stm32f1xx_it.o
 .ARM.attributes
                0x00000000000000fe       0x2d ./Core/Src/system_stm32f1xx.o
 .ARM.attributes
                0x000000000000012b       0x21 ./Core/Startup/startup_stm32f103c8tx.o
 .ARM.attributes
                0x000000000000014c       0x2d ./Drivers/FUSB_CORE/PDPolicy.o
 .ARM.attributes
                0x0000000000000179       0x2d ./Drivers/FUSB_CORE/PDProtocol.o
 .ARM.attributes
                0x00000000000001a6       0x2d ./Drivers/FUSB_CORE/Port.o
 .ARM.attributes
                0x00000000000001d3       0x2d ./Drivers/FUSB_CORE/TypeC.o
 .ARM.attributes
                0x0000000000000200       0x2d ./Drivers/FUSB_CORE/core.o
 .ARM.attributes
                0x000000000000022d       0x2d ./Drivers/FUSB_CORE/fusb30X.o
 .ARM.attributes
                0x000000000000025a       0x2d ./Drivers/FUSB_CORE/timer.o
 .ARM.attributes
                0x0000000000000287       0x2d ./Drivers/FUSB_CORE/vendor_info.o
 .ARM.attributes
                0x00000000000002b4       0x2d ./Drivers/FUSB_CORE/modules/dpm.o
 .ARM.attributes
                0x00000000000002e1       0x2d ./Drivers/FUSB_CORE/modules/observer.o
 .ARM.attributes
                0x000000000000030e       0x2d ./Drivers/Platform_ARM/src/Timing.o
 .ARM.attributes
                0x000000000000033b       0x2d ./Drivers/STM32F1xx_HAL_Driver/Src/stm32f1xx_hal.o
 .ARM.attributes
                0x0000000000000368       0x2d ./Drivers/STM32F1xx_HAL_Driver/Src/stm32f1xx_hal_cortex.o
 .ARM.attributes
                0x0000000000000395       0x2d ./Drivers/STM32F1xx_HAL_Driver/Src/stm32f1xx_hal_dma.o
 .ARM.attributes
                0x00000000000003c2       0x2d ./Drivers/STM32F1xx_HAL_Driver/Src/stm32f1xx_hal_gpio.o
 .ARM.attributes
                0x00000000000003ef       0x2d ./Drivers/STM32F1xx_HAL_Driver/Src/stm32f1xx_hal_i2c.o
 .ARM.attributes
                0x000000000000041c       0x2d ./Drivers/STM32F1xx_HAL_Driver/Src/stm32f1xx_hal_rcc.o
 .ARM.attributes
                0x0000000000000449       0x2d ./Drivers/STM32F1xx_HAL_Driver/Src/stm32f1xx_hal_tim.o
 .ARM.attributes
                0x0000000000000476       0x2d ./Drivers/STM32F1xx_HAL_Driver/Src/stm32f1xx_hal_tim_ex.o
 .ARM.attributes
                0x00000000000004a3       0x2d /Applications/STM32CubeIDE.app/Contents/Eclipse/plugins/com.st.stm32cube.ide.mcu.externaltools.gnu-tools-for-stm32.9-2020-q2-update.macos64_2.0.0.202105311346/tools/bin/../lib/gcc/arm-none-eabi/9.3.1/../../../../arm-none-eabi/lib/thumb/v7-m/nofp/libc_nano.a(lib_a-init.o)
 .ARM.attributes
                0x00000000000004d0       0x2d /Applications/STM32CubeIDE.app/Contents/Eclipse/plugins/com.st.stm32cube.ide.mcu.externaltools.gnu-tools-for-stm32.9-2020-q2-update.macos64_2.0.0.202105311346/tools/bin/../lib/gcc/arm-none-eabi/9.3.1/../../../../arm-none-eabi/lib/thumb/v7-m/nofp/libc_nano.a(lib_a-memset.o)
 .ARM.attributes
                0x00000000000004fd       0x1d /Applications/STM32CubeIDE.app/Contents/Eclipse/plugins/com.st.stm32cube.ide.mcu.externaltools.gnu-tools-for-stm32.9-2020-q2-update.macos64_2.0.0.202105311346/tools/bin/../lib/gcc/arm-none-eabi/9.3.1/thumb/v7-m/nofp/crtn.o
OUTPUT(usbpd_fusb302.elf elf32-littlearm)
LOAD linker stubs
LOAD /Applications/STM32CubeIDE.app/Contents/Eclipse/plugins/com.st.stm32cube.ide.mcu.externaltools.gnu-tools-for-stm32.9-2020-q2-update.macos64_2.0.0.202105311346/tools/bin/../lib/gcc/arm-none-eabi/9.3.1/../../../../arm-none-eabi/lib/thumb/v7-m/nofp/libc.a
LOAD /Applications/STM32CubeIDE.app/Contents/Eclipse/plugins/com.st.stm32cube.ide.mcu.externaltools.gnu-tools-for-stm32.9-2020-q2-update.macos64_2.0.0.202105311346/tools/bin/../lib/gcc/arm-none-eabi/9.3.1/../../../../arm-none-eabi/lib/thumb/v7-m/nofp/libm.a
LOAD /Applications/STM32CubeIDE.app/Contents/Eclipse/plugins/com.st.stm32cube.ide.mcu.externaltools.gnu-tools-for-stm32.9-2020-q2-update.macos64_2.0.0.202105311346/tools/bin/../lib/gcc/arm-none-eabi/9.3.1/thumb/v7-m/nofp/libgcc.a

.debug_info     0x0000000000000000    0x1db25
 .debug_info    0x0000000000000000     0x31fe ./Core/Src/main.o
 .debug_info    0x00000000000031fe      0xc92 ./Core/Src/platform.o
 .debug_info    0x0000000000003e90      0xd78 ./Core/Src/stm32f1xx_hal_msp.o
 .debug_info    0x0000000000004c08      0x488 ./Core/Src/stm32f1xx_it.o
 .debug_info    0x0000000000005090      0x2be ./Core/Src/system_stm32f1xx.o
 .debug_info    0x000000000000534e       0x22 ./Core/Startup/startup_stm32f103c8tx.o
 .debug_info    0x0000000000005370     0x2cdb ./Drivers/FUSB_CORE/PDPolicy.o
 .debug_info    0x000000000000804b     0x246a ./Drivers/FUSB_CORE/PDProtocol.o
 .debug_info    0x000000000000a4b5     0x22bc ./Drivers/FUSB_CORE/Port.o
 .debug_info    0x000000000000c771     0x2741 ./Drivers/FUSB_CORE/TypeC.o
 .debug_info    0x000000000000eeb2     0x23c3 ./Drivers/FUSB_CORE/core.o
 .debug_info    0x0000000000011275      0x142 ./Drivers/FUSB_CORE/fusb30X.o
 .debug_info    0x00000000000113b7      0x1f2 ./Drivers/FUSB_CORE/timer.o
 .debug_info    0x00000000000115a9      0x827 ./Drivers/FUSB_CORE/vendor_info.o
 .debug_info    0x0000000000011dd0     0x248a ./Drivers/FUSB_CORE/modules/dpm.o
 .debug_info    0x000000000001425a      0x24e ./Drivers/FUSB_CORE/modules/observer.o
 .debug_info    0x00000000000144a8      0x4e2 ./Drivers/Platform_ARM/src/Timing.o
 .debug_info    0x000000000001498a      0x76a ./Drivers/STM32F1xx_HAL_Driver/Src/stm32f1xx_hal.o
 .debug_info    0x00000000000150f4      0xbdc ./Drivers/STM32F1xx_HAL_Driver/Src/stm32f1xx_hal_cortex.o
 .debug_info    0x0000000000015cd0      0x81e ./Drivers/STM32F1xx_HAL_Driver/Src/stm32f1xx_hal_dma.o
 .debug_info    0x00000000000164ee      0x701 ./Drivers/STM32F1xx_HAL_Driver/Src/stm32f1xx_hal_gpio.o
 .debug_info    0x0000000000016bef     0x278e ./Drivers/STM32F1xx_HAL_Driver/Src/stm32f1xx_hal_i2c.o
 .debug_info    0x000000000001937d      0x88e ./Drivers/STM32F1xx_HAL_Driver/Src/stm32f1xx_hal_rcc.o
 .debug_info    0x0000000000019c0b     0x2a45 ./Drivers/STM32F1xx_HAL_Driver/Src/stm32f1xx_hal_tim.o
 .debug_info    0x000000000001c650     0x14d5 ./Drivers/STM32F1xx_HAL_Driver/Src/stm32f1xx_hal_tim_ex.o

.debug_abbrev   0x0000000000000000     0x35c6
 .debug_abbrev  0x0000000000000000      0x3e8 ./Core/Src/main.o
 .debug_abbrev  0x00000000000003e8      0x299 ./Core/Src/platform.o
 .debug_abbrev  0x0000000000000681      0x1db ./Core/Src/stm32f1xx_hal_msp.o
 .debug_abbrev  0x000000000000085c      0x163 ./Core/Src/stm32f1xx_it.o
 .debug_abbrev  0x00000000000009bf      0x14e ./Core/Src/system_stm32f1xx.o
 .debug_abbrev  0x0000000000000b0d       0x12 ./Core/Startup/startup_stm32f103c8tx.o
 .debug_abbrev  0x0000000000000b1f      0x35e ./Drivers/FUSB_CORE/PDPolicy.o
 .debug_abbrev  0x0000000000000e7d      0x30a ./Drivers/FUSB_CORE/PDProtocol.o
 .debug_abbrev  0x0000000000001187      0x2f6 ./Drivers/FUSB_CORE/Port.o
 .debug_abbrev  0x000000000000147d      0x312 ./Drivers/FUSB_CORE/TypeC.o
 .debug_abbrev  0x000000000000178f      0x2c1 ./Drivers/FUSB_CORE/core.o
 .debug_abbrev  0x0000000000001a50       0xa3 ./Drivers/FUSB_CORE/fusb30X.o
 .debug_abbrev  0x0000000000001af3      0x13b ./Drivers/FUSB_CORE/timer.o
 .debug_abbrev  0x0000000000001c2e      0x1b5 ./Drivers/FUSB_CORE/vendor_info.o
 .debug_abbrev  0x0000000000001de3      0x28f ./Drivers/FUSB_CORE/modules/dpm.o
 .debug_abbrev  0x0000000000002072      0x128 ./Drivers/FUSB_CORE/modules/observer.o
 .debug_abbrev  0x000000000000219a      0x15d ./Drivers/Platform_ARM/src/Timing.o
 .debug_abbrev  0x00000000000022f7      0x1ed ./Drivers/STM32F1xx_HAL_Driver/Src/stm32f1xx_hal.o
 .debug_abbrev  0x00000000000024e4      0x313 ./Drivers/STM32F1xx_HAL_Driver/Src/stm32f1xx_hal_cortex.o
 .debug_abbrev  0x00000000000027f7      0x228 ./Drivers/STM32F1xx_HAL_Driver/Src/stm32f1xx_hal_dma.o
 .debug_abbrev  0x0000000000002a1f      0x1e8 ./Drivers/STM32F1xx_HAL_Driver/Src/stm32f1xx_hal_gpio.o
 .debug_abbrev  0x0000000000002c07      0x288 ./Drivers/STM32F1xx_HAL_Driver/Src/stm32f1xx_hal_i2c.o
 .debug_abbrev  0x0000000000002e8f      0x273 ./Drivers/STM32F1xx_HAL_Driver/Src/stm32f1xx_hal_rcc.o
 .debug_abbrev  0x0000000000003102      0x25e ./Drivers/STM32F1xx_HAL_Driver/Src/stm32f1xx_hal_tim.o
 .debug_abbrev  0x0000000000003360      0x266 ./Drivers/STM32F1xx_HAL_Driver/Src/stm32f1xx_hal_tim_ex.o

.debug_aranges  0x0000000000000000     0x12f8
 .debug_aranges
                0x0000000000000000       0x80 ./Core/Src/main.o
 .debug_aranges
                0x0000000000000080       0x88 ./Core/Src/platform.o
 .debug_aranges
                0x0000000000000108       0x40 ./Core/Src/stm32f1xx_hal_msp.o
 .debug_aranges
                0x0000000000000148       0x70 ./Core/Src/stm32f1xx_it.o
 .debug_aranges
                0x00000000000001b8       0x28 ./Core/Src/system_stm32f1xx.o
 .debug_aranges
                0x00000000000001e0       0x28 ./Core/Startup/startup_stm32f103c8tx.o
 .debug_aranges
                0x0000000000000208      0x188 ./Drivers/FUSB_CORE/PDPolicy.o
 .debug_aranges
                0x0000000000000390       0x98 ./Drivers/FUSB_CORE/PDProtocol.o
 .debug_aranges
                0x0000000000000428       0x60 ./Drivers/FUSB_CORE/Port.o
 .debug_aranges
                0x0000000000000488      0x120 ./Drivers/FUSB_CORE/TypeC.o
 .debug_aranges
                0x00000000000005a8       0xb0 ./Drivers/FUSB_CORE/core.o
 .debug_aranges
                0x0000000000000658       0x28 ./Drivers/FUSB_CORE/fusb30X.o
 .debug_aranges
                0x0000000000000680       0x48 ./Drivers/FUSB_CORE/timer.o
 .debug_aranges
                0x00000000000006c8       0x28 ./Drivers/FUSB_CORE/vendor_info.o
 .debug_aranges
                0x00000000000006f0       0x70 ./Drivers/FUSB_CORE/modules/dpm.o
 .debug_aranges
                0x0000000000000760       0x30 ./Drivers/FUSB_CORE/modules/observer.o
 .debug_aranges
                0x0000000000000790       0x48 ./Drivers/Platform_ARM/src/Timing.o
 .debug_aranges
                0x00000000000007d8       0xe0 ./Drivers/STM32F1xx_HAL_Driver/Src/stm32f1xx_hal.o
 .debug_aranges
                0x00000000000008b8      0x100 ./Drivers/STM32F1xx_HAL_Driver/Src/stm32f1xx_hal_cortex.o
 .debug_aranges
                0x00000000000009b8       0x80 ./Drivers/STM32F1xx_HAL_Driver/Src/stm32f1xx_hal_dma.o
 .debug_aranges
                0x0000000000000a38       0x58 ./Drivers/STM32F1xx_HAL_Driver/Src/stm32f1xx_hal_gpio.o
 .debug_aranges
                0x0000000000000a90      0x2a0 ./Drivers/STM32F1xx_HAL_Driver/Src/stm32f1xx_hal_i2c.o
 .debug_aranges
                0x0000000000000d30       0x90 ./Drivers/STM32F1xx_HAL_Driver/Src/stm32f1xx_hal_rcc.o
 .debug_aranges
                0x0000000000000dc0      0x3d0 ./Drivers/STM32F1xx_HAL_Driver/Src/stm32f1xx_hal_tim.o
 .debug_aranges
                0x0000000000001190      0x168 ./Drivers/STM32F1xx_HAL_Driver/Src/stm32f1xx_hal_tim_ex.o

.debug_ranges   0x0000000000000000     0x11e0
 .debug_ranges  0x0000000000000000       0x88 ./Core/Src/main.o
 .debug_ranges  0x0000000000000088       0x78 ./Core/Src/platform.o
 .debug_ranges  0x0000000000000100       0x30 ./Core/Src/stm32f1xx_hal_msp.o
 .debug_ranges  0x0000000000000130       0x60 ./Core/Src/stm32f1xx_it.o
 .debug_ranges  0x0000000000000190       0x18 ./Core/Src/system_stm32f1xx.o
 .debug_ranges  0x00000000000001a8       0x20 ./Core/Startup/startup_stm32f103c8tx.o
 .debug_ranges  0x00000000000001c8      0x178 ./Drivers/FUSB_CORE/PDPolicy.o
 .debug_ranges  0x0000000000000340       0xa0 ./Drivers/FUSB_CORE/PDProtocol.o
 .debug_ranges  0x00000000000003e0       0x50 ./Drivers/FUSB_CORE/Port.o
 .debug_ranges  0x0000000000000430      0x128 ./Drivers/FUSB_CORE/TypeC.o
 .debug_ranges  0x0000000000000558       0xa0 ./Drivers/FUSB_CORE/core.o
 .debug_ranges  0x00000000000005f8       0x18 ./Drivers/FUSB_CORE/fusb30X.o
 .debug_ranges  0x0000000000000610       0x38 ./Drivers/FUSB_CORE/timer.o
 .debug_ranges  0x0000000000000648       0x18 ./Drivers/FUSB_CORE/vendor_info.o
 .debug_ranges  0x0000000000000660       0x60 ./Drivers/FUSB_CORE/modules/dpm.o
 .debug_ranges  0x00000000000006c0       0x20 ./Drivers/FUSB_CORE/modules/observer.o
 .debug_ranges  0x00000000000006e0       0x38 ./Drivers/Platform_ARM/src/Timing.o
 .debug_ranges  0x0000000000000718       0xd0 ./Drivers/STM32F1xx_HAL_Driver/Src/stm32f1xx_hal.o
 .debug_ranges  0x00000000000007e8       0xf0 ./Drivers/STM32F1xx_HAL_Driver/Src/stm32f1xx_hal_cortex.o
 .debug_ranges  0x00000000000008d8       0x70 ./Drivers/STM32F1xx_HAL_Driver/Src/stm32f1xx_hal_dma.o
 .debug_ranges  0x0000000000000948       0x48 ./Drivers/STM32F1xx_HAL_Driver/Src/stm32f1xx_hal_gpio.o
 .debug_ranges  0x0000000000000990      0x2b8 ./Drivers/STM32F1xx_HAL_Driver/Src/stm32f1xx_hal_i2c.o
 .debug_ranges  0x0000000000000c48       0x80 ./Drivers/STM32F1xx_HAL_Driver/Src/stm32f1xx_hal_rcc.o
 .debug_ranges  0x0000000000000cc8      0x3c0 ./Drivers/STM32F1xx_HAL_Driver/Src/stm32f1xx_hal_tim.o
 .debug_ranges  0x0000000000001088      0x158 ./Drivers/STM32F1xx_HAL_Driver/Src/stm32f1xx_hal_tim_ex.o

.debug_macro    0x0000000000000000    0x18e26
 .debug_macro   0x0000000000000000      0x2e0 ./Core/Src/main.o
 .debug_macro   0x00000000000002e0      0xacc ./Core/Src/main.o
 .debug_macro   0x0000000000000dac      0x221 ./Core/Src/main.o
 .debug_macro   0x0000000000000fcd       0x2e ./Core/Src/main.o
 .debug_macro   0x0000000000000ffb       0x22 ./Core/Src/main.o
 .debug_macro   0x000000000000101d       0x22 ./Core/Src/main.o
 .debug_macro   0x000000000000103f       0x8e ./Core/Src/main.o
 .debug_macro   0x00000000000010cd       0x51 ./Core/Src/main.o
 .debug_macro   0x000000000000111e      0x103 ./Core/Src/main.o
 .debug_macro   0x0000000000001221       0x6a ./Core/Src/main.o
 .debug_macro   0x000000000000128b      0x1df ./Core/Src/main.o
 .debug_macro   0x000000000000146a       0x1c ./Core/Src/main.o
 .debug_macro   0x0000000000001486       0x22 ./Core/Src/main.o
 .debug_macro   0x00000000000014a8       0xc3 ./Core/Src/main.o
 .debug_macro   0x000000000000156b      0xd23 ./Core/Src/main.o
 .debug_macro   0x000000000000228e     0xe09e ./Core/Src/main.o
 .debug_macro   0x000000000001032c       0x6d ./Core/Src/main.o
 .debug_macro   0x0000000000010399     0x3468 ./Core/Src/main.o
 .debug_macro   0x0000000000013801      0x174 ./Core/Src/main.o
 .debug_macro   0x0000000000013975       0x5c ./Core/Src/main.o
 .debug_macro   0x00000000000139d1      0x5be ./Core/Src/main.o
 .debug_macro   0x0000000000013f8f      0x289 ./Core/Src/main.o
 .debug_macro   0x0000000000014218      0x1cb ./Core/Src/main.o
 .debug_macro   0x00000000000143e3      0x114 ./Core/Src/main.o
 .debug_macro   0x00000000000144f7      0x1b2 ./Core/Src/main.o
 .debug_macro   0x00000000000146a9       0x27 ./Core/Src/main.o
 .debug_macro   0x00000000000146d0      0x136 ./Core/Src/main.o
 .debug_macro   0x0000000000014806      0x1bc ./Core/Src/main.o
 .debug_macro   0x00000000000149c2       0x34 ./Core/Src/main.o
 .debug_macro   0x00000000000149f6       0x3c ./Core/Src/main.o
 .debug_macro   0x0000000000014a32       0x57 ./Core/Src/main.o
 .debug_macro   0x0000000000014a89       0x88 ./Core/Src/main.o
 .debug_macro   0x0000000000014b11      0x241 ./Core/Src/main.o
 .debug_macro   0x0000000000014d52      0x287 ./Core/Src/main.o
 .debug_macro   0x0000000000014fd9      0x141 ./Core/Src/main.o
 .debug_macro   0x000000000001511a      0x8d1 ./Core/Src/main.o
 .debug_macro   0x00000000000159eb       0x5f ./Core/Src/main.o
 .debug_macro   0x0000000000015a4a      0x249 ./Core/Src/main.o
 .debug_macro   0x0000000000015c93       0x83 ./Core/Src/main.o
 .debug_macro   0x0000000000015d16       0x28 ./Core/Src/main.o
 .debug_macro   0x0000000000015d3e       0x10 ./Core/Src/main.o
 .debug_macro   0x0000000000015d4e      0x20d ./Core/Src/main.o
 .debug_macro   0x0000000000015f5b      0x281 ./Core/Src/main.o
 .debug_macro   0x00000000000161dc       0x10 ./Core/Src/main.o
 .debug_macro   0x00000000000161ec       0x10 ./Core/Src/main.o
 .debug_macro   0x00000000000161fc       0xae ./Core/Src/main.o
 .debug_macro   0x00000000000162aa      0x22b ./Core/Src/platform.o
 .debug_macro   0x00000000000164d5       0xa5 ./Core/Src/platform.o
 .debug_macro   0x000000000001657a      0x1db ./Core/Src/stm32f1xx_hal_msp.o
 .debug_macro   0x0000000000016755      0x1e5 ./Core/Src/stm32f1xx_it.o
 .debug_macro   0x000000000001693a      0x1d1 ./Core/Src/system_stm32f1xx.o
 .debug_macro   0x0000000000016b0b       0xe4 ./Drivers/FUSB_CORE/PDPolicy.o
 .debug_macro   0x0000000000016bef       0x5e ./Drivers/FUSB_CORE/PDPolicy.o
 .debug_macro   0x0000000000016c4d       0x70 ./Drivers/FUSB_CORE/PDPolicy.o
 .debug_macro   0x0000000000016cbd      0x4f3 ./Drivers/FUSB_CORE/PDPolicy.o
 .debug_macro   0x00000000000171b0       0xbc ./Drivers/FUSB_CORE/PDProtocol.o
 .debug_macro   0x000000000001726c       0xdc ./Drivers/FUSB_CORE/Port.o
 .debug_macro   0x0000000000017348       0xe4 ./Drivers/FUSB_CORE/TypeC.o
 .debug_macro   0x000000000001742c       0x58 ./Drivers/FUSB_CORE/TypeC.o
 .debug_macro   0x0000000000017484       0x6a ./Drivers/FUSB_CORE/TypeC.o
 .debug_macro   0x00000000000174ee       0xdf ./Drivers/FUSB_CORE/core.o
 .debug_macro   0x00000000000175cd       0x1c ./Drivers/FUSB_CORE/core.o
 .debug_macro   0x00000000000175e9       0x38 ./Drivers/FUSB_CORE/fusb30X.o
 .debug_macro   0x0000000000017621      0x207 ./Drivers/FUSB_CORE/fusb30X.o
 .debug_macro   0x0000000000017828       0x39 ./Drivers/FUSB_CORE/timer.o
 .debug_macro   0x0000000000017861       0x5a ./Drivers/FUSB_CORE/vendor_info.o
 .debug_macro   0x00000000000178bb      0x27b ./Drivers/FUSB_CORE/vendor_info.o
 .debug_macro   0x0000000000017b36       0xcf ./Drivers/FUSB_CORE/modules/dpm.o
 .debug_macro   0x0000000000017c05       0x39 ./Drivers/FUSB_CORE/modules/observer.o
 .debug_macro   0x0000000000017c3e      0x277 ./Drivers/Platform_ARM/src/Timing.o
 .debug_macro   0x0000000000017eb5      0x1f5 ./Drivers/STM32F1xx_HAL_Driver/Src/stm32f1xx_hal.o
 .debug_macro   0x00000000000180aa      0x1d1 ./Drivers/STM32F1xx_HAL_Driver/Src/stm32f1xx_hal_cortex.o
 .debug_macro   0x000000000001827b      0x1d1 ./Drivers/STM32F1xx_HAL_Driver/Src/stm32f1xx_hal_dma.o
 .debug_macro   0x000000000001844c      0x23c ./Drivers/STM32F1xx_HAL_Driver/Src/stm32f1xx_hal_gpio.o
 .debug_macro   0x0000000000018688      0x218 ./Drivers/STM32F1xx_HAL_Driver/Src/stm32f1xx_hal_i2c.o
 .debug_macro   0x00000000000188a0      0x1e3 ./Drivers/STM32F1xx_HAL_Driver/Src/stm32f1xx_hal_rcc.o
 .debug_macro   0x0000000000018a83      0x1d2 ./Drivers/STM32F1xx_HAL_Driver/Src/stm32f1xx_hal_tim.o
 .debug_macro   0x0000000000018c55      0x1d1 ./Drivers/STM32F1xx_HAL_Driver/Src/stm32f1xx_hal_tim_ex.o

.debug_line     0x0000000000000000    0x138c5
 .debug_line    0x0000000000000000      0xc25 ./Core/Src/main.o
 .debug_line    0x0000000000000c25      0x91a ./Core/Src/platform.o
 .debug_line    0x000000000000153f      0x827 ./Core/Src/stm32f1xx_hal_msp.o
 .debug_line    0x0000000000001d66      0x810 ./Core/Src/stm32f1xx_it.o
 .debug_line    0x0000000000002576      0x79c ./Core/Src/system_stm32f1xx.o
 .debug_line    0x0000000000002d12       0x87 ./Core/Startup/startup_stm32f103c8tx.o
 .debug_line    0x0000000000002d99     0x1782 ./Drivers/FUSB_CORE/PDPolicy.o
 .debug_line    0x000000000000451b      0xa9a ./Drivers/FUSB_CORE/PDProtocol.o
 .debug_line    0x0000000000004fb5      0x43f ./Drivers/FUSB_CORE/Port.o
 .debug_line    0x00000000000053f4      0xaf4 ./Drivers/FUSB_CORE/TypeC.o
 .debug_line    0x0000000000005ee8      0x457 ./Drivers/FUSB_CORE/core.o
 .debug_line    0x000000000000633f       0xb2 ./Drivers/FUSB_CORE/fusb30X.o
 .debug_line    0x00000000000063f1      0x178 ./Drivers/FUSB_CORE/timer.o
 .debug_line    0x0000000000006569      0x170 ./Drivers/FUSB_CORE/vendor_info.o
 .debug_line    0x00000000000066d9      0x38e ./Drivers/FUSB_CORE/modules/dpm.o
 .debug_line    0x0000000000006a67      0x172 ./Drivers/FUSB_CORE/modules/observer.o
 .debug_line    0x0000000000006bd9      0xa04 ./Drivers/Platform_ARM/src/Timing.o
 .debug_line    0x00000000000075dd      0x9c9 ./Drivers/STM32F1xx_HAL_Driver/Src/stm32f1xx_hal.o
 .debug_line    0x0000000000007fa6      0xbb1 ./Drivers/STM32F1xx_HAL_Driver/Src/stm32f1xx_hal_cortex.o
 .debug_line    0x0000000000008b57      0xe21 ./Drivers/STM32F1xx_HAL_Driver/Src/stm32f1xx_hal_dma.o
 .debug_line    0x0000000000009978      0xa60 ./Drivers/STM32F1xx_HAL_Driver/Src/stm32f1xx_hal_gpio.o
 .debug_line    0x000000000000a3d8     0x3ab3 ./Drivers/STM32F1xx_HAL_Driver/Src/stm32f1xx_hal_i2c.o
 .debug_line    0x000000000000de8b      0xdd7 ./Drivers/STM32F1xx_HAL_Driver/Src/stm32f1xx_hal_rcc.o
 .debug_line    0x000000000000ec62     0x3372 ./Drivers/STM32F1xx_HAL_Driver/Src/stm32f1xx_hal_tim.o
 .debug_line    0x0000000000011fd4     0x18f1 ./Drivers/STM32F1xx_HAL_Driver/Src/stm32f1xx_hal_tim_ex.o

.debug_str      0x0000000000000000    0x8f5a2
 .debug_str     0x0000000000000000    0x8964b ./Core/Src/main.o
                                      0x89ca1 (size before relaxing)
 .debug_str     0x000000000008964b      0x2fa ./Core/Src/platform.o
                                      0x8630d (size before relaxing)
 .debug_str     0x0000000000089945       0xdd ./Core/Src/stm32f1xx_hal_msp.o
                                      0x86359 (size before relaxing)
 .debug_str     0x0000000000089a22       0xef ./Core/Src/stm32f1xx_it.o
                                      0x85d72 (size before relaxing)
 .debug_str     0x0000000000089b11       0x52 ./Core/Src/system_stm32f1xx.o
                                      0x85b1f (size before relaxing)
 .debug_str     0x0000000000089b63       0x36 ./Core/Startup/startup_stm32f103c8tx.o
                                         0x77 (size before relaxing)
 .debug_str     0x0000000000089b99     0x23c3 ./Drivers/FUSB_CORE/PDPolicy.o
                                       0x8289 (size before relaxing)
 .debug_str     0x000000000008bf5c      0x18d ./Drivers/FUSB_CORE/PDProtocol.o
                                       0x61a9 (size before relaxing)
 .debug_str     0x000000000008c0e9       0xde ./Drivers/FUSB_CORE/Port.o
                                       0x7db7 (size before relaxing)
 .debug_str     0x000000000008c1c7      0x2df ./Drivers/FUSB_CORE/TypeC.o
                                       0x7fe4 (size before relaxing)
 .debug_str     0x000000000008c4a6      0x1fa ./Drivers/FUSB_CORE/core.o
                                       0x61ef (size before relaxing)
 .debug_str     0x000000000008c6a0       0x45 ./Drivers/FUSB_CORE/fusb30X.o
                                       0x35c0 (size before relaxing)
 .debug_str     0x000000000008c6e5       0x78 ./Drivers/FUSB_CORE/timer.o
                                       0x3024 (size before relaxing)
 .debug_str     0x000000000008c75d       0x63 ./Drivers/FUSB_CORE/vendor_info.o
                                       0x5932 (size before relaxing)
 .debug_str     0x000000000008c7c0      0x135 ./Drivers/FUSB_CORE/modules/dpm.o
                                       0x7dee (size before relaxing)
 .debug_str     0x000000000008c8f5       0xaf ./Drivers/FUSB_CORE/modules/observer.o
                                       0x304d (size before relaxing)
 .debug_str     0x000000000008c9a4       0x8d ./Drivers/Platform_ARM/src/Timing.o
                                      0x87014 (size before relaxing)
 .debug_str     0x000000000008ca31      0x2e8 ./Drivers/STM32F1xx_HAL_Driver/Src/stm32f1xx_hal.o
                                      0x861b0 (size before relaxing)
 .debug_str     0x000000000008cd19      0x300 ./Drivers/STM32F1xx_HAL_Driver/Src/stm32f1xx_hal_cortex.o
                                      0x861b8 (size before relaxing)
 .debug_str     0x000000000008d019      0x22a ./Drivers/STM32F1xx_HAL_Driver/Src/stm32f1xx_hal_dma.o
                                      0x85efa (size before relaxing)
 .debug_str     0x000000000008d243      0x311 ./Drivers/STM32F1xx_HAL_Driver/Src/stm32f1xx_hal_gpio.o
                                      0x85ee3 (size before relaxing)
 .debug_str     0x000000000008d554      0xb3c ./Drivers/STM32F1xx_HAL_Driver/Src/stm32f1xx_hal_i2c.o
                                      0x86b5b (size before relaxing)
 .debug_str     0x000000000008e090      0x244 ./Drivers/STM32F1xx_HAL_Driver/Src/stm32f1xx_hal_rcc.o
                                      0x85f1c (size before relaxing)
 .debug_str     0x000000000008e2d4      0xde0 ./Drivers/STM32F1xx_HAL_Driver/Src/stm32f1xx_hal_tim.o
                                      0x86eee (size before relaxing)
 .debug_str     0x000000000008f0b4      0x4ee ./Drivers/STM32F1xx_HAL_Driver/Src/stm32f1xx_hal_tim_ex.o
                                      0x8669f (size before relaxing)

.comment        0x0000000000000000       0x53
 .comment       0x0000000000000000       0x53 ./Core/Src/main.o
                                         0x54 (size before relaxing)
 .comment       0x0000000000000053       0x54 ./Core/Src/platform.o
 .comment       0x0000000000000053       0x54 ./Core/Src/stm32f1xx_hal_msp.o
 .comment       0x0000000000000053       0x54 ./Core/Src/stm32f1xx_it.o
 .comment       0x0000000000000053       0x54 ./Core/Src/system_stm32f1xx.o
 .comment       0x0000000000000053       0x54 ./Drivers/FUSB_CORE/PDPolicy.o
 .comment       0x0000000000000053       0x54 ./Drivers/FUSB_CORE/PDProtocol.o
 .comment       0x0000000000000053       0x54 ./Drivers/FUSB_CORE/Port.o
 .comment       0x0000000000000053       0x54 ./Drivers/FUSB_CORE/TypeC.o
 .comment       0x0000000000000053       0x54 ./Drivers/FUSB_CORE/core.o
 .comment       0x0000000000000053       0x54 ./Drivers/FUSB_CORE/fusb30X.o
 .comment       0x0000000000000053       0x54 ./Drivers/FUSB_CORE/timer.o
 .comment       0x0000000000000053       0x54 ./Drivers/FUSB_CORE/vendor_info.o
 .comment       0x0000000000000053       0x54 ./Drivers/FUSB_CORE/modules/dpm.o
 .comment       0x0000000000000053       0x54 ./Drivers/FUSB_CORE/modules/observer.o
 .comment       0x0000000000000053       0x54 ./Drivers/Platform_ARM/src/Timing.o
 .comment       0x0000000000000053       0x54 ./Drivers/STM32F1xx_HAL_Driver/Src/stm32f1xx_hal.o
 .comment       0x0000000000000053       0x54 ./Drivers/STM32F1xx_HAL_Driver/Src/stm32f1xx_hal_cortex.o
 .comment       0x0000000000000053       0x54 ./Drivers/STM32F1xx_HAL_Driver/Src/stm32f1xx_hal_dma.o
 .comment       0x0000000000000053       0x54 ./Drivers/STM32F1xx_HAL_Driver/Src/stm32f1xx_hal_gpio.o
 .comment       0x0000000000000053       0x54 ./Drivers/STM32F1xx_HAL_Driver/Src/stm32f1xx_hal_i2c.o
 .comment       0x0000000000000053       0x54 ./Drivers/STM32F1xx_HAL_Driver/Src/stm32f1xx_hal_rcc.o
 .comment       0x0000000000000053       0x54 ./Drivers/STM32F1xx_HAL_Driver/Src/stm32f1xx_hal_tim.o
 .comment       0x0000000000000053       0x54 ./Drivers/STM32F1xx_HAL_Driver/Src/stm32f1xx_hal_tim_ex.o

.debug_frame    0x0000000000000000     0x4edc
 .debug_frame   0x0000000000000000      0x1cc ./Core/Src/main.o
 .debug_frame   0x00000000000001cc      0x224 ./Core/Src/platform.o
 .debug_frame   0x00000000000003f0       0xd0 ./Core/Src/stm32f1xx_hal_msp.o
 .debug_frame   0x00000000000004c0      0x13c ./Core/Src/stm32f1xx_it.o
 .debug_frame   0x00000000000005fc       0x58 ./Core/Src/system_stm32f1xx.o
 .debug_frame   0x0000000000000654      0x6ec ./Drivers/FUSB_CORE/PDPolicy.o
 .debug_frame   0x0000000000000d40      0x268 ./Drivers/FUSB_CORE/PDProtocol.o
 .debug_frame   0x0000000000000fa8      0x164 ./Drivers/FUSB_CORE/Port.o
 .debug_frame   0x000000000000110c      0x4c0 ./Drivers/FUSB_CORE/TypeC.o
 .debug_frame   0x00000000000015cc      0x2d4 ./Drivers/FUSB_CORE/core.o
 .debug_frame   0x00000000000018a0       0x60 ./Drivers/FUSB_CORE/fusb30X.o
 .debug_frame   0x0000000000001900       0xf0 ./Drivers/FUSB_CORE/timer.o
 .debug_frame   0x00000000000019f0       0x60 ./Drivers/FUSB_CORE/vendor_info.o
 .debug_frame   0x0000000000001a50      0x1bc ./Drivers/FUSB_CORE/modules/dpm.o
 .debug_frame   0x0000000000001c0c       0x88 ./Drivers/FUSB_CORE/modules/observer.o
 .debug_frame   0x0000000000001c94       0xe4 ./Drivers/Platform_ARM/src/Timing.o
 .debug_frame   0x0000000000001d78      0x334 ./Drivers/STM32F1xx_HAL_Driver/Src/stm32f1xx_hal.o
 .debug_frame   0x00000000000020ac      0x428 ./Drivers/STM32F1xx_HAL_Driver/Src/stm32f1xx_hal_cortex.o
 .debug_frame   0x00000000000024d4      0x208 ./Drivers/STM32F1xx_HAL_Driver/Src/stm32f1xx_hal_dma.o
 .debug_frame   0x00000000000026dc      0x14c ./Drivers/STM32F1xx_HAL_Driver/Src/stm32f1xx_hal_gpio.o
 .debug_frame   0x0000000000002828      0xc5c ./Drivers/STM32F1xx_HAL_Driver/Src/stm32f1xx_hal_i2c.o
 .debug_frame   0x0000000000003484      0x21c ./Drivers/STM32F1xx_HAL_Driver/Src/stm32f1xx_hal_rcc.o
 .debug_frame   0x00000000000036a0     0x11b8 ./Drivers/STM32F1xx_HAL_Driver/Src/stm32f1xx_hal_tim.o
 .debug_frame   0x0000000000004858      0x638 ./Drivers/STM32F1xx_HAL_Driver/Src/stm32f1xx_hal_tim_ex.o
 .debug_frame   0x0000000000004e90       0x2c /Applications/STM32CubeIDE.app/Contents/Eclipse/plugins/com.st.stm32cube.ide.mcu.externaltools.gnu-tools-for-stm32.9-2020-q2-update.macos64_2.0.0.202105311346/tools/bin/../lib/gcc/arm-none-eabi/9.3.1/../../../../arm-none-eabi/lib/thumb/v7-m/nofp/libc_nano.a(lib_a-init.o)
 .debug_frame   0x0000000000004ebc       0x20 /Applications/STM32CubeIDE.app/Contents/Eclipse/plugins/com.st.stm32cube.ide.mcu.externaltools.gnu-tools-for-stm32.9-2020-q2-update.macos64_2.0.0.202105311346/tools/bin/../lib/gcc/arm-none-eabi/9.3.1/../../../../arm-none-eabi/lib/thumb/v7-m/nofp/libc_nano.a(lib_a-memset.o)
