Archive member included to satisfy reference by file (symbol)

/Applications/STM32CubeIDE.app/Contents/Eclipse/plugins/com.st.stm32cube.ide.mcu.externaltools.gnu-tools-for-stm32.9-2020-q2-update.macos64_2.0.0.202105311346/tools/bin/../lib/gcc/arm-none-eabi/9.3.1/../../../../arm-none-eabi/lib/thumb/v7-m/nofp/libc_nano.a(lib_a-errno.o)
                              ./Core/Src/syscalls.o (__errno)
/Applications/STM32CubeIDE.app/Contents/Eclipse/plugins/com.st.stm32cube.ide.mcu.externaltools.gnu-tools-for-stm32.9-2020-q2-update.macos64_2.0.0.202105311346/tools/bin/../lib/gcc/arm-none-eabi/9.3.1/../../../../arm-none-eabi/lib/thumb/v7-m/nofp/libc_nano.a(lib_a-exit.o)
                              /Applications/STM32CubeIDE.app/Contents/Eclipse/plugins/com.st.stm32cube.ide.mcu.externaltools.gnu-tools-for-stm32.9-2020-q2-update.macos64_2.0.0.202105311346/tools/bin/../lib/gcc/arm-none-eabi/9.3.1/../../../../arm-none-eabi/lib/thumb/v7-m/nofp/crt0.o (exit)
/Applications/STM32CubeIDE.app/Contents/Eclipse/plugins/com.st.stm32cube.ide.mcu.externaltools.gnu-tools-for-stm32.9-2020-q2-update.macos64_2.0.0.202105311346/tools/bin/../lib/gcc/arm-none-eabi/9.3.1/../../../../arm-none-eabi/lib/thumb/v7-m/nofp/libc_nano.a(lib_a-impure.o)
                              /Applications/STM32CubeIDE.app/Contents/Eclipse/plugins/com.st.stm32cube.ide.mcu.externaltools.gnu-tools-for-stm32.9-2020-q2-update.macos64_2.0.0.202105311346/tools/bin/../lib/gcc/arm-none-eabi/9.3.1/../../../../arm-none-eabi/lib/thumb/v7-m/nofp/libc_nano.a(lib_a-exit.o) (_global_impure_ptr)
/Applications/STM32CubeIDE.app/Contents/Eclipse/plugins/com.st.stm32cube.ide.mcu.externaltools.gnu-tools-for-stm32.9-2020-q2-update.macos64_2.0.0.202105311346/tools/bin/../lib/gcc/arm-none-eabi/9.3.1/../../../../arm-none-eabi/lib/thumb/v7-m/nofp/libc_nano.a(lib_a-init.o)
                              /Applications/STM32CubeIDE.app/Contents/Eclipse/plugins/com.st.stm32cube.ide.mcu.externaltools.gnu-tools-for-stm32.9-2020-q2-update.macos64_2.0.0.202105311346/tools/bin/../lib/gcc/arm-none-eabi/9.3.1/../../../../arm-none-eabi/lib/thumb/v7-m/nofp/crt0.o (__libc_init_array)
/Applications/STM32CubeIDE.app/Contents/Eclipse/plugins/com.st.stm32cube.ide.mcu.externaltools.gnu-tools-for-stm32.9-2020-q2-update.macos64_2.0.0.202105311346/tools/bin/../lib/gcc/arm-none-eabi/9.3.1/../../../../arm-none-eabi/lib/thumb/v7-m/nofp/libc_nano.a(lib_a-memset.o)
                              /Applications/STM32CubeIDE.app/Contents/Eclipse/plugins/com.st.stm32cube.ide.mcu.externaltools.gnu-tools-for-stm32.9-2020-q2-update.macos64_2.0.0.202105311346/tools/bin/../lib/gcc/arm-none-eabi/9.3.1/../../../../arm-none-eabi/lib/thumb/v7-m/nofp/crt0.o (memset)

Allocating common symbols
Common symbol       size              file

hdma_i2c1_tx        0x44              ./Core/Src/main.o
hi2c1               0x54              ./Core/Src/main.o
hpcd                0x2ec             ./Drivers/Platform_ARM/src/USB/usbd_conf.o
uwTick              0x4               ./Drivers/STM32F1xx_HAL_Driver/Src/stm32f1xx_hal.o
pFlash              0x20              ./Drivers/STM32F1xx_HAL_Driver/Src/stm32f1xx_hal_flash.o
htim3               0x48              ./Core/Src/main.o
USBD_Device         0x2c4             ./Drivers/Platform_ARM/src/USB/usbd_main.o
htim1               0x48              ./Core/Src/main.o
hdma_i2c1_rx        0x44              ./Core/Src/main.o
htim2               0x48              ./Core/Src/main.o
USBD_StrDesc        0x100             ./Drivers/Platform_ARM/src/USB/usbd_desc.o
I2cHandle           0x54              ./Drivers/Platform_ARM/src/PlatformI2C.o

Discarded input sections

 .text          0x0000000000000000        0x0 /Applications/STM32CubeIDE.app/Contents/Eclipse/plugins/com.st.stm32cube.ide.mcu.externaltools.gnu-tools-for-stm32.9-2020-q2-update.macos64_2.0.0.202105311346/tools/bin/../lib/gcc/arm-none-eabi/9.3.1/thumb/v7-m/nofp/crti.o
 .data          0x0000000000000000        0x0 /Applications/STM32CubeIDE.app/Contents/Eclipse/plugins/com.st.stm32cube.ide.mcu.externaltools.gnu-tools-for-stm32.9-2020-q2-update.macos64_2.0.0.202105311346/tools/bin/../lib/gcc/arm-none-eabi/9.3.1/thumb/v7-m/nofp/crti.o
 .bss           0x0000000000000000        0x0 /Applications/STM32CubeIDE.app/Contents/Eclipse/plugins/com.st.stm32cube.ide.mcu.externaltools.gnu-tools-for-stm32.9-2020-q2-update.macos64_2.0.0.202105311346/tools/bin/../lib/gcc/arm-none-eabi/9.3.1/thumb/v7-m/nofp/crti.o
 .data          0x0000000000000000        0x4 /Applications/STM32CubeIDE.app/Contents/Eclipse/plugins/com.st.stm32cube.ide.mcu.externaltools.gnu-tools-for-stm32.9-2020-q2-update.macos64_2.0.0.202105311346/tools/bin/../lib/gcc/arm-none-eabi/9.3.1/thumb/v7-m/nofp/crtbegin.o
[...]
Memory Configuration

Name             Origin             Length             Attributes
RAM              0x0000000020000000 0x0000000000005000 xrw
FLASH            0x0000000008000000 0x0000000000010000 xr
*default*        0x0000000000000000 0xffffffffffffffff

Linker script and memory map

LOAD /Applications/STM32CubeIDE.app/Contents/Eclipse/plugins/com.st.stm32cube.ide.mcu.externaltools.gnu-tools-for-stm32.9-2020-q2-update.macos64_2.0.0.202105311346/tools/bin/../lib/gcc/arm-none-eabi/9.3.1/thumb/v7-m/nofp/crti.o
LOAD /Applications/STM32CubeIDE.app/Contents/Eclipse/plugins/com.st.stm32cube.ide.mcu.externaltools.gnu-tools-for-stm32.9-2020-q2-update.macos64_2.0.0.202105311346/tools/bin/../lib/gcc/arm-none-eabi/9.3.1/thumb/v7-m/nofp/crtbegin.o
LOAD /Applications/STM32CubeIDE.app/Contents/Eclipse/plugins/com.st.stm32cube.ide.mcu.externaltools.gnu-tools-for-stm32.9-2020-q2-update.macos64_2.0.0.202105311346/tools/bin/../lib/gcc/arm-none-eabi/9.3.1/../../../../arm-none-eabi/lib/thumb/v7-m/nofp/crt0.o
LOAD ./Core/Src/main.o
LOAD ./Core/Src/platform.o
LOAD ./Core/Src/stm32f1xx_hal_msp.o
LOAD ./Core/Src/stm32f1xx_it.o
LOAD ./Core/Src/syscalls.o
LOAD ./Core/Src/sysmem.o
LOAD ./Core/Src/system_stm32f1xx.o
LOAD ./Core/Startup/startup_stm32f103c8tx.o
LOAD ./Drivers/FUSB_CORE/Log.o
LOAD ./Drivers/FUSB_CORE/PDPolicy.o
LOAD ./Drivers/FUSB_CORE/PDProtocol.o
LOAD ./Drivers/FUSB_CORE/Port.o
LOAD ./Drivers/FUSB_CORE/TypeC.o
LOAD ./Drivers/FUSB_CORE/core.o
LOAD ./Drivers/FUSB_CORE/fusb30X.o
LOAD ./Drivers/FUSB_CORE/timer.o
LOAD ./Drivers/FUSB_CORE/vendor_info.o
LOAD ./Drivers/FUSB_CORE/modules/HostComm.o
LOAD ./Drivers/FUSB_CORE/modules/dpm.o
LOAD ./Drivers/FUSB_CORE/modules/observer.o
LOAD ./Drivers/FUSB_CORE/vdm/DisplayPort/dp.o
LOAD ./Drivers/FUSB_CORE/vdm/bitfield_translators.o
LOAD ./Drivers/FUSB_CORE/vdm/vdm.o
LOAD ./Drivers/FUSB_CORE/vdm/vdm_callbacks.o
LOAD ./Drivers/Platform_ARM/src/HWIO.o
LOAD ./Drivers/Platform_ARM/src/PlatformI2C.o
LOAD ./Drivers/Platform_ARM/src/Timing.o
LOAD ./Drivers/Platform_ARM/src/fan6295.o
LOAD ./Drivers/Platform_ARM/src/USB/usbd_conf.o
LOAD ./Drivers/Platform_ARM/src/USB/usbd_desc.o
LOAD ./Drivers/Platform_ARM/src/USB/usbd_hid.o
LOAD ./Drivers/Platform_ARM/src/USB/usbd_main.o
LOAD ./Drivers/STM32F1xx_HAL_Driver/Src/stm32f1xx_hal.o
LOAD ./Drivers/STM32F1xx_HAL_Driver/Src/stm32f1xx_hal_cortex.o
LOAD ./Drivers/STM32F1xx_HAL_Driver/Src/stm32f1xx_hal_dma.o
LOAD ./Drivers/STM32F1xx_HAL_Driver/Src/stm32f1xx_hal_exti.o
LOAD ./Drivers/STM32F1xx_HAL_Driver/Src/stm32f1xx_hal_flash.o
LOAD ./Drivers/STM32F1xx_HAL_Driver/Src/stm32f1xx_hal_flash_ex.o
LOAD ./Drivers/STM32F1xx_HAL_Driver/Src/stm32f1xx_hal_gpio.o
LOAD ./Drivers/STM32F1xx_HAL_Driver/Src/stm32f1xx_hal_gpio_ex.o
LOAD ./Drivers/STM32F1xx_HAL_Driver/Src/stm32f1xx_hal_i2c.o
LOAD ./Drivers/STM32F1xx_HAL_Driver/Src/stm32f1xx_hal_pwr.o
LOAD ./Drivers/STM32F1xx_HAL_Driver/Src/stm32f1xx_hal_rcc.o
LOAD ./Drivers/STM32F1xx_HAL_Driver/Src/stm32f1xx_hal_rcc_ex.o
LOAD ./Drivers/STM32F1xx_HAL_Driver/Src/stm32f1xx_hal_tim.o
LOAD ./Drivers/STM32F1xx_HAL_Driver/Src/stm32f1xx_hal_tim_ex.o
LOAD ./Drivers/STM32F1xx_HAL_Driver_custom/Src/stm32f1xx_hal_pcd.o
LOAD ./Drivers/STM32F1xx_HAL_Driver_custom/Src/stm32f1xx_hal_pcd_ex.o
LOAD ./Drivers/STM32F1xx_HAL_Driver_custom/Src/stm32f1xx_ll_usb.o
START GROUP
LOAD /Applications/STM32CubeIDE.app/Contents/Eclipse/plugins/com.st.stm32cube.ide.mcu.externaltools.gnu-tools-for-stm32.9-2020-q2-update.macos64_2.0.0.202105311346/tools/bin/../lib/gcc/arm-none-eabi/9.3.1/../../../../arm-none-eabi/lib/thumb/v7-m/nofp/libc_nano.a
LOAD /Applications/STM32CubeIDE.app/Contents/Eclipse/plugins/com.st.stm32cube.ide.mcu.externaltools.gnu-tools-for-stm32.9-2020-q2-update.macos64_2.0.0.202105311346/tools/bin/../lib/gcc/arm-none-eabi/9.3.1/../../../../arm-none-eabi/lib/thumb/v7-m/nofp/libm.a
END GROUP
START GROUP
LOAD /Applications/STM32CubeIDE.app/Contents/Eclipse/plugins/com.st.stm32cube.ide.mcu.externaltools.gnu-tools-for-stm32.9-2020-q2-update.macos64_2.0.0.202105311346/tools/bin/../lib/gcc/arm-none-eabi/9.3.1/thumb/v7-m/nofp/libgcc.a
LOAD /Applications/STM32CubeIDE.app/Contents/Eclipse/plugins/com.st.stm32cube.ide.mcu.externaltools.gnu-tools-for-stm32.9-2020-q2-update.macos64_2.0.0.202105311346/tools/bin/../lib/gcc/arm-none-eabi/9.3.1/../../../../arm-none-eabi/lib/thumb/v7-m/nofp/libc_nano.a
END GROUP
START GROUP
LOAD /Applications/STM32CubeIDE.app/Contents/Eclipse/plugins/com.st.stm32cube.ide.mcu.externaltools.gnu-tools-for-stm32.9-2020-q2-update.macos64_2.0.0.202105311346/tools/bin/../lib/gcc/arm-none-eabi/9.3.1/thumb/v7-m/nofp/libgcc.a
LOAD /Applications/STM32CubeIDE.app/Contents/Eclipse/plugins/com.st.stm32cube.ide.mcu.externaltools.gnu-tools-for-stm32.9-2020-q2-update.macos64_2.0.0.202105311346/tools/bin/../lib/gcc/arm-none-eabi/9.3.1/../../../../arm-none-eabi/lib/thumb/v7-m/nofp/libc_nano.a
LOAD /Applications/STM32CubeIDE.app/Contents/Eclipse/plugins/com.st.stm32cube.ide.mcu.externaltools.gnu-tools-for-stm32.9-2020-q2-update.macos64_2.0.0.202105311346/tools/bin/../lib/gcc/arm-none-eabi/9.3.1/../../../../arm-none-eabi/lib/thumb/v7-m/nofp/libnosys.a
END GROUP
START GROUP
LOAD /Applications/STM32CubeIDE.app/Contents/Eclipse/plugins/com.st.stm32cube.ide.mcu.externaltools.gnu-tools-for-stm32.9-2020-q2-update.macos64_2.0.0.202105311346/tools/bin/../lib/gcc/arm-none-eabi/9.3.1/thumb/v7-m/nofp/libgcc.a
LOAD /Applications/STM32CubeIDE.app/Contents/Eclipse/plugins/com.st.stm32cube.ide.mcu.externaltools.gnu-tools-for-stm32.9-2020-q2-update.macos64_2.0.0.202105311346/tools/bin/../lib/gcc/arm-none-eabi/9.3.1/../../../../arm-none-eabi/lib/thumb/v7-m/nofp/libc_nano.a
LOAD /Applications/STM32CubeIDE.app/Contents/Eclipse/plugins/com.st.stm32cube.ide.mcu.externaltools.gnu-tools-for-stm32.9-2020-q2-update.macos64_2.0.0.202105311346/tools/bin/../lib/gcc/arm-none-eabi/9.3.1/../../../../arm-none-eabi/lib/thumb/v7-m/nofp/libnosys.a
END GROUP
LOAD /Applications/STM32CubeIDE.app/Contents/Eclipse/plugins/com.st.stm32cube.ide.mcu.externaltools.gnu-tools-for-stm32.9-2020-q2-update.macos64_2.0.0.202105311346/tools/bin/../lib/gcc/arm-none-eabi/9.3.1/thumb/v7-m/nofp/crtend.o
LOAD /Applications/STM32CubeIDE.app/Contents/Eclipse/plugins/com.st.stm32cube.ide.mcu.externaltools.gnu-tools-for-stm32.9-2020-q2-update.macos64_2.0.0.202105311346/tools/bin/../lib/gcc/arm-none-eabi/9.3.1/thumb/v7-m/nofp/crtn.o
                0x0000000020005000                _estack = (ORIGIN (RAM) + LENGTH (RAM))
                0x0000000000000200                _Min_Heap_Size = 0x200
                0x0000000000000400                _Min_Stack_Size = 0x400

.isr_vector     0x0000000008000000      0x10c
                0x0000000008000000                . = ALIGN (0x4)
 *(.isr_vector)
 .isr_vector    0x0000000008000000      0x10c ./Core/Startup/startup_stm32f103c8tx.o
                0x0000000008000000                g_pfnVectors
                0x000000000800010c                . = ALIGN (0x4)

.text           0x000000000800010c     0xa678
                0x000000000800010c                . = ALIGN (0x4)
 *(.text)
 .text          0x000000000800010c       0x40 /Applications/STM32CubeIDE.app/Contents/Eclipse/plugins/com.st.stm32cube.ide.mcu.externaltools.gnu-tools-for-stm32.9-2020-q2-update.macos64_2.0.0.202105311346/tools/bin/../lib/gcc/arm-none-eabi/9.3.1/thumb/v7-m/nofp/crtbegin.o
 *(.text*)
 .text.InitializeBoard
                0x000000000800014c        0xc ./Core/Src/main.o
 .text.InitializeSystem
                0x0000000008000158       0x14 ./Core/Src/main.o
 .text.handle_core_event
                0x000000000800016c       0x18 ./Core/Src/main.o
                0x000000000800016c                handle_core_event
 .text.main     0x0000000008000184      0x140 ./Core/Src/main.o
                0x0000000008000184                main
 .text.SystemClock_Config
                0x00000000080002c4       0x82 ./Core/Src/main.o
                0x00000000080002c4                SystemClock_Config
 *fill*         0x0000000008000346        0x2 
 .text.MX_I2C1_Init
                0x0000000008000348       0x5c ./Core/Src/main.o
 .text.MX_TIM1_Init
                0x00000000080003a4       0xa0 ./Core/Src/main.o
 .text.MX_TIM2_Init
                0x0000000008000444       0x98 ./Core/Src/main.o
 .text.MX_TIM3_Init
                0x00000000080004dc       0x9c ./Core/Src/main.o
 .text.MX_DMA_Init
                0x0000000008000578       0x4c ./Core/Src/main.o
 .text.MX_GPIO_Init
                0x00000000080005c4       0x5c ./Core/Src/main.o
 .text.Error_Handler
                0x0000000008000620        0xa ./Core/Src/main.o
                0x0000000008000620                Error_Handler
 *fill*         0x000000000800062a        0x2 
 .text.platform_set_vbus_lvl_enable
                0x000000000800062c       0xa4 ./Core/Src/platform.o
                0x000000000800062c                platform_set_vbus_lvl_enable
 .text.platform_set_pps_voltage
                0x00000000080006d0       0x16 ./Core/Src/platform.o
                0x00000000080006d0                platform_set_pps_voltage
 .text.platform_get_pps_voltage
                0x00000000080006e6       0x16 ./Core/Src/platform.o
                0x00000000080006e6                platform_get_pps_voltage
 .text.platform_set_pps_current
                0x00000000080006fc       0x16 ./Core/Src/platform.o
                0x00000000080006fc                platform_set_pps_current
 *fill*         0x0000000008000712        0x2 
 .text.platform_set_vbus_discharge
                0x0000000008000714       0x34 ./Core/Src/platform.o
                0x0000000008000714                platform_set_vbus_discharge
 .text.platform_get_device_irq_state
                0x0000000008000748       0x16 ./Core/Src/platform.o
                0x0000000008000748                platform_get_device_irq_state
 *fill*         0x000000000800075e        0x2 
 .text.platform_i2c_write
                0x0000000008000760       0x60 ./Core/Src/platform.o
                0x0000000008000760                platform_i2c_write
 .text.platform_i2c_read
                0x00000000080007c0       0x60 ./Core/Src/platform.o
                0x00000000080007c0                platform_i2c_read
 .text.platform_delay_10us
                0x0000000008000820       0x20 ./Core/Src/platform.o
                0x0000000008000820                platform_delay_10us
 .text.platform_delay
                0x0000000008000840       0x2e ./Core/Src/platform.o
                0x0000000008000840                platform_delay
 .text.platform_get_system_time
                0x000000000800086e       0x12 ./Core/Src/platform.o
                0x000000000800086e                platform_get_system_time
 .text.HAL_MspInit
                0x0000000008000880       0x64 ./Core/Src/stm32f1xx_hal_msp.o
                0x0000000008000880                HAL_MspInit
 .text.HAL_I2C_MspInit
                0x00000000080008e4      0x124 ./Core/Src/stm32f1xx_hal_msp.o
                0x00000000080008e4                HAL_I2C_MspInit
 .text.HAL_TIM_Base_MspInit
                0x0000000008000a08       0x88 ./Core/Src/stm32f1xx_hal_msp.o
                0x0000000008000a08                HAL_TIM_Base_MspInit
 .text.NMI_Handler
                0x0000000008000a90        0x6 ./Core/Src/stm32f1xx_it.o
                0x0000000008000a90                NMI_Handler
 .text.HardFault_Handler
                0x0000000008000a96        0x6 ./Core/Src/stm32f1xx_it.o
                0x0000000008000a96                HardFault_Handler
 .text.MemManage_Handler
                0x0000000008000a9c        0x6 ./Core/Src/stm32f1xx_it.o
                0x0000000008000a9c                MemManage_Handler
 .text.BusFault_Handler
                0x0000000008000aa2        0x6 ./Core/Src/stm32f1xx_it.o
                0x0000000008000aa2                BusFault_Handler
 .text.UsageFault_Handler
                0x0000000008000aa8        0x6 ./Core/Src/stm32f1xx_it.o
                0x0000000008000aa8                UsageFault_Handler
 .text.SVC_Handler
                0x0000000008000aae        0xc ./Core/Src/stm32f1xx_it.o
                0x0000000008000aae                SVC_Handler
 .text.DebugMon_Handler
                0x0000000008000aba        0xc ./Core/Src/stm32f1xx_it.o
                0x0000000008000aba                DebugMon_Handler
 .text.PendSV_Handler
                0x0000000008000ac6        0xc ./Core/Src/stm32f1xx_it.o
                0x0000000008000ac6                PendSV_Handler
 .text.SysTick_Handler
                0x0000000008000ad2        0xc ./Core/Src/stm32f1xx_it.o
                0x0000000008000ad2                SysTick_Handler
 *fill*         0x0000000008000ade        0x2 
 .text.DMA1_Channel6_IRQHandler
                0x0000000008000ae0       0x14 ./Core/Src/stm32f1xx_it.o
                0x0000000008000ae0                DMA1_Channel6_IRQHandler
 .text.DMA1_Channel7_IRQHandler
                0x0000000008000af4       0x14 ./Core/Src/stm32f1xx_it.o
                0x0000000008000af4                DMA1_Channel7_IRQHandler
 .text.SystemInit
                0x0000000008000b08        0xc ./Core/Src/system_stm32f1xx.o
                0x0000000008000b08                SystemInit
 .text.Reset_Handler
                0x0000000008000b14       0x48 ./Core/Startup/startup_stm32f103c8tx.o
                0x0000000008000b14                Reset_Handler
 .text.Default_Handler
                0x0000000008000b5c        0x2 ./Core/Startup/startup_stm32f103c8tx.o
                0x0000000008000b5c                USBWakeUp_IRQHandler
                0x0000000008000b5c                EXTI2_IRQHandler
                0x0000000008000b5c                TIM1_CC_IRQHandler
                0x0000000008000b5c                PVD_IRQHandler
                0x0000000008000b5c                EXTI3_IRQHandler
                0x0000000008000b5c                EXTI0_IRQHandler
                0x0000000008000b5c                I2C2_EV_IRQHandler
                0x0000000008000b5c                ADC1_2_IRQHandler
                0x0000000008000b5c                SPI1_IRQHandler
                0x0000000008000b5c                TAMPER_IRQHandler
                0x0000000008000b5c                DMA1_Channel4_IRQHandler
                0x0000000008000b5c                USART3_IRQHandler
                0x0000000008000b5c                RTC_IRQHandler
                0x0000000008000b5c                CAN1_RX1_IRQHandler
                0x0000000008000b5c                TIM4_IRQHandler
                0x0000000008000b5c                I2C1_EV_IRQHandler
                0x0000000008000b5c                TIM3_IRQHandler
                0x0000000008000b5c                RCC_IRQHandler
                0x0000000008000b5c                TIM1_TRG_COM_IRQHandler
                0x0000000008000b5c                DMA1_Channel1_IRQHandler
                0x0000000008000b5c                Default_Handler
                0x0000000008000b5c                EXTI15_10_IRQHandler
                0x0000000008000b5c                EXTI9_5_IRQHandler
                0x0000000008000b5c                SPI2_IRQHandler
                0x0000000008000b5c                DMA1_Channel5_IRQHandler
                0x0000000008000b5c                EXTI4_IRQHandler
                0x0000000008000b5c                USB_LP_CAN1_RX0_IRQHandler
                0x0000000008000b5c                USB_HP_CAN1_TX_IRQHandler
                0x0000000008000b5c                DMA1_Channel3_IRQHandler
                0x0000000008000b5c                TIM1_UP_IRQHandler
                0x0000000008000b5c                WWDG_IRQHandler
                0x0000000008000b5c                TIM2_IRQHandler
                0x0000000008000b5c                TIM1_BRK_IRQHandler
                0x0000000008000b5c                EXTI1_IRQHandler
                0x0000000008000b5c                USART2_IRQHandler
                0x0000000008000b5c                I2C2_ER_IRQHandler
                0x0000000008000b5c                DMA1_Channel2_IRQHandler
                0x0000000008000b5c                CAN1_SCE_IRQHandler
                0x0000000008000b5c                FLASH_IRQHandler
                0x0000000008000b5c                USART1_IRQHandler
                0x0000000008000b5c                I2C1_ER_IRQHandler
                0x0000000008000b5c                RTC_Alarm_IRQHandler
 .text.USBPDEnable
                0x0000000008000b5e      0x25a ./Drivers/FUSB_CORE/PDPolicy.o
                0x0000000008000b5e                USBPDEnable
 .text.USBPDDisable
                0x0000000008000db8      0x1c2 ./Drivers/FUSB_CORE/PDPolicy.o
                0x0000000008000db8                USBPDDisable
 *fill*         0x0000000008000f7a        0x2 
 .text.USBPDPolicyEngine
                0x0000000008000f7c      0x360 ./Drivers/FUSB_CORE/PDPolicy.o
                0x0000000008000f7c                USBPDPolicyEngine
 .text.PolicyErrorRecovery
                0x00000000080012dc       0x16 ./Drivers/FUSB_CORE/PDPolicy.o
                0x00000000080012dc                PolicyErrorRecovery
 .text.PolicySourceSendHardReset
                0x00000000080012f2       0x16 ./Drivers/FUSB_CORE/PDPolicy.o
                0x00000000080012f2                PolicySourceSendHardReset
 .text.PolicySourceSoftReset
                0x0000000008001308       0x24 ./Drivers/FUSB_CORE/PDPolicy.o
                0x0000000008001308                PolicySourceSoftReset
 .text.PolicySourceSendSoftReset
                0x000000000800132c       0xc0 ./Drivers/FUSB_CORE/PDPolicy.o
                0x000000000800132c                PolicySourceSendSoftReset
 .text.PolicySourceStartup
                0x00000000080013ec      0x2c8 ./Drivers/FUSB_CORE/PDPolicy.o
                0x00000000080013ec                PolicySourceStartup
 .text.PolicySourceDiscovery
                0x00000000080016b4       0xec ./Drivers/FUSB_CORE/PDPolicy.o
                0x00000000080016b4                PolicySourceDiscovery
 .text.PolicySourceSendCaps
                0x00000000080017a0      0x11a ./Drivers/FUSB_CORE/PDPolicy.o
                0x00000000080017a0                PolicySourceSendCaps
 .text.PolicySourceDisabled
                0x00000000080018ba       0x5c ./Drivers/FUSB_CORE/PDPolicy.o
                0x00000000080018ba                PolicySourceDisabled
 *fill*         0x0000000008001916        0x2 
 .text.PolicySourceTransitionDefault
                0x0000000008001918      0x2d4 ./Drivers/FUSB_CORE/PDPolicy.o
                0x0000000008001918                PolicySourceTransitionDefault
 .text.PolicySourceNegotiateCap
                0x0000000008001bec      0x156 ./Drivers/FUSB_CORE/PDPolicy.o
                0x0000000008001bec                PolicySourceNegotiateCap
 *fill*         0x0000000008001d42        0x2 
 .text.PolicySourceTransitionSupply
                0x0000000008001d44      0x234 ./Drivers/FUSB_CORE/PDPolicy.o
                0x0000000008001d44                PolicySourceTransitionSupply
 .text.PolicySourceCapabilityResponse
                0x0000000008001f78       0x58 ./Drivers/FUSB_CORE/PDPolicy.o
                0x0000000008001f78                PolicySourceCapabilityResponse
 .text.PolicySourceReady
                0x0000000008001fd0      0x354 ./Drivers/FUSB_CORE/PDPolicy.o
                0x0000000008001fd0                PolicySourceReady
 .text.PolicySourceGiveSourceCap
                0x0000000008002324       0x50 ./Drivers/FUSB_CORE/PDPolicy.o
                0x0000000008002324                PolicySourceGiveSourceCap
 .text.PolicySourceGetSourceCap
                0x0000000008002374       0xf4 ./Drivers/FUSB_CORE/PDPolicy.o
                0x0000000008002374                PolicySourceGetSourceCap
 .text.PolicySourceGetSinkCap
                0x0000000008002468       0xb8 ./Drivers/FUSB_CORE/PDPolicy.o
                0x0000000008002468                PolicySourceGetSinkCap
 .text.PolicySourceGiveSinkCap
                0x0000000008002520       0x18 ./Drivers/FUSB_CORE/PDPolicy.o
                0x0000000008002520                PolicySourceGiveSinkCap
 .text.PolicySourceSendPing
                0x0000000008002538       0x20 ./Drivers/FUSB_CORE/PDPolicy.o
                0x0000000008002538                PolicySourceSendPing
 .text.PolicySourceGotoMin
                0x0000000008002558      0x110 ./Drivers/FUSB_CORE/PDPolicy.o
                0x0000000008002558                PolicySourceGotoMin
 .text.PolicySourceSendDRSwap
                0x0000000008002668      0x168 ./Drivers/FUSB_CORE/PDPolicy.o
                0x0000000008002668                PolicySourceSendDRSwap
 .text.PolicySourceEvaluateDRSwap
                0x00000000080027d0       0xce ./Drivers/FUSB_CORE/PDPolicy.o
                0x00000000080027d0                PolicySourceEvaluateDRSwap
 *fill*         0x000000000800289e        0x2 
 .text.PolicySourceSendVCONNSwap
                0x00000000080028a0      0x2d8 ./Drivers/FUSB_CORE/PDPolicy.o
                0x00000000080028a0                PolicySourceSendVCONNSwap
 .text.PolicySourceEvaluateVCONNSwap
                0x0000000008002b78      0x254 ./Drivers/FUSB_CORE/PDPolicy.o
                0x0000000008002b78                PolicySourceEvaluateVCONNSwap
 .text.PolicySourceSendPRSwap
                0x0000000008002dcc       0x12 ./Drivers/FUSB_CORE/PDPolicy.o
                0x0000000008002dcc                PolicySourceSendPRSwap
 .text.PolicySourceEvaluatePRSwap
                0x0000000008002dde       0x24 ./Drivers/FUSB_CORE/PDPolicy.o
                0x0000000008002dde                PolicySourceEvaluatePRSwap
 .text.PolicySourceWaitNewCapabilities
                0x0000000008002e02       0x98 ./Drivers/FUSB_CORE/PDPolicy.o
                0x0000000008002e02                PolicySourceWaitNewCapabilities
 .text.PolicySourceAlertReceived
                0x0000000008002e9a       0x7c ./Drivers/FUSB_CORE/PDPolicy.o
                0x0000000008002e9a                PolicySourceAlertReceived
 .text.PolicyNotSupported
                0x0000000008002f16       0x62 ./Drivers/FUSB_CORE/PDPolicy.o
                0x0000000008002f16                PolicyNotSupported
 .text.PolicyInvalidState
                0x0000000008002f78       0x2c ./Drivers/FUSB_CORE/PDPolicy.o
                0x0000000008002f78                PolicyInvalidState
 .text.PolicySendGenericCommand
                0x0000000008002fa4       0xd6 ./Drivers/FUSB_CORE/PDPolicy.o
                0x0000000008002fa4                PolicySendGenericCommand
 .text.PolicySendGenericData
                0x000000000800307a       0xfa ./Drivers/FUSB_CORE/PDPolicy.o
                0x000000000800307a                PolicySendGenericData
 .text.PolicySendHardReset
                0x0000000008003174       0x52 ./Drivers/FUSB_CORE/PDPolicy.o
                0x0000000008003174                PolicySendHardReset
 *fill*         0x00000000080031c6        0x2 
 .text.PolicySendCommand
                0x00000000080031c8      0x27c ./Drivers/FUSB_CORE/PDPolicy.o
                0x00000000080031c8                PolicySendCommand
 .text.PolicySendData
                0x0000000008003444      0x354 ./Drivers/FUSB_CORE/PDPolicy.o
                0x0000000008003444                PolicySendData
 .text.UpdateCapabilitiesRx
                0x0000000008003798       0xa6 ./Drivers/FUSB_CORE/PDPolicy.o
                0x0000000008003798                UpdateCapabilitiesRx
 *fill*         0x000000000800383e        0x2 
 .text.PolicyGiveCountryCodes
                0x0000000008003840       0x54 ./Drivers/FUSB_CORE/PDPolicy.o
                0x0000000008003840                PolicyGiveCountryCodes
 .text.PolicyGetCountryCodes
                0x0000000008003894       0x2e ./Drivers/FUSB_CORE/PDPolicy.o
                0x0000000008003894                PolicyGetCountryCodes
 .text.PolicyGiveCountryInfo
                0x00000000080038c2       0x68 ./Drivers/FUSB_CORE/PDPolicy.o
                0x00000000080038c2                PolicyGiveCountryInfo
 .text.PolicyGetPPSStatus
                0x000000000800392a       0xe0 ./Drivers/FUSB_CORE/PDPolicy.o
                0x000000000800392a                PolicyGetPPSStatus
 *fill*         0x0000000008003a0a        0x2 
 .text.PolicyGivePPSStatus
                0x0000000008003a0c       0x88 ./Drivers/FUSB_CORE/PDPolicy.o
                0x0000000008003a0c                PolicyGivePPSStatus
 .text.policyBISTReceiveMode
                0x0000000008003a94       0x12 ./Drivers/FUSB_CORE/PDPolicy.o
                0x0000000008003a94                policyBISTReceiveMode
 .text.policyBISTFrameReceived
                0x0000000008003aa6       0x12 ./Drivers/FUSB_CORE/PDPolicy.o
                0x0000000008003aa6                policyBISTFrameReceived
 .text.policyBISTCarrierMode2
                0x0000000008003ab8      0x11a ./Drivers/FUSB_CORE/PDPolicy.o
                0x0000000008003ab8                policyBISTCarrierMode2
 .text.policyBISTTestData
                0x0000000008003bd2       0x3a ./Drivers/FUSB_CORE/PDPolicy.o
                0x0000000008003bd2                policyBISTTestData
 .text.TokenToSopType
                0x0000000008003c0c       0x5e ./Drivers/FUSB_CORE/PDPolicy.o
                0x0000000008003c0c                TokenToSopType
 *fill*         0x0000000008003c6a        0x2 
 .text.processDMTBIST
                0x0000000008003c6c      0x184 ./Drivers/FUSB_CORE/PDPolicy.o
                0x0000000008003c6c                processDMTBIST
 .text.USBPDProtocol
                0x0000000008003df0       0xd4 ./Drivers/FUSB_CORE/PDProtocol.o
                0x0000000008003df0                USBPDProtocol
 .text.ProtocolIdle
                0x0000000008003ec4       0xd0 ./Drivers/FUSB_CORE/PDProtocol.o
                0x0000000008003ec4                ProtocolIdle
 .text.ProtocolResetWait
                0x0000000008003f94       0x32 ./Drivers/FUSB_CORE/PDProtocol.o
                0x0000000008003f94                ProtocolResetWait
 .text.ProtocolGetRxPacket
                0x0000000008003fc6      0x5e8 ./Drivers/FUSB_CORE/PDProtocol.o
                0x0000000008003fc6                ProtocolGetRxPacket
 .text.ProtocolTransmitMessage
                0x00000000080045ae      0x44c ./Drivers/FUSB_CORE/PDProtocol.o
                0x00000000080045ae                ProtocolTransmitMessage
 .text.ProtocolSendingMessage
                0x00000000080049fa       0xfa ./Drivers/FUSB_CORE/PDProtocol.o
                0x00000000080049fa                ProtocolSendingMessage
 .text.ProtocolVerifyGoodCRC
                0x0000000008004af4      0x15a ./Drivers/FUSB_CORE/PDProtocol.o
                0x0000000008004af4                ProtocolVerifyGoodCRC
 .text.ProtocolSendGoodCRC
                0x0000000008004c4e       0x98 ./Drivers/FUSB_CORE/PDProtocol.o
                0x0000000008004c4e                ProtocolSendGoodCRC
 .text.ProtocolLoadSOP
                0x0000000008004ce6      0x180 ./Drivers/FUSB_CORE/PDProtocol.o
                0x0000000008004ce6                ProtocolLoadSOP
 .text.ProtocolLoadEOP
                0x0000000008004e66       0x66 ./Drivers/FUSB_CORE/PDProtocol.o
                0x0000000008004e66                ProtocolLoadEOP
 .text.ProtocolSendHardReset
                0x0000000008004ecc       0x44 ./Drivers/FUSB_CORE/PDProtocol.o
                0x0000000008004ecc                ProtocolSendHardReset
 .text.ProtocolFlushRxFIFO
                0x0000000008004f10       0x30 ./Drivers/FUSB_CORE/PDProtocol.o
                0x0000000008004f10                ProtocolFlushRxFIFO
 .text.ProtocolFlushTxFIFO
                0x0000000008004f40       0x30 ./Drivers/FUSB_CORE/PDProtocol.o
                0x0000000008004f40                ProtocolFlushTxFIFO
 .text.ResetProtocolLayer
                0x0000000008004f70      0x10a ./Drivers/FUSB_CORE/PDProtocol.o
                0x0000000008004f70                ResetProtocolLayer
 .text.PortInit
                0x000000000800507a       0xf8 ./Drivers/FUSB_CORE/Port.o
                0x000000000800507a                PortInit
 .text.SetTypeCState
                0x0000000008005172       0x26 ./Drivers/FUSB_CORE/Port.o
                0x0000000008005172                SetTypeCState
 .text.SetPEState
                0x0000000008005198       0x4c ./Drivers/FUSB_CORE/Port.o
                0x0000000008005198                SetPEState
 .text.SetPortDefaultConfiguration
                0x00000000080051e4       0x38 ./Drivers/FUSB_CORE/Port.o
 .text.InitializeRegisters
                0x000000000800521c      0x1b2 ./Drivers/FUSB_CORE/Port.o
                0x000000000800521c                InitializeRegisters
 .text.InitializeTypeCVariables
                0x00000000080053ce       0xfc ./Drivers/FUSB_CORE/Port.o
                0x00000000080053ce                InitializeTypeCVariables
 .text.InitializePDProtocolVariables
                0x00000000080054ca       0x1a ./Drivers/FUSB_CORE/Port.o
                0x00000000080054ca                InitializePDProtocolVariables
 .text.InitializePDPolicyVariables
                0x00000000080054e4       0xe0 ./Drivers/FUSB_CORE/Port.o
                0x00000000080054e4                InitializePDPolicyVariables
 .text.SetConfiguredCurrent
                0x00000000080055c4       0x52 ./Drivers/FUSB_CORE/Port.o
                0x00000000080055c4                SetConfiguredCurrent
 *fill*         0x0000000008005616        0x2 
 .text.StateMachineTypeC
                0x0000000008005618      0x16c ./Drivers/FUSB_CORE/TypeC.o
                0x0000000008005618                StateMachineTypeC
 .text.StateMachineDisabled
                0x0000000008005784       0x12 ./Drivers/FUSB_CORE/TypeC.o
                0x0000000008005784                StateMachineDisabled
 .text.StateMachineErrorRecovery
                0x0000000008005796       0x28 ./Drivers/FUSB_CORE/TypeC.o
                0x0000000008005796                StateMachineErrorRecovery
 .text.StateMachineUnattached
                0x00000000080057be      0x110 ./Drivers/FUSB_CORE/TypeC.o
                0x00000000080057be                StateMachineUnattached
 .text.StateMachineAttachWaitSource
                0x00000000080058ce      0x1f0 ./Drivers/FUSB_CORE/TypeC.o
                0x00000000080058ce                StateMachineAttachWaitSource
 *fill*         0x0000000008005abe        0x2 
 .text.StateMachineAttachedSource
                0x0000000008005ac0      0x188 ./Drivers/FUSB_CORE/TypeC.o
                0x0000000008005ac0                StateMachineAttachedSource
 .text.StateMachineDebugAccessorySource
                0x0000000008005c48      0x10e ./Drivers/FUSB_CORE/TypeC.o
                0x0000000008005c48                StateMachineDebugAccessorySource
 .text.SetStateErrorRecovery
                0x0000000008005d56       0x36 ./Drivers/FUSB_CORE/TypeC.o
                0x0000000008005d56                SetStateErrorRecovery
 .text.SetStateUnattached
                0x0000000008005d8c      0x140 ./Drivers/FUSB_CORE/TypeC.o
                0x0000000008005d8c                SetStateUnattached
 .text.SetStateAttachWaitSource
                0x0000000008005ecc       0xe6 ./Drivers/FUSB_CORE/TypeC.o
                0x0000000008005ecc                SetStateAttachWaitSource
 *fill*         0x0000000008005fb2        0x2 
 .text.SetStateAttachedSource
                0x0000000008005fb4       0x74 ./Drivers/FUSB_CORE/TypeC.o
                0x0000000008005fb4                SetStateAttachedSource
 .text.SetStateDebugAccessorySource
                0x0000000008006028       0x74 ./Drivers/FUSB_CORE/TypeC.o
                0x0000000008006028                SetStateDebugAccessorySource
 .text.updateSourceCurrent
                0x000000000800609c       0x7e ./Drivers/FUSB_CORE/TypeC.o
                0x000000000800609c                updateSourceCurrent
 .text.updateSourceMDACHigh
                0x000000000800611a       0x88 ./Drivers/FUSB_CORE/TypeC.o
                0x000000000800611a                updateSourceMDACHigh
 .text.updateSourceMDACLow
                0x00000000080061a2       0x88 ./Drivers/FUSB_CORE/TypeC.o
                0x00000000080061a2                updateSourceMDACLow
 .text.ToggleMeasure
                0x000000000800622a       0x7c ./Drivers/FUSB_CORE/TypeC.o
                0x000000000800622a                ToggleMeasure
 .text.DecodeCCTermination
                0x00000000080062a6       0x26 ./Drivers/FUSB_CORE/TypeC.o
                0x00000000080062a6                DecodeCCTermination
 .text.DecodeCCTerminationSource
                0x00000000080062cc      0x168 ./Drivers/FUSB_CORE/TypeC.o
                0x00000000080062cc                DecodeCCTerminationSource
 .text.IsCCPinRa
                0x0000000008006434       0x8e ./Drivers/FUSB_CORE/TypeC.o
                0x0000000008006434                IsCCPinRa
 .text.UpdateCurrentAdvert
                0x00000000080064c2       0x28 ./Drivers/FUSB_CORE/TypeC.o
                0x00000000080064c2                UpdateCurrentAdvert
 .text.VbusVSafe0V
                0x00000000080064ea       0x14 ./Drivers/FUSB_CORE/TypeC.o
                0x00000000080064ea                VbusVSafe0V
 *fill*         0x00000000080064fe        0x2 
 .text.isVBUSOverVoltage
                0x0000000008006500       0xd8 ./Drivers/FUSB_CORE/TypeC.o
                0x0000000008006500                isVBUSOverVoltage
 .text.DetectCCPinSource
                0x00000000080065d8       0xe0 ./Drivers/FUSB_CORE/TypeC.o
                0x00000000080065d8                DetectCCPinSource
 .text.resetDebounceVariables
                0x00000000080066b8       0x3a ./Drivers/FUSB_CORE/TypeC.o
                0x00000000080066b8                resetDebounceVariables
 *fill*         0x00000000080066f2        0x2 
 .text.debounceCC
                0x00000000080066f4       0xec ./Drivers/FUSB_CORE/TypeC.o
                0x00000000080066f4                debounceCC
 .text.updateVCONNSource
                0x00000000080067e0       0xae ./Drivers/FUSB_CORE/TypeC.o
                0x00000000080067e0                updateVCONNSource
 *fill*         0x000000000800688e        0x2 
 .text.setStateSource
                0x0000000008006890      0x130 ./Drivers/FUSB_CORE/TypeC.o
                0x0000000008006890                setStateSource
 .text.clearState
                0x00000000080069c0      0x122 ./Drivers/FUSB_CORE/TypeC.o
                0x00000000080069c0                clearState
 .text.SetStateIllegalCable
                0x0000000008006ae2      0x1cc ./Drivers/FUSB_CORE/TypeC.o
                0x0000000008006ae2                SetStateIllegalCable
 .text.StateMachineIllegalCable
                0x0000000008006cae       0x56 ./Drivers/FUSB_CORE/TypeC.o
                0x0000000008006cae                StateMachineIllegalCable
 .text.core_initialize
                0x0000000008006d04       0x34 ./Drivers/FUSB_CORE/core.o
                0x0000000008006d04                core_initialize
 .text.core_enable_typec
                0x0000000008006d38       0x1e ./Drivers/FUSB_CORE/core.o
                0x0000000008006d38                core_enable_typec
 .text.core_enable_pd
                0x0000000008006d56       0x1e ./Drivers/FUSB_CORE/core.o
                0x0000000008006d56                core_enable_pd
 .text.core_state_machine
                0x0000000008006d74       0x52 ./Drivers/FUSB_CORE/core.o
                0x0000000008006d74                core_state_machine
 .text.core_get_next_timeout
                0x0000000008006dc6       0x60 ./Drivers/FUSB_CORE/core.o
                0x0000000008006dc6                core_get_next_timeout
 .text.core_set_state_unattached
                0x0000000008006e26       0x16 ./Drivers/FUSB_CORE/core.o
                0x0000000008006e26                core_set_state_unattached
 .text.DeviceWrite
                0x0000000008006e3c       0x3a ./Drivers/FUSB_CORE/fusb30X.o
                0x0000000008006e3c                DeviceWrite
 .text.DeviceRead
                0x0000000008006e76       0x3a ./Drivers/FUSB_CORE/fusb30X.o
                0x0000000008006e76                DeviceRead
 .text.TimerStart
                0x0000000008006eb0       0x36 ./Drivers/FUSB_CORE/timer.o
                0x0000000008006eb0                TimerStart
 .text.TimerDisable
                0x0000000008006ee6       0x20 ./Drivers/FUSB_CORE/timer.o
                0x0000000008006ee6                TimerDisable
 .text.TimerDisabled
                0x0000000008006f06       0x20 ./Drivers/FUSB_CORE/timer.o
                0x0000000008006f06                TimerDisabled
 .text.TimerExpired
                0x0000000008006f26       0x60 ./Drivers/FUSB_CORE/timer.o
                0x0000000008006f26                TimerExpired
 .text.TimerRemaining
                0x0000000008006f86       0x44 ./Drivers/FUSB_CORE/timer.o
                0x0000000008006f86                TimerRemaining
 .text.VIF_InitializeSrcCaps
                0x0000000008006fca       0xc2 ./Drivers/FUSB_CORE/vendor_info.o
                0x0000000008006fca                VIF_InitializeSrcCaps
 .text.VIF_InitializeSnkCaps
                0x000000000800708c      0x13a ./Drivers/FUSB_CORE/vendor_info.o
                0x000000000800708c                VIF_InitializeSnkCaps
 *fill*         0x00000000080071c6        0x2 
 .text.DPM_Init
                0x00000000080071c8       0x28 ./Drivers/FUSB_CORE/modules/dpm.o
                0x00000000080071c8                DPM_Init
 .text.DPM_AddPort
                0x00000000080071f0       0x2a ./Drivers/FUSB_CORE/modules/dpm.o
                0x00000000080071f0                DPM_AddPort
 .text.DPM_GetSourceCapHeader
                0x000000000800721a       0x18 ./Drivers/FUSB_CORE/modules/dpm.o
                0x000000000800721a                DPM_GetSourceCapHeader
 .text.DPM_GetSourceCap
                0x0000000008007232       0x18 ./Drivers/FUSB_CORE/modules/dpm.o
                0x0000000008007232                DPM_GetSourceCap
 .text.DPM_TransitionSource
                0x000000000800724a      0x134 ./Drivers/FUSB_CORE/modules/dpm.o
                0x000000000800724a                DPM_TransitionSource
 *fill*         0x000000000800737e        0x2 
 .text.DPM_IsSourceCapEnabled
                0x0000000008007380      0x16c ./Drivers/FUSB_CORE/modules/dpm.o
                0x0000000008007380                DPM_IsSourceCapEnabled
 .text.DPM_SpecRev
                0x00000000080074ec       0x3a ./Drivers/FUSB_CORE/modules/dpm.o
                0x00000000080074ec                DPM_SpecRev
 .text.DPM_SetSpecRev
                0x0000000008007526       0x70 ./Drivers/FUSB_CORE/modules/dpm.o
                0x0000000008007526                DPM_SetSpecRev
 .text.DPM_Retries
                0x0000000008007596       0x2e ./Drivers/FUSB_CORE/modules/dpm.o
                0x0000000008007596                DPM_Retries
 .text.register_observer
                0x00000000080075c4       0x80 ./Drivers/FUSB_CORE/modules/observer.o
                0x00000000080075c4                register_observer
 .text.notify_observers
                0x0000000008007644       0x7c ./Drivers/FUSB_CORE/modules/observer.o
                0x0000000008007644                notify_observers
 .text.InitializeTickTimer
                0x00000000080076c0       0x4a ./Drivers/Platform_ARM/src/Timing.o
                0x00000000080076c0                InitializeTickTimer
 .text.EnableTickTimer
                0x000000000800770a       0x3c ./Drivers/Platform_ARM/src/Timing.o
                0x000000000800770a                EnableTickTimer
 .text.SetTimeInterrupt
                0x0000000008007746       0x3a ./Drivers/Platform_ARM/src/Timing.o
                0x0000000008007746                SetTimeInterrupt
 .text.ClearTimeInterrupt
                0x0000000008007780       0x1c ./Drivers/Platform_ARM/src/Timing.o
                0x0000000008007780                ClearTimeInterrupt
 .text.InitializeTSTimer
                0x000000000800779c       0x64 ./Drivers/Platform_ARM/src/Timing.o
                0x000000000800779c                InitializeTSTimer
 .text.HAL_Init
                0x0000000008007800       0x2c ./Drivers/STM32F1xx_HAL_Driver/Src/stm32f1xx_hal.o
                0x0000000008007800                HAL_Init
 .text.HAL_InitTick
                0x000000000800782c       0x60 ./Drivers/STM32F1xx_HAL_Driver/Src/stm32f1xx_hal.o
                0x000000000800782c                HAL_InitTick
 .text.HAL_IncTick
                0x000000000800788c       0x24 ./Drivers/STM32F1xx_HAL_Driver/Src/stm32f1xx_hal.o
                0x000000000800788c                HAL_IncTick
 .text.HAL_GetTick
                0x00000000080078b0       0x14 ./Drivers/STM32F1xx_HAL_Driver/Src/stm32f1xx_hal.o
                0x00000000080078b0                HAL_GetTick
 .text.__NVIC_SetPriorityGrouping
                0x00000000080078c4       0x48 ./Drivers/STM32F1xx_HAL_Driver/Src/stm32f1xx_hal_cortex.o
 .text.__NVIC_GetPriorityGrouping
                0x000000000800790c       0x1c ./Drivers/STM32F1xx_HAL_Driver/Src/stm32f1xx_hal_cortex.o
 .text.__NVIC_EnableIRQ
                0x0000000008007928       0x38 ./Drivers/STM32F1xx_HAL_Driver/Src/stm32f1xx_hal_cortex.o
 .text.__NVIC_SetPriority
                0x0000000008007960       0x54 ./Drivers/STM32F1xx_HAL_Driver/Src/stm32f1xx_hal_cortex.o
 .text.NVIC_EncodePriority
                0x00000000080079b4       0x64 ./Drivers/STM32F1xx_HAL_Driver/Src/stm32f1xx_hal_cortex.o
 .text.SysTick_Config
                0x0000000008007a18       0x44 ./Drivers/STM32F1xx_HAL_Driver/Src/stm32f1xx_hal_cortex.o
 .text.HAL_NVIC_SetPriorityGrouping
                0x0000000008007a5c       0x16 ./Drivers/STM32F1xx_HAL_Driver/Src/stm32f1xx_hal_cortex.o
                0x0000000008007a5c                HAL_NVIC_SetPriorityGrouping
 .text.HAL_NVIC_SetPriority
                0x0000000008007a72       0x38 ./Drivers/STM32F1xx_HAL_Driver/Src/stm32f1xx_hal_cortex.o
                0x0000000008007a72                HAL_NVIC_SetPriority
 .text.HAL_NVIC_EnableIRQ
                0x0000000008007aaa       0x1c ./Drivers/STM32F1xx_HAL_Driver/Src/stm32f1xx_hal_cortex.o
                0x0000000008007aaa                HAL_NVIC_EnableIRQ
 .text.HAL_SYSTICK_Config
                0x0000000008007ac6       0x18 ./Drivers/STM32F1xx_HAL_Driver/Src/stm32f1xx_hal_cortex.o
                0x0000000008007ac6                HAL_SYSTICK_Config
 *fill*         0x0000000008007ade        0x2 
 .text.HAL_DMA_Init
                0x0000000008007ae0       0xb4 ./Drivers/STM32F1xx_HAL_Driver/Src/stm32f1xx_hal_dma.o
                0x0000000008007ae0                HAL_DMA_Init
 .text.HAL_DMA_IRQHandler
                0x0000000008007b94      0x20c ./Drivers/STM32F1xx_HAL_Driver/Src/stm32f1xx_hal_dma.o
                0x0000000008007b94                HAL_DMA_IRQHandler
 .text.HAL_GPIO_Init
                0x0000000008007da0      0x308 ./Drivers/STM32F1xx_HAL_Driver/Src/stm32f1xx_hal_gpio.o
                0x0000000008007da0                HAL_GPIO_Init
 .text.HAL_GPIO_WritePin
                0x00000000080080a8       0x30 ./Drivers/STM32F1xx_HAL_Driver/Src/stm32f1xx_hal_gpio.o
                0x00000000080080a8                HAL_GPIO_WritePin
 .text.HAL_I2C_Init
                0x00000000080080d8      0x288 ./Drivers/STM32F1xx_HAL_Driver/Src/stm32f1xx_hal_i2c.o
                0x00000000080080d8                HAL_I2C_Init
 .text.HAL_I2C_Master_Transmit
                0x0000000008008360      0x1fc ./Drivers/STM32F1xx_HAL_Driver/Src/stm32f1xx_hal_i2c.o
                0x0000000008008360                HAL_I2C_Master_Transmit
 .text.HAL_I2C_Master_Receive
                0x000000000800855c      0x4c0 ./Drivers/STM32F1xx_HAL_Driver/Src/stm32f1xx_hal_i2c.o
                0x000000000800855c                HAL_I2C_Master_Receive
 .text.HAL_I2C_Mem_Write
                0x0000000008008a1c      0x1f4 ./Drivers/STM32F1xx_HAL_Driver/Src/stm32f1xx_hal_i2c.o
                0x0000000008008a1c                HAL_I2C_Mem_Write
 .text.HAL_I2C_Mem_Read
                0x0000000008008c10      0x4d0 ./Drivers/STM32F1xx_HAL_Driver/Src/stm32f1xx_hal_i2c.o
                0x0000000008008c10                HAL_I2C_Mem_Read
 .text.I2C_MasterRequestWrite
                0x00000000080090e0      0x104 ./Drivers/STM32F1xx_HAL_Driver/Src/stm32f1xx_hal_i2c.o
 .text.I2C_MasterRequestRead
                0x00000000080091e4      0x19c ./Drivers/STM32F1xx_HAL_Driver/Src/stm32f1xx_hal_i2c.o
 .text.I2C_RequestMemoryWrite
                0x0000000008009380      0x12c ./Drivers/STM32F1xx_HAL_Driver/Src/stm32f1xx_hal_i2c.o
 .text.I2C_RequestMemoryRead
                0x00000000080094ac      0x1d0 ./Drivers/STM32F1xx_HAL_Driver/Src/stm32f1xx_hal_i2c.o
 .text.I2C_WaitOnFlagUntilTimeout
                0x000000000800967c       0xae ./Drivers/STM32F1xx_HAL_Driver/Src/stm32f1xx_hal_i2c.o
 .text.I2C_WaitOnMasterAddressFlagUntilTimeout
                0x000000000800972a       0xfe ./Drivers/STM32F1xx_HAL_Driver/Src/stm32f1xx_hal_i2c.o
 .text.I2C_WaitOnTXEFlagUntilTimeout
                0x0000000008009828       0x82 ./Drivers/STM32F1xx_HAL_Driver/Src/stm32f1xx_hal_i2c.o
 .text.I2C_WaitOnBTFFlagUntilTimeout
                0x00000000080098aa       0x82 ./Drivers/STM32F1xx_HAL_Driver/Src/stm32f1xx_hal_i2c.o
 .text.I2C_WaitOnRXNEFlagUntilTimeout
                0x000000000800992c       0xac ./Drivers/STM32F1xx_HAL_Driver/Src/stm32f1xx_hal_i2c.o
 .text.I2C_IsAcknowledgeFailed
                0x00000000080099d8       0x5c ./Drivers/STM32F1xx_HAL_Driver/Src/stm32f1xx_hal_i2c.o
 .text.HAL_RCC_OscConfig
                0x0000000008009a34      0x500 ./Drivers/STM32F1xx_HAL_Driver/Src/stm32f1xx_hal_rcc.o
                0x0000000008009a34                HAL_RCC_OscConfig
 .text.HAL_RCC_ClockConfig
                0x0000000008009f34      0x1d4 ./Drivers/STM32F1xx_HAL_Driver/Src/stm32f1xx_hal_rcc.o
                0x0000000008009f34                HAL_RCC_ClockConfig
 .text.HAL_RCC_GetSysClockFreq
                0x000000000800a108       0xc0 ./Drivers/STM32F1xx_HAL_Driver/Src/stm32f1xx_hal_rcc.o
                0x000000000800a108                HAL_RCC_GetSysClockFreq
 .text.HAL_RCC_GetHCLKFreq
                0x000000000800a1c8       0x14 ./Drivers/STM32F1xx_HAL_Driver/Src/stm32f1xx_hal_rcc.o
                0x000000000800a1c8                HAL_RCC_GetHCLKFreq
 .text.HAL_RCC_GetPCLK1Freq
                0x000000000800a1dc       0x28 ./Drivers/STM32F1xx_HAL_Driver/Src/stm32f1xx_hal_rcc.o
                0x000000000800a1dc                HAL_RCC_GetPCLK1Freq
 .text.RCC_Delay
                0x000000000800a204       0x3c ./Drivers/STM32F1xx_HAL_Driver/Src/stm32f1xx_hal_rcc.o
 .text.HAL_TIM_Base_Init
                0x000000000800a240       0x9e ./Drivers/STM32F1xx_HAL_Driver/Src/stm32f1xx_hal_tim.o
                0x000000000800a240                HAL_TIM_Base_Init
 .text.HAL_TIM_ConfigClockSource
                0x000000000800a2de      0x188 ./Drivers/STM32F1xx_HAL_Driver/Src/stm32f1xx_hal_tim.o
                0x000000000800a2de                HAL_TIM_ConfigClockSource
 *fill*         0x000000000800a466        0x2 
 .text.TIM_Base_SetConfig
                0x000000000800a468       0xc4 ./Drivers/STM32F1xx_HAL_Driver/Src/stm32f1xx_hal_tim.o
                0x000000000800a468                TIM_Base_SetConfig
 .text.TIM_TI1_ConfigInputStage
                0x000000000800a52c       0x5c ./Drivers/STM32F1xx_HAL_Driver/Src/stm32f1xx_hal_tim.o
 .text.TIM_TI2_ConfigInputStage
                0x000000000800a588       0x5e ./Drivers/STM32F1xx_HAL_Driver/Src/stm32f1xx_hal_tim.o
 .text.TIM_ITRx_SetConfig
                0x000000000800a5e6       0x34 ./Drivers/STM32F1xx_HAL_Driver/Src/stm32f1xx_hal_tim.o
 .text.TIM_ETR_SetConfig
                0x000000000800a61a       0x3e ./Drivers/STM32F1xx_HAL_Driver/Src/stm32f1xx_hal_tim.o
                0x000000000800a61a                TIM_ETR_SetConfig
 .text.HAL_TIMEx_MasterConfigSynchronization
                0x000000000800a658       0xbc ./Drivers/STM32F1xx_HAL_Driver/Src/stm32f1xx_hal_tim_ex.o
                0x000000000800a658                HAL_TIMEx_MasterConfigSynchronization
 .text.__libc_init_array
                0x000000000800a714       0x48 /Applications/STM32CubeIDE.app/Contents/Eclipse/plugins/com.st.stm32cube.ide.mcu.externaltools.gnu-tools-for-stm32.9-2020-q2-update.macos64_2.0.0.202105311346/tools/bin/../lib/gcc/arm-none-eabi/9.3.1/../../../../arm-none-eabi/lib/thumb/v7-m/nofp/libc_nano.a(lib_a-init.o)
                0x000000000800a714                __libc_init_array
 .text.memset   0x000000000800a75c       0x10 /Applications/STM32CubeIDE.app/Contents/Eclipse/plugins/com.st.stm32cube.ide.mcu.externaltools.gnu-tools-for-stm32.9-2020-q2-update.macos64_2.0.0.202105311346/tools/bin/../lib/gcc/arm-none-eabi/9.3.1/../../../../arm-none-eabi/lib/thumb/v7-m/nofp/libc_nano.a(lib_a-memset.o)
                0x000000000800a75c                memset
 *(.glue_7)
 .glue_7        0x000000000800a76c        0x0 linker stubs
 *(.glue_7t)
 .glue_7t       0x000000000800a76c        0x0 linker stubs
 *(.eh_frame)
 .eh_frame      0x000000000800a76c        0x0 /Applications/STM32CubeIDE.app/Contents/Eclipse/plugins/com.st.stm32cube.ide.mcu.externaltools.gnu-tools-for-stm32.9-2020-q2-update.macos64_2.0.0.202105311346/tools/bin/../lib/gcc/arm-none-eabi/9.3.1/thumb/v7-m/nofp/crtbegin.o
 *(.init)
 .init          0x000000000800a76c        0x4 /Applications/STM32CubeIDE.app/Contents/Eclipse/plugins/com.st.stm32cube.ide.mcu.externaltools.gnu-tools-for-stm32.9-2020-q2-update.macos64_2.0.0.202105311346/tools/bin/../lib/gcc/arm-none-eabi/9.3.1/thumb/v7-m/nofp/crti.o
                0x000000000800a76c                _init
 .init          0x000000000800a770        0x8 /Applications/STM32CubeIDE.app/Contents/Eclipse/plugins/com.st.stm32cube.ide.mcu.externaltools.gnu-tools-for-stm32.9-2020-q2-update.macos64_2.0.0.202105311346/tools/bin/../lib/gcc/arm-none-eabi/9.3.1/thumb/v7-m/nofp/crtn.o
 *(.fini)
 .fini          0x000000000800a778        0x4 /Applications/STM32CubeIDE.app/Contents/Eclipse/plugins/com.st.stm32cube.ide.mcu.externaltools.gnu-tools-for-stm32.9-2020-q2-update.macos64_2.0.0.202105311346/tools/bin/../lib/gcc/arm-none-eabi/9.3.1/thumb/v7-m/nofp/crti.o
                0x000000000800a778                _fini
 .fini          0x000000000800a77c        0x8 /Applications/STM32CubeIDE.app/Contents/Eclipse/plugins/com.st.stm32cube.ide.mcu.externaltools.gnu-tools-for-stm32.9-2020-q2-update.macos64_2.0.0.202105311346/tools/bin/../lib/gcc/arm-none-eabi/9.3.1/thumb/v7-m/nofp/crtn.o
                0x000000000800a784                . = ALIGN (0x4)
                0x000000000800a784                _etext = .

.vfp11_veneer   0x000000000800a784        0x0
 .vfp11_veneer  0x000000000800a784        0x0 linker stubs

.v4_bx          0x000000000800a784        0x0
 .v4_bx         0x000000000800a784        0x0 linker stubs

.iplt           0x000000000800a784        0x0
 .iplt          0x000000000800a784        0x0 /Applications/STM32CubeIDE.app/Contents/Eclipse/plugins/com.st.stm32cube.ide.mcu.externaltools.gnu-tools-for-stm32.9-2020-q2-update.macos64_2.0.0.202105311346/tools/bin/../lib/gcc/arm-none-eabi/9.3.1/thumb/v7-m/nofp/crtbegin.o

.rodata         0x000000000800a784       0x28
                0x000000000800a784                . = ALIGN (0x4)
 *(.rodata)
 .rodata        0x000000000800a784       0x10 ./Drivers/STM32F1xx_HAL_Driver/Src/stm32f1xx_hal_rcc.o
 *(.rodata*)
 .rodata.AHBPrescTable
                0x000000000800a794       0x10 ./Core/Src/system_stm32f1xx.o
                0x000000000800a794                AHBPrescTable
 .rodata.APBPrescTable
                0x000000000800a7a4        0x8 ./Core/Src/system_stm32f1xx.o
                0x000000000800a7a4                APBPrescTable
                0x000000000800a7ac                . = ALIGN (0x4)

.rel.dyn        0x000000000800a7ac        0x0
 .rel.iplt      0x000000000800a7ac        0x0 /Applications/STM32CubeIDE.app/Contents/Eclipse/plugins/com.st.stm32cube.ide.mcu.externaltools.gnu-tools-for-stm32.9-2020-q2-update.macos64_2.0.0.202105311346/tools/bin/../lib/gcc/arm-none-eabi/9.3.1/thumb/v7-m/nofp/crtbegin.o

.ARM.extab      0x000000000800a7ac        0x0
                0x000000000800a7ac                . = ALIGN (0x4)
 *(.ARM.extab* .gnu.linkonce.armextab.*)
                0x000000000800a7ac                . = ALIGN (0x4)

.ARM            0x000000000800a7ac        0x0
                0x000000000800a7ac                . = ALIGN (0x4)
                0x000000000800a7ac                __exidx_start = .
 *(.ARM.exidx*)
                0x000000000800a7ac                __exidx_end = .
                0x000000000800a7ac                . = ALIGN (0x4)

.preinit_array  0x000000000800a7ac        0x0
                0x000000000800a7ac                . = ALIGN (0x4)
                0x000000000800a7ac                PROVIDE (__preinit_array_start = .)
 *(.preinit_array*)
                0x000000000800a7ac                PROVIDE (__preinit_array_end = .)
                0x000000000800a7ac                . = ALIGN (0x4)

.init_array     0x000000000800a7ac        0x4
                0x000000000800a7ac                . = ALIGN (0x4)
                0x000000000800a7ac                PROVIDE (__init_array_start = .)
 *(SORT_BY_NAME(.init_array.*))
 *(.init_array*)
 .init_array    0x000000000800a7ac        0x4 /Applications/STM32CubeIDE.app/Contents/Eclipse/plugins/com.st.stm32cube.ide.mcu.externaltools.gnu-tools-for-stm32.9-2020-q2-update.macos64_2.0.0.202105311346/tools/bin/../lib/gcc/arm-none-eabi/9.3.1/thumb/v7-m/nofp/crtbegin.o
                0x000000000800a7b0                PROVIDE (__init_array_end = .)
                0x000000000800a7b0                . = ALIGN (0x4)

.fini_array     0x000000000800a7b0        0x4
                0x000000000800a7b0                . = ALIGN (0x4)
                [!provide]                        PROVIDE (__fini_array_start = .)
 *(SORT_BY_NAME(.fini_array.*))
 *(.fini_array*)
 .fini_array    0x000000000800a7b0        0x4 /Applications/STM32CubeIDE.app/Contents/Eclipse/plugins/com.st.stm32cube.ide.mcu.externaltools.gnu-tools-for-stm32.9-2020-q2-update.macos64_2.0.0.202105311346/tools/bin/../lib/gcc/arm-none-eabi/9.3.1/thumb/v7-m/nofp/crtbegin.o
                [!provide]                        PROVIDE (__fini_array_end = .)
                0x000000000800a7b4                . = ALIGN (0x4)
                0x000000000800a7b4                _sidata = LOADADDR (.data)

.data           0x0000000020000000       0x14 load address 0x000000000800a7b4
                0x0000000020000000                . = ALIGN (0x4)
                0x0000000020000000                _sdata = .
 *(.data)
 *(.data*)
 .data.SystemCoreClock
                0x0000000020000000        0x4 ./Core/Src/system_stm32f1xx.o
                0x0000000020000000                SystemCoreClock
 .data.gCountry_codes
                0x0000000020000004        0x6 ./Drivers/FUSB_CORE/vendor_info.o
                0x0000000020000004                gCountry_codes
 *fill*         0x000000002000000a        0x2 
 .data.uwTickPrio
                0x000000002000000c        0x4 ./Drivers/STM32F1xx_HAL_Driver/Src/stm32f1xx_hal.o
                0x000000002000000c                uwTickPrio
 .data.uwTickFreq
                0x0000000020000010        0x1 ./Drivers/STM32F1xx_HAL_Driver/Src/stm32f1xx_hal.o
                0x0000000020000010                uwTickFreq
 *(.RamFunc)
 *(.RamFunc*)
                0x0000000020000014                . = ALIGN (0x4)
 *fill*         0x0000000020000011        0x3 
                0x0000000020000014                _edata = .

.igot.plt       0x0000000020000014        0x0 load address 0x000000000800a7c8
 .igot.plt      0x0000000020000014        0x0 /Applications/STM32CubeIDE.app/Contents/Eclipse/plugins/com.st.stm32cube.ide.mcu.externaltools.gnu-tools-for-stm32.9-2020-q2-update.macos64_2.0.0.202105311346/tools/bin/../lib/gcc/arm-none-eabi/9.3.1/thumb/v7-m/nofp/crtbegin.o
                0x0000000020000014                . = ALIGN (0x4)

.bss            0x0000000020000014      0x664 load address 0x000000000800a7c8
                0x0000000020000014                _sbss = .
                0x0000000020000014                __bss_start__ = _sbss
 *(.bss)
 .bss           0x0000000020000014       0x1c /Applications/STM32CubeIDE.app/Contents/Eclipse/plugins/com.st.stm32cube.ide.mcu.externaltools.gnu-tools-for-stm32.9-2020-q2-update.macos64_2.0.0.202105311346/tools/bin/../lib/gcc/arm-none-eabi/9.3.1/thumb/v7-m/nofp/crtbegin.o
 *(.bss*)
 .bss.haveINTReady
                0x0000000020000030        0x1 ./Core/Src/main.o
                0x0000000020000030                haveINTReady
 *fill*         0x0000000020000031        0x3 
 .bss.dpm       0x0000000020000034        0x4 ./Core/Src/main.o
 .bss.ports     0x0000000020000038      0x404 ./Core/Src/main.o
 .bss.devicePolicyMgr
                0x000000002000043c        0x8 ./Drivers/FUSB_CORE/modules/dpm.o
 .bss.observers
                0x0000000020000444       0x7c ./Drivers/FUSB_CORE/modules/observer.o
 *(COMMON)
 COMMON         0x00000000200004c0      0x1b4 ./Core/Src/main.o
                0x00000000200004c0                hdma_i2c1_tx
                0x0000000020000504                hi2c1
                0x0000000020000558                htim3
                0x00000000200005a0                htim1
                0x00000000200005e8                hdma_i2c1_rx
                0x000000002000062c                htim2
 COMMON         0x0000000020000674        0x4 ./Drivers/STM32F1xx_HAL_Driver/Src/stm32f1xx_hal.o
                0x0000000020000674                uwTick
                0x0000000020000678                . = ALIGN (0x4)
                0x0000000020000678                _ebss = .
                0x0000000020000678                __bss_end__ = _ebss

._user_heap_stack
                0x0000000020000678      0x600 load address 0x000000000800a7c8
                0x0000000020000678                . = ALIGN (0x8)
                [!provide]                        PROVIDE (end = .)
                0x0000000020000678                PROVIDE (_end = .)
                0x0000000020000878                . = (. + _Min_Heap_Size)
 *fill*         0x0000000020000678      0x200 
                0x0000000020000c78                . = (. + _Min_Stack_Size)
 *fill*         0x0000000020000878      0x400 
                0x0000000020000c78                . = ALIGN (0x8)

/DISCARD/
 libc.a(*)
 libm.a(*)
 libgcc.a(*)

.ARM.attributes
                0x0000000000000000       0x29
 *(.ARM.attributes)
 .ARM.attributes
                0x0000000000000000       0x1d /Applications/STM32CubeIDE.app/Contents/Eclipse/plugins/com.st.stm32cube.ide.mcu.externaltools.gnu-tools-for-stm32.9-2020-q2-update.macos64_2.0.0.202105311346/tools/bin/../lib/gcc/arm-none-eabi/9.3.1/thumb/v7-m/nofp/crti.o
 .ARM.attributes
                0x000000000000001d       0x2d /Applications/STM32CubeIDE.app/Contents/Eclipse/plugins/com.st.stm32cube.ide.mcu.externaltools.gnu-tools-for-stm32.9-2020-q2-update.macos64_2.0.0.202105311346/tools/bin/../lib/gcc/arm-none-eabi/9.3.1/thumb/v7-m/nofp/crtbegin.o
 .ARM.attributes
                0x000000000000004a       0x2d ./Core/Src/main.o
 .ARM.attributes
                0x0000000000000077       0x2d ./Core/Src/platform.o
 .ARM.attributes
                0x00000000000000a4       0x2d ./Core/Src/stm32f1xx_hal_msp.o
 .ARM.attributes
                0x00000000000000d1       0x2d ./Core/Src/stm32f1xx_it.o
 .ARM.attributes
                0x00000000000000fe       0x2d ./Core/Src/system_stm32f1xx.o
 .ARM.attributes
                0x000000000000012b       0x21 ./Core/Startup/startup_stm32f103c8tx.o
 .ARM.attributes
                0x000000000000014c       0x2d ./Drivers/FUSB_CORE/PDPolicy.o
 .ARM.attributes
                0x0000000000000179       0x2d ./Drivers/FUSB_CORE/PDProtocol.o
 .ARM.attributes
                0x00000000000001a6       0x2d ./Drivers/FUSB_CORE/Port.o
 .ARM.attributes
                0x00000000000001d3       0x2d ./Drivers/FUSB_CORE/TypeC.o
 .ARM.attributes
                0x0000000000000200       0x2d ./Drivers/FUSB_CORE/core.o
 .ARM.attributes
                0x000000000000022d       0x2d ./Drivers/FUSB_CORE/fusb30X.o
 .ARM.attributes
                0x000000000000025a       0x2d ./Drivers/FUSB_CORE/timer.o
 .ARM.attributes
                0x0000000000000287       0x2d ./Drivers/FUSB_CORE/vendor_info.o
 .ARM.attributes
                0x00000000000002b4       0x2d ./Drivers/FUSB_CORE/modules/dpm.o
 .ARM.attributes
                0x00000000000002e1       0x2d ./Drivers/FUSB_CORE/modules/observer.o
 .ARM.attributes
                0x000000000000030e       0x2d ./Drivers/Platform_ARM/src/Timing.o
 .ARM.attributes
                0x000000000000033b       0x2d ./Drivers/STM32F1xx_HAL_Driver/Src/stm32f1xx_hal.o
 .ARM.attributes
                0x0000000000000368       0x2d ./Drivers/STM32F1xx_HAL_Driver/Src/stm32f1xx_hal_cortex.o
 .ARM.attributes
                0x0000000000000395       0x2d ./Drivers/STM32F1xx_HAL_Driver/Src/stm32f1xx_hal_dma.o
 .ARM.attributes
                0x00000000000003c2       0x2d ./Drivers/STM32F1xx_HAL_Driver/Src/stm32f1xx_hal_gpio.o
 .ARM.attributes
                0x00000000000003ef       0x2d ./Drivers/STM32F1xx_HAL_Driver/Src/stm32f1xx_hal_i2c.o
 .ARM.attributes
                0x000000000000041c       0x2d ./Drivers/STM32F1xx_HAL_Driver/Src/stm32f1xx_hal_rcc.o
 .ARM.attributes
                0x0000000000000449       0x2d ./Drivers/STM32F1xx_HAL_Driver/Src/stm32f1xx_hal_tim.o
 .ARM.attributes
                0x0000000000000476       0x2d ./Drivers/STM32F1xx_HAL_Driver/Src/stm32f1xx_hal_tim_ex.o
 .ARM.attributes
                0x00000000000004a3       0x2d /Applications/STM32CubeIDE.app/Contents/Eclipse/plugins/com.st.stm32cube.ide.mcu.externaltools.gnu-tools-for-stm32.9-2020-q2-update.macos64_2.0.0.202105311346/tools/bin/../lib/gcc/arm-none-eabi/9.3.1/../../../../arm-none-eabi/lib/thumb/v7-m/nofp/libc_nano.a(lib_a-init.o)
 .ARM.attributes
                0x00000000000004d0       0x2d /Applications/STM32CubeIDE.app/Contents/Eclipse/plugins/com.st.stm32cube.ide.mcu.externaltools.gnu-tools-for-stm32.9-2020-q2-update.macos64_2.0.0.202105311346/tools/bin/../lib/gcc/arm-none-eabi/9.3.1/../../../../arm-none-eabi/lib/thumb/v7-m/nofp/libc_nano.a(lib_a-memset.o)
 .ARM.attributes
                0x00000000000004fd       0x1d /Applications/STM32CubeIDE.app/Contents/Eclipse/plugins/com.st.stm32cube.ide.mcu.externaltools.gnu-tools-for-stm32.9-2020-q2-update.macos64_2.0.0.202105311346/tools/bin/../lib/gcc/arm-none-eabi/9.3.1/thumb/v7-m/nofp/crtn.o
OUTPUT(usbpd_fusb302.elf elf32-littlearm)
LOAD linker stubs
LOAD /Applications/STM32CubeIDE.app/Contents/Eclipse/plugins/com.st.stm32cube.ide.mcu.externaltools.gnu-tools-for-stm32.9-2020-q2-update.macos64_2.0.0.202105311346/tools/bin/../lib/gcc/arm-none-eabi/9.3.1/../../../../arm-none-eabi/lib/thumb/v7-m/nofp/libc.a
LOAD /Applications/STM32CubeIDE.app/Contents/Eclipse/plugins/com.st.stm32cube.ide.mcu.externaltools.gnu-tools-for-stm32.9-2020-q2-update.macos64_2.0.0.202105311346/tools/bin/../lib/gcc/arm-none-eabi/9.3.1/../../../../arm-none-eabi/lib/thumb/v7-m/nofp/libm.a
LOAD /Applications/STM32CubeIDE.app/Contents/Eclipse/plugins/com.st.stm32cube.ide.mcu.externaltools.gnu-tools-for-stm32.9-2020-q2-update.macos64_2.0.0.202105311346/tools/bin/../lib/gcc/arm-none-eabi/9.3.1/thumb/v7-m/nofp/libgcc.a

.debug_info     0x0000000000000000    0x1dbf0
 .debug_info    0x0000000000000000     0x31fe ./Core/Src/main.o
 .debug_info    0x00000000000031fe      0xc92 ./Core/Src/platform.o
 .debug_info    0x0000000000003e90      0xd78 ./Core/Src/stm32f1xx_hal_msp.o
 .debug_info    0x0000000000004c08      0x488 ./Core/Src/stm32f1xx_it.o
 .debug_info    0x0000000000005090      0x2be ./Core/Src/system_stm32f1xx.o
 .debug_info    0x000000000000534e       0x22 ./Core/Startup/startup_stm32f103c8tx.o
 .debug_info    0x0000000000005370     0x2d52 ./Drivers/FUSB_CORE/PDPolicy.o
 .debug_info    0x00000000000080c2     0x246a ./Drivers/FUSB_CORE/PDProtocol.o
 .debug_info    0x000000000000a52c     0x22bc ./Drivers/FUSB_CORE/Port.o
 .debug_info    0x000000000000c7e8     0x2795 ./Drivers/FUSB_CORE/TypeC.o
 .debug_info    0x000000000000ef7d     0x23c3 ./Drivers/FUSB_CORE/core.o
 .debug_info    0x0000000000011340      0x142 ./Drivers/FUSB_CORE/fusb30X.o
 .debug_info    0x0000000000011482      0x1f2 ./Drivers/FUSB_CORE/timer.o
 .debug_info    0x0000000000011674      0x827 ./Drivers/FUSB_CORE/vendor_info.o
 .debug_info    0x0000000000011e9b     0x248a ./Drivers/FUSB_CORE/modules/dpm.o
 .debug_info    0x0000000000014325      0x24e ./Drivers/FUSB_CORE/modules/observer.o
 .debug_info    0x0000000000014573      0x4e2 ./Drivers/Platform_ARM/src/Timing.o
 .debug_info    0x0000000000014a55      0x76a ./Drivers/STM32F1xx_HAL_Driver/Src/stm32f1xx_hal.o
 .debug_info    0x00000000000151bf      0xbdc ./Drivers/STM32F1xx_HAL_Driver/Src/stm32f1xx_hal_cortex.o
 .debug_info    0x0000000000015d9b      0x81e ./Drivers/STM32F1xx_HAL_Driver/Src/stm32f1xx_hal_dma.o
 .debug_info    0x00000000000165b9      0x701 ./Drivers/STM32F1xx_HAL_Driver/Src/stm32f1xx_hal_gpio.o
 .debug_info    0x0000000000016cba     0x278e ./Drivers/STM32F1xx_HAL_Driver/Src/stm32f1xx_hal_i2c.o
 .debug_info    0x0000000000019448      0x88e ./Drivers/STM32F1xx_HAL_Driver/Src/stm32f1xx_hal_rcc.o
 .debug_info    0x0000000000019cd6     0x2a45 ./Drivers/STM32F1xx_HAL_Driver/Src/stm32f1xx_hal_tim.o
 .debug_info    0x000000000001c71b     0x14d5 ./Drivers/STM32F1xx_HAL_Driver/Src/stm32f1xx_hal_tim_ex.o

.debug_abbrev   0x0000000000000000     0x35b8
 .debug_abbrev  0x0000000000000000      0x3e8 ./Core/Src/main.o
 .debug_abbrev  0x00000000000003e8      0x299 ./Core/Src/platform.o
 .debug_abbrev  0x0000000000000681      0x1db ./Core/Src/stm32f1xx_hal_msp.o
 .debug_abbrev  0x000000000000085c      0x163 ./Core/Src/stm32f1xx_it.o
 .debug_abbrev  0x00000000000009bf      0x14e ./Core/Src/system_stm32f1xx.o
 .debug_abbrev  0x0000000000000b0d       0x12 ./Core/Startup/startup_stm32f103c8tx.o
 .debug_abbrev  0x0000000000000b1f      0x332 ./Drivers/FUSB_CORE/PDPolicy.o
 .debug_abbrev  0x0000000000000e51      0x30a ./Drivers/FUSB_CORE/PDProtocol.o
 .debug_abbrev  0x000000000000115b      0x2f6 ./Drivers/FUSB_CORE/Port.o
 .debug_abbrev  0x0000000000001451      0x330 ./Drivers/FUSB_CORE/TypeC.o
 .debug_abbrev  0x0000000000001781      0x2c1 ./Drivers/FUSB_CORE/core.o
 .debug_abbrev  0x0000000000001a42       0xa3 ./Drivers/FUSB_CORE/fusb30X.o
 .debug_abbrev  0x0000000000001ae5      0x13b ./Drivers/FUSB_CORE/timer.o
 .debug_abbrev  0x0000000000001c20      0x1b5 ./Drivers/FUSB_CORE/vendor_info.o
 .debug_abbrev  0x0000000000001dd5      0x28f ./Drivers/FUSB_CORE/modules/dpm.o
 .debug_abbrev  0x0000000000002064      0x128 ./Drivers/FUSB_CORE/modules/observer.o
 .debug_abbrev  0x000000000000218c      0x15d ./Drivers/Platform_ARM/src/Timing.o
 .debug_abbrev  0x00000000000022e9      0x1ed ./Drivers/STM32F1xx_HAL_Driver/Src/stm32f1xx_hal.o
 .debug_abbrev  0x00000000000024d6      0x313 ./Drivers/STM32F1xx_HAL_Driver/Src/stm32f1xx_hal_cortex.o
 .debug_abbrev  0x00000000000027e9      0x228 ./Drivers/STM32F1xx_HAL_Driver/Src/stm32f1xx_hal_dma.o
 .debug_abbrev  0x0000000000002a11      0x1e8 ./Drivers/STM32F1xx_HAL_Driver/Src/stm32f1xx_hal_gpio.o
 .debug_abbrev  0x0000000000002bf9      0x288 ./Drivers/STM32F1xx_HAL_Driver/Src/stm32f1xx_hal_i2c.o
 .debug_abbrev  0x0000000000002e81      0x273 ./Drivers/STM32F1xx_HAL_Driver/Src/stm32f1xx_hal_rcc.o
 .debug_abbrev  0x00000000000030f4      0x25e ./Drivers/STM32F1xx_HAL_Driver/Src/stm32f1xx_hal_tim.o
 .debug_abbrev  0x0000000000003352      0x266 ./Drivers/STM32F1xx_HAL_Driver/Src/stm32f1xx_hal_tim_ex.o

.debug_aranges  0x0000000000000000     0x1318
 .debug_aranges
                0x0000000000000000       0x80 ./Core/Src/main.o
 .debug_aranges
                0x0000000000000080       0x88 ./Core/Src/platform.o
 .debug_aranges
                0x0000000000000108       0x40 ./Core/Src/stm32f1xx_hal_msp.o
 .debug_aranges
                0x0000000000000148       0x70 ./Core/Src/stm32f1xx_it.o
 .debug_aranges
                0x00000000000001b8       0x28 ./Core/Src/system_stm32f1xx.o
 .debug_aranges
                0x00000000000001e0       0x28 ./Core/Startup/startup_stm32f103c8tx.o
 .debug_aranges
                0x0000000000000208      0x1a8 ./Drivers/FUSB_CORE/PDPolicy.o
 .debug_aranges
                0x00000000000003b0       0x98 ./Drivers/FUSB_CORE/PDProtocol.o
 .debug_aranges
                0x0000000000000448       0x60 ./Drivers/FUSB_CORE/Port.o
 .debug_aranges
                0x00000000000004a8      0x120 ./Drivers/FUSB_CORE/TypeC.o
 .debug_aranges
                0x00000000000005c8       0xb0 ./Drivers/FUSB_CORE/core.o
 .debug_aranges
                0x0000000000000678       0x28 ./Drivers/FUSB_CORE/fusb30X.o
 .debug_aranges
                0x00000000000006a0       0x48 ./Drivers/FUSB_CORE/timer.o
 .debug_aranges
                0x00000000000006e8       0x28 ./Drivers/FUSB_CORE/vendor_info.o
 .debug_aranges
                0x0000000000000710       0x70 ./Drivers/FUSB_CORE/modules/dpm.o
 .debug_aranges
                0x0000000000000780       0x30 ./Drivers/FUSB_CORE/modules/observer.o
 .debug_aranges
                0x00000000000007b0       0x48 ./Drivers/Platform_ARM/src/Timing.o
 .debug_aranges
                0x00000000000007f8       0xe0 ./Drivers/STM32F1xx_HAL_Driver/Src/stm32f1xx_hal.o
 .debug_aranges
                0x00000000000008d8      0x100 ./Drivers/STM32F1xx_HAL_Driver/Src/stm32f1xx_hal_cortex.o
 .debug_aranges
                0x00000000000009d8       0x80 ./Drivers/STM32F1xx_HAL_Driver/Src/stm32f1xx_hal_dma.o
 .debug_aranges
                0x0000000000000a58       0x58 ./Drivers/STM32F1xx_HAL_Driver/Src/stm32f1xx_hal_gpio.o
 .debug_aranges
                0x0000000000000ab0      0x2a0 ./Drivers/STM32F1xx_HAL_Driver/Src/stm32f1xx_hal_i2c.o
 .debug_aranges
                0x0000000000000d50       0x90 ./Drivers/STM32F1xx_HAL_Driver/Src/stm32f1xx_hal_rcc.o
 .debug_aranges
                0x0000000000000de0      0x3d0 ./Drivers/STM32F1xx_HAL_Driver/Src/stm32f1xx_hal_tim.o
 .debug_aranges
                0x00000000000011b0      0x168 ./Drivers/STM32F1xx_HAL_Driver/Src/stm32f1xx_hal_tim_ex.o

.debug_ranges   0x0000000000000000     0x1200
 .debug_ranges  0x0000000000000000       0x88 ./Core/Src/main.o
 .debug_ranges  0x0000000000000088       0x78 ./Core/Src/platform.o
 .debug_ranges  0x0000000000000100       0x30 ./Core/Src/stm32f1xx_hal_msp.o
 .debug_ranges  0x0000000000000130       0x60 ./Core/Src/stm32f1xx_it.o
 .debug_ranges  0x0000000000000190       0x18 ./Core/Src/system_stm32f1xx.o
 .debug_ranges  0x00000000000001a8       0x20 ./Core/Startup/startup_stm32f103c8tx.o
 .debug_ranges  0x00000000000001c8      0x198 ./Drivers/FUSB_CORE/PDPolicy.o
 .debug_ranges  0x0000000000000360       0xa0 ./Drivers/FUSB_CORE/PDProtocol.o
 .debug_ranges  0x0000000000000400       0x50 ./Drivers/FUSB_CORE/Port.o
 .debug_ranges  0x0000000000000450      0x128 ./Drivers/FUSB_CORE/TypeC.o
 .debug_ranges  0x0000000000000578       0xa0 ./Drivers/FUSB_CORE/core.o
 .debug_ranges  0x0000000000000618       0x18 ./Drivers/FUSB_CORE/fusb30X.o
 .debug_ranges  0x0000000000000630       0x38 ./Drivers/FUSB_CORE/timer.o
 .debug_ranges  0x0000000000000668       0x18 ./Drivers/FUSB_CORE/vendor_info.o
 .debug_ranges  0x0000000000000680       0x60 ./Drivers/FUSB_CORE/modules/dpm.o
 .debug_ranges  0x00000000000006e0       0x20 ./Drivers/FUSB_CORE/modules/observer.o
 .debug_ranges  0x0000000000000700       0x38 ./Drivers/Platform_ARM/src/Timing.o
 .debug_ranges  0x0000000000000738       0xd0 ./Drivers/STM32F1xx_HAL_Driver/Src/stm32f1xx_hal.o
 .debug_ranges  0x0000000000000808       0xf0 ./Drivers/STM32F1xx_HAL_Driver/Src/stm32f1xx_hal_cortex.o
 .debug_ranges  0x00000000000008f8       0x70 ./Drivers/STM32F1xx_HAL_Driver/Src/stm32f1xx_hal_dma.o
 .debug_ranges  0x0000000000000968       0x48 ./Drivers/STM32F1xx_HAL_Driver/Src/stm32f1xx_hal_gpio.o
 .debug_ranges  0x00000000000009b0      0x2b8 ./Drivers/STM32F1xx_HAL_Driver/Src/stm32f1xx_hal_i2c.o
 .debug_ranges  0x0000000000000c68       0x80 ./Drivers/STM32F1xx_HAL_Driver/Src/stm32f1xx_hal_rcc.o
 .debug_ranges  0x0000000000000ce8      0x3c0 ./Drivers/STM32F1xx_HAL_Driver/Src/stm32f1xx_hal_tim.o
 .debug_ranges  0x00000000000010a8      0x158 ./Drivers/STM32F1xx_HAL_Driver/Src/stm32f1xx_hal_tim_ex.o

.debug_macro    0x0000000000000000    0x18e27
 .debug_macro   0x0000000000000000      0x2e0 ./Core/Src/main.o
 .debug_macro   0x00000000000002e0      0xac6 ./Core/Src/main.o
 .debug_macro   0x0000000000000da6      0x221 ./Core/Src/main.o
 .debug_macro   0x0000000000000fc7       0x2e ./Core/Src/main.o
 .debug_macro   0x0000000000000ff5       0x22 ./Core/Src/main.o
 .debug_macro   0x0000000000001017       0x22 ./Core/Src/main.o
 .debug_macro   0x0000000000001039       0x8e ./Core/Src/main.o
 .debug_macro   0x00000000000010c7       0x51 ./Core/Src/main.o
 .debug_macro   0x0000000000001118      0x103 ./Core/Src/main.o
 .debug_macro   0x000000000000121b       0x6a ./Core/Src/main.o
 .debug_macro   0x0000000000001285      0x1df ./Core/Src/main.o
 .debug_macro   0x0000000000001464       0x1c ./Core/Src/main.o
 .debug_macro   0x0000000000001480       0x22 ./Core/Src/main.o
 .debug_macro   0x00000000000014a2       0xc3 ./Core/Src/main.o
 .debug_macro   0x0000000000001565      0xd23 ./Core/Src/main.o
 .debug_macro   0x0000000000002288     0xe09e ./Core/Src/main.o
 .debug_macro   0x0000000000010326       0x6d ./Core/Src/main.o
 .debug_macro   0x0000000000010393     0x3468 ./Core/Src/main.o
 .debug_macro   0x00000000000137fb      0x174 ./Core/Src/main.o
 .debug_macro   0x000000000001396f       0x5c ./Core/Src/main.o
 .debug_macro   0x00000000000139cb      0x5be ./Core/Src/main.o
 .debug_macro   0x0000000000013f89      0x289 ./Core/Src/main.o
 .debug_macro   0x0000000000014212      0x1cb ./Core/Src/main.o
 .debug_macro   0x00000000000143dd      0x114 ./Core/Src/main.o
 .debug_macro   0x00000000000144f1      0x1b2 ./Core/Src/main.o
 .debug_macro   0x00000000000146a3       0x27 ./Core/Src/main.o
 .debug_macro   0x00000000000146ca      0x136 ./Core/Src/main.o
 .debug_macro   0x0000000000014800      0x1bc ./Core/Src/main.o
 .debug_macro   0x00000000000149bc       0x34 ./Core/Src/main.o
 .debug_macro   0x00000000000149f0       0x3c ./Core/Src/main.o
 .debug_macro   0x0000000000014a2c       0x57 ./Core/Src/main.o
 .debug_macro   0x0000000000014a83       0x88 ./Core/Src/main.o
 .debug_macro   0x0000000000014b0b      0x241 ./Core/Src/main.o
 .debug_macro   0x0000000000014d4c      0x287 ./Core/Src/main.o
 .debug_macro   0x0000000000014fd3      0x141 ./Core/Src/main.o
 .debug_macro   0x0000000000015114      0x8d1 ./Core/Src/main.o
 .debug_macro   0x00000000000159e5       0x5f ./Core/Src/main.o
 .debug_macro   0x0000000000015a44      0x249 ./Core/Src/main.o
 .debug_macro   0x0000000000015c8d       0x83 ./Core/Src/main.o
 .debug_macro   0x0000000000015d10       0x28 ./Core/Src/main.o
 .debug_macro   0x0000000000015d38       0x10 ./Core/Src/main.o
 .debug_macro   0x0000000000015d48      0x20d ./Core/Src/main.o
 .debug_macro   0x0000000000015f55      0x281 ./Core/Src/main.o
 .debug_macro   0x00000000000161d6       0x10 ./Core/Src/main.o
 .debug_macro   0x00000000000161e6       0x10 ./Core/Src/main.o
 .debug_macro   0x00000000000161f6       0xae ./Core/Src/main.o
 .debug_macro   0x00000000000162a4      0x22b ./Core/Src/platform.o
 .debug_macro   0x00000000000164cf       0xa5 ./Core/Src/platform.o
 .debug_macro   0x0000000000016574      0x1db ./Core/Src/stm32f1xx_hal_msp.o
 .debug_macro   0x000000000001674f      0x1e5 ./Core/Src/stm32f1xx_it.o
 .debug_macro   0x0000000000016934      0x1d1 ./Core/Src/system_stm32f1xx.o
 .debug_macro   0x0000000000016b05       0xe4 ./Drivers/FUSB_CORE/PDPolicy.o
 .debug_macro   0x0000000000016be9       0x5e ./Drivers/FUSB_CORE/PDPolicy.o
 .debug_macro   0x0000000000016c47       0x70 ./Drivers/FUSB_CORE/PDPolicy.o
 .debug_macro   0x0000000000016cb7      0x4fa ./Drivers/FUSB_CORE/PDPolicy.o
 .debug_macro   0x00000000000171b1       0xbc ./Drivers/FUSB_CORE/PDProtocol.o
 .debug_macro   0x000000000001726d       0xdc ./Drivers/FUSB_CORE/Port.o
 .debug_macro   0x0000000000017349       0xe4 ./Drivers/FUSB_CORE/TypeC.o
 .debug_macro   0x000000000001742d       0x58 ./Drivers/FUSB_CORE/TypeC.o
 .debug_macro   0x0000000000017485       0x6a ./Drivers/FUSB_CORE/TypeC.o
 .debug_macro   0x00000000000174ef       0xdf ./Drivers/FUSB_CORE/core.o
 .debug_macro   0x00000000000175ce       0x1c ./Drivers/FUSB_CORE/core.o
 .debug_macro   0x00000000000175ea       0x38 ./Drivers/FUSB_CORE/fusb30X.o
 .debug_macro   0x0000000000017622      0x207 ./Drivers/FUSB_CORE/fusb30X.o
 .debug_macro   0x0000000000017829       0x39 ./Drivers/FUSB_CORE/timer.o
 .debug_macro   0x0000000000017862       0x5a ./Drivers/FUSB_CORE/vendor_info.o
 .debug_macro   0x00000000000178bc      0x27b ./Drivers/FUSB_CORE/vendor_info.o
 .debug_macro   0x0000000000017b37       0xcf ./Drivers/FUSB_CORE/modules/dpm.o
 .debug_macro   0x0000000000017c06       0x39 ./Drivers/FUSB_CORE/modules/observer.o
 .debug_macro   0x0000000000017c3f      0x277 ./Drivers/Platform_ARM/src/Timing.o
 .debug_macro   0x0000000000017eb6      0x1f5 ./Drivers/STM32F1xx_HAL_Driver/Src/stm32f1xx_hal.o
 .debug_macro   0x00000000000180ab      0x1d1 ./Drivers/STM32F1xx_HAL_Driver/Src/stm32f1xx_hal_cortex.o
 .debug_macro   0x000000000001827c      0x1d1 ./Drivers/STM32F1xx_HAL_Driver/Src/stm32f1xx_hal_dma.o
 .debug_macro   0x000000000001844d      0x23c ./Drivers/STM32F1xx_HAL_Driver/Src/stm32f1xx_hal_gpio.o
 .debug_macro   0x0000000000018689      0x218 ./Drivers/STM32F1xx_HAL_Driver/Src/stm32f1xx_hal_i2c.o
 .debug_macro   0x00000000000188a1      0x1e3 ./Drivers/STM32F1xx_HAL_Driver/Src/stm32f1xx_hal_rcc.o
 .debug_macro   0x0000000000018a84      0x1d2 ./Drivers/STM32F1xx_HAL_Driver/Src/stm32f1xx_hal_tim.o
 .debug_macro   0x0000000000018c56      0x1d1 ./Drivers/STM32F1xx_HAL_Driver/Src/stm32f1xx_hal_tim_ex.o

.debug_line     0x0000000000000000    0x13af3
 .debug_line    0x0000000000000000      0xc25 ./Core/Src/main.o
 .debug_line    0x0000000000000c25      0x91a ./Core/Src/platform.o
 .debug_line    0x000000000000153f      0x827 ./Core/Src/stm32f1xx_hal_msp.o
 .debug_line    0x0000000000001d66      0x810 ./Core/Src/stm32f1xx_it.o
 .debug_line    0x0000000000002576      0x79c ./Core/Src/system_stm32f1xx.o
 .debug_line    0x0000000000002d12       0x87 ./Core/Startup/startup_stm32f103c8tx.o
 .debug_line    0x0000000000002d99     0x1832 ./Drivers/FUSB_CORE/PDPolicy.o
 .debug_line    0x00000000000045cb      0xa9a ./Drivers/FUSB_CORE/PDProtocol.o
 .debug_line    0x0000000000005065      0x43a ./Drivers/FUSB_CORE/Port.o
 .debug_line    0x000000000000549f      0xc77 ./Drivers/FUSB_CORE/TypeC.o
 .debug_line    0x0000000000006116      0x457 ./Drivers/FUSB_CORE/core.o
 .debug_line    0x000000000000656d       0xb2 ./Drivers/FUSB_CORE/fusb30X.o
 .debug_line    0x000000000000661f      0x178 ./Drivers/FUSB_CORE/timer.o
 .debug_line    0x0000000000006797      0x170 ./Drivers/FUSB_CORE/vendor_info.o
 .debug_line    0x0000000000006907      0x38e ./Drivers/FUSB_CORE/modules/dpm.o
 .debug_line    0x0000000000006c95      0x172 ./Drivers/FUSB_CORE/modules/observer.o
 .debug_line    0x0000000000006e07      0xa04 ./Drivers/Platform_ARM/src/Timing.o
 .debug_line    0x000000000000780b      0x9c9 ./Drivers/STM32F1xx_HAL_Driver/Src/stm32f1xx_hal.o
 .debug_line    0x00000000000081d4      0xbb1 ./Drivers/STM32F1xx_HAL_Driver/Src/stm32f1xx_hal_cortex.o
 .debug_line    0x0000000000008d85      0xe21 ./Drivers/STM32F1xx_HAL_Driver/Src/stm32f1xx_hal_dma.o
 .debug_line    0x0000000000009ba6      0xa60 ./Drivers/STM32F1xx_HAL_Driver/Src/stm32f1xx_hal_gpio.o
 .debug_line    0x000000000000a606     0x3ab3 ./Drivers/STM32F1xx_HAL_Driver/Src/stm32f1xx_hal_i2c.o
 .debug_line    0x000000000000e0b9      0xdd7 ./Drivers/STM32F1xx_HAL_Driver/Src/stm32f1xx_hal_rcc.o
 .debug_line    0x000000000000ee90     0x3372 ./Drivers/STM32F1xx_HAL_Driver/Src/stm32f1xx_hal_tim.o
 .debug_line    0x0000000000012202     0x18f1 ./Drivers/STM32F1xx_HAL_Driver/Src/stm32f1xx_hal_tim_ex.o

.debug_str      0x0000000000000000    0x8f64f
 .debug_str     0x0000000000000000    0x89631 ./Core/Src/main.o
                                      0x89c81 (size before relaxing)
 .debug_str     0x0000000000089631      0x2fa ./Core/Src/platform.o
                                      0x862ed (size before relaxing)
 .debug_str     0x000000000008992b       0xdd ./Core/Src/stm32f1xx_hal_msp.o
                                      0x86339 (size before relaxing)
 .debug_str     0x0000000000089a08       0xef ./Core/Src/stm32f1xx_it.o
                                      0x85d52 (size before relaxing)
 .debug_str     0x0000000000089af7       0x52 ./Core/Src/system_stm32f1xx.o
                                      0x85aff (size before relaxing)
 .debug_str     0x0000000000089b49       0x36 ./Core/Startup/startup_stm32f103c8tx.o
                                         0x77 (size before relaxing)
 .debug_str     0x0000000000089b7f     0x2453 ./Drivers/FUSB_CORE/PDPolicy.o
                                       0x831e (size before relaxing)
 .debug_str     0x000000000008bfd2      0x18d ./Drivers/FUSB_CORE/PDProtocol.o
                                       0x6189 (size before relaxing)
 .debug_str     0x000000000008c15f       0xde ./Drivers/FUSB_CORE/Port.o
                                       0x7db4 (size before relaxing)
 .debug_str     0x000000000008c23d      0x30c ./Drivers/FUSB_CORE/TypeC.o
                                       0x8016 (size before relaxing)
 .debug_str     0x000000000008c549      0x1fa ./Drivers/FUSB_CORE/core.o
                                       0x61cf (size before relaxing)
 .debug_str     0x000000000008c743       0x45 ./Drivers/FUSB_CORE/fusb30X.o
                                       0x35a0 (size before relaxing)
 .debug_str     0x000000000008c788       0x78 ./Drivers/FUSB_CORE/timer.o
                                       0x3004 (size before relaxing)
 .debug_str     0x000000000008c800       0x63 ./Drivers/FUSB_CORE/vendor_info.o
                                       0x592f (size before relaxing)
 .debug_str     0x000000000008c863      0x135 ./Drivers/FUSB_CORE/modules/dpm.o
                                       0x7deb (size before relaxing)
 .debug_str     0x000000000008c998       0xaf ./Drivers/FUSB_CORE/modules/observer.o
                                       0x302d (size before relaxing)
 .debug_str     0x000000000008ca47       0x8d ./Drivers/Platform_ARM/src/Timing.o
                                      0x86ff4 (size before relaxing)
 .debug_str     0x000000000008cad4      0x2f2 ./Drivers/STM32F1xx_HAL_Driver/Src/stm32f1xx_hal.o
                                      0x86190 (size before relaxing)
 .debug_str     0x000000000008cdc6      0x300 ./Drivers/STM32F1xx_HAL_Driver/Src/stm32f1xx_hal_cortex.o
                                      0x86198 (size before relaxing)
 .debug_str     0x000000000008d0c6      0x22a ./Drivers/STM32F1xx_HAL_Driver/Src/stm32f1xx_hal_dma.o
                                      0x85eda (size before relaxing)
 .debug_str     0x000000000008d2f0      0x311 ./Drivers/STM32F1xx_HAL_Driver/Src/stm32f1xx_hal_gpio.o
                                      0x85ec3 (size before relaxing)
 .debug_str     0x000000000008d601      0xb3c ./Drivers/STM32F1xx_HAL_Driver/Src/stm32f1xx_hal_i2c.o
                                      0x86b3b (size before relaxing)
 .debug_str     0x000000000008e13d      0x244 ./Drivers/STM32F1xx_HAL_Driver/Src/stm32f1xx_hal_rcc.o
                                      0x85efc (size before relaxing)
 .debug_str     0x000000000008e381      0xde0 ./Drivers/STM32F1xx_HAL_Driver/Src/stm32f1xx_hal_tim.o
                                      0x86ece (size before relaxing)
 .debug_str     0x000000000008f161      0x4ee ./Drivers/STM32F1xx_HAL_Driver/Src/stm32f1xx_hal_tim_ex.o
                                      0x8667f (size before relaxing)

.comment        0x0000000000000000       0x53
 .comment       0x0000000000000000       0x53 ./Core/Src/main.o
                                         0x54 (size before relaxing)
 .comment       0x0000000000000053       0x54 ./Core/Src/platform.o
 .comment       0x0000000000000053       0x54 ./Core/Src/stm32f1xx_hal_msp.o
 .comment       0x0000000000000053       0x54 ./Core/Src/stm32f1xx_it.o
 .comment       0x0000000000000053       0x54 ./Core/Src/system_stm32f1xx.o
 .comment       0x0000000000000053       0x54 ./Drivers/FUSB_CORE/PDPolicy.o
 .comment       0x0000000000000053       0x54 ./Drivers/FUSB_CORE/PDProtocol.o
 .comment       0x0000000000000053       0x54 ./Drivers/FUSB_CORE/Port.o
 .comment       0x0000000000000053       0x54 ./Drivers/FUSB_CORE/TypeC.o
 .comment       0x0000000000000053       0x54 ./Drivers/FUSB_CORE/core.o
 .comment       0x0000000000000053       0x54 ./Drivers/FUSB_CORE/fusb30X.o
 .comment       0x0000000000000053       0x54 ./Drivers/FUSB_CORE/timer.o
 .comment       0x0000000000000053       0x54 ./Drivers/FUSB_CORE/vendor_info.o
 .comment       0x0000000000000053       0x54 ./Drivers/FUSB_CORE/modules/dpm.o
 .comment       0x0000000000000053       0x54 ./Drivers/FUSB_CORE/modules/observer.o
 .comment       0x0000000000000053       0x54 ./Drivers/Platform_ARM/src/Timing.o
 .comment       0x0000000000000053       0x54 ./Drivers/STM32F1xx_HAL_Driver/Src/stm32f1xx_hal.o
 .comment       0x0000000000000053       0x54 ./Drivers/STM32F1xx_HAL_Driver/Src/stm32f1xx_hal_cortex.o
 .comment       0x0000000000000053       0x54 ./Drivers/STM32F1xx_HAL_Driver/Src/stm32f1xx_hal_dma.o
 .comment       0x0000000000000053       0x54 ./Drivers/STM32F1xx_HAL_Driver/Src/stm32f1xx_hal_gpio.o
 .comment       0x0000000000000053       0x54 ./Drivers/STM32F1xx_HAL_Driver/Src/stm32f1xx_hal_i2c.o
 .comment       0x0000000000000053       0x54 ./Drivers/STM32F1xx_HAL_Driver/Src/stm32f1xx_hal_rcc.o
 .comment       0x0000000000000053       0x54 ./Drivers/STM32F1xx_HAL_Driver/Src/stm32f1xx_hal_tim.o
 .comment       0x0000000000000053       0x54 ./Drivers/STM32F1xx_HAL_Driver/Src/stm32f1xx_hal_tim_ex.o

.debug_frame    0x0000000000000000     0x4f74
 .debug_frame   0x0000000000000000      0x1cc ./Core/Src/main.o
 .debug_frame   0x00000000000001cc      0x224 ./Core/Src/platform.o
 .debug_frame   0x00000000000003f0       0xd0 ./Core/Src/stm32f1xx_hal_msp.o
 .debug_frame   0x00000000000004c0      0x13c ./Core/Src/stm32f1xx_it.o
 .debug_frame   0x00000000000005fc       0x58 ./Core/Src/system_stm32f1xx.o
 .debug_frame   0x0000000000000654      0x784 ./Drivers/FUSB_CORE/PDPolicy.o
 .debug_frame   0x0000000000000dd8      0x268 ./Drivers/FUSB_CORE/PDProtocol.o
 .debug_frame   0x0000000000001040      0x164 ./Drivers/FUSB_CORE/Port.o
 .debug_frame   0x00000000000011a4      0x4c0 ./Drivers/FUSB_CORE/TypeC.o
 .debug_frame   0x0000000000001664      0x2d4 ./Drivers/FUSB_CORE/core.o
 .debug_frame   0x0000000000001938       0x60 ./Drivers/FUSB_CORE/fusb30X.o
 .debug_frame   0x0000000000001998       0xf0 ./Drivers/FUSB_CORE/timer.o
 .debug_frame   0x0000000000001a88       0x60 ./Drivers/FUSB_CORE/vendor_info.o
 .debug_frame   0x0000000000001ae8      0x1bc ./Drivers/FUSB_CORE/modules/dpm.o
 .debug_frame   0x0000000000001ca4       0x88 ./Drivers/FUSB_CORE/modules/observer.o
 .debug_frame   0x0000000000001d2c       0xe4 ./Drivers/Platform_ARM/src/Timing.o
 .debug_frame   0x0000000000001e10      0x334 ./Drivers/STM32F1xx_HAL_Driver/Src/stm32f1xx_hal.o
 .debug_frame   0x0000000000002144      0x428 ./Drivers/STM32F1xx_HAL_Driver/Src/stm32f1xx_hal_cortex.o
 .debug_frame   0x000000000000256c      0x208 ./Drivers/STM32F1xx_HAL_Driver/Src/stm32f1xx_hal_dma.o
 .debug_frame   0x0000000000002774      0x14c ./Drivers/STM32F1xx_HAL_Driver/Src/stm32f1xx_hal_gpio.o
 .debug_frame   0x00000000000028c0      0xc5c ./Drivers/STM32F1xx_HAL_Driver/Src/stm32f1xx_hal_i2c.o
 .debug_frame   0x000000000000351c      0x21c ./Drivers/STM32F1xx_HAL_Driver/Src/stm32f1xx_hal_rcc.o
 .debug_frame   0x0000000000003738     0x11b8 ./Drivers/STM32F1xx_HAL_Driver/Src/stm32f1xx_hal_tim.o
 .debug_frame   0x00000000000048f0      0x638 ./Drivers/STM32F1xx_HAL_Driver/Src/stm32f1xx_hal_tim_ex.o
 .debug_frame   0x0000000000004f28       0x2c /Applications/STM32CubeIDE.app/Contents/Eclipse/plugins/com.st.stm32cube.ide.mcu.externaltools.gnu-tools-for-stm32.9-2020-q2-update.macos64_2.0.0.202105311346/tools/bin/../lib/gcc/arm-none-eabi/9.3.1/../../../../arm-none-eabi/lib/thumb/v7-m/nofp/libc_nano.a(lib_a-init.o)
 .debug_frame   0x0000000000004f54       0x20 /Applications/STM32CubeIDE.app/Contents/Eclipse/plugins/com.st.stm32cube.ide.mcu.externaltools.gnu-tools-for-stm32.9-2020-q2-update.macos64_2.0.0.202105311346/tools/bin/../lib/gcc/arm-none-eabi/9.3.1/../../../../arm-none-eabi/lib/thumb/v7-m/nofp/libc_nano.a(lib_a-memset.o)
