usbd_conf.c:55:6:HAL_PCD_MspInit	40	static
usbd_conf.c:92:6:HAL_PCD_MspDeInit	16	static
usbd_conf.c:107:6:HAL_PCD_SetupStageCallback	16	static
usbd_conf.c:118:6:HAL_PCD_DataOutStageCallback	16	static
usbd_conf.c:129:6:HAL_PCD_DataInStageCallback	16	static
usbd_conf.c:139:6:HAL_PCD_SOFCallback	16	static
usbd_conf.c:149:6:HAL_PCD_ResetCallback	16	static
usbd_conf.c:161:6:HAL_PCD_SuspendCallback	16	static
usbd_conf.c:179:6:HAL_PCD_ResumeCallback	16	static
usbd_conf.c:198:6:HAL_PCD_ISOOUTIncompleteCallback	16	static
usbd_conf.c:209:6:HAL_PCD_ISOINIncompleteCallback	16	static
usbd_conf.c:219:6:HAL_PCD_ConnectCallback	16	static
usbd_conf.c:229:6:HAL_PCD_DisconnectCallback	16	static
usbd_conf.c:243:20:USBD_LL_Init	16	static
usbd_conf.c:277:20:USBD_LL_DeInit	16	static
usbd_conf.c:288:20:USBD_LL_Start	16	static
usbd_conf.c:299:20:USBD_LL_Stop	16	static
usbd_conf.c:313:20:USBD_LL_OpenEP	16	static
usbd_conf.c:332:20:USBD_LL_CloseEP	16	static
usbd_conf.c:344:20:USBD_LL_FlushEP	16	static
usbd_conf.c:356:20:USBD_LL_StallEP	16	static
usbd_conf.c:368:20:USBD_LL_ClearStallEP	16	static
usbd_conf.c:380:9:USBD_LL_IsStallEP	24	static
usbd_conf.c:400:20:USBD_LL_SetUSBAddress	16	static
usbd_conf.c:414:20:USBD_LL_Transmit	24	static
usbd_conf.c:431:20:USBD_LL_PrepareReceive	24	static
usbd_conf.c:446:10:USBD_LL_GetRxDataSize	16	static
usbd_conf.c:456:6:USBD_LL_Delay	16	static
usbd_conf.c:466:7:USBD_static_malloc	16	static
usbd_conf.c:477:6:USBD_static_free	16	static
usbd_conf.c:487:13:SystemClockConfig_STOP	4	static
