main.c:105:13:InitializeBoard	4	static
main.c:114:13:InitializeSystem	8	static
main.c:120:6:platform_set_debug	16	static
main.c:124:6:handle_core_event	32	static
main.c:138:5:main	40	static
main.c:324:6:SystemClock_Config	72	static
main.c:362:13:MX_I2C1_Init	8	static
main.c:396:13:MX_TIM1_Init	32	static
main.c:442:13:MX_TIM2_Init	32	static
main.c:487:13:MX_TIM3_Init	32	static
main.c:530:13:MX_DMA_Init	16	static
main.c:551:13:MX_GPIO_Init	24	static
main.c:569:6:Error_Handler	4	static,ignoring_inline_asm
