TypeC.c:32:6:StateMachineTypeC	16	static
TypeC.c:163:6:StateMachineDisabled	16	static
TypeC.c:168:6:StateMachineErrorRecovery	16	static
TypeC.c:176:6:StateMachineUnattached	16	static
TypeC.c:1056:6:SetStateDisabled	16	static
TypeC.c:1066:6:SetStateErrorRecovery	16	static
TypeC.c:1076:6:SetStateUnattached	16	static
TypeC.c:1567:6:updateSourceCurrent	16	static
TypeC.c:1593:6:updateSourceMDACHigh	16	static
TypeC.c:1618:6:updateSourceMDACLow	16	static
TypeC.c:1643:6:ToggleMeasure	16	static
TypeC.c:1661:12:DecodeCCTermination	16	static
TypeC.c:1852:6:UpdateCurrentAdvert	16	static
TypeC.c:1862:10:VbusVSafe0V	16	static
TypeC.c:1867:10:isVSafe5V	16	static
TypeC.c:1872:10:isVBUSOverVoltage	24	static
TypeC.c:1927:6:DetectCCPinSource	24	static
TypeC.c:1986:6:DetectCCPinSink	24	static
TypeC.c:2016:6:resetDebounceVariables	16	static
TypeC.c:2058:6:debounceCC	24	static
TypeC.c:2281:6:clearState	16	static
TypeC.c:2322:6:SetStateIllegalCable	16	static
TypeC.c:2408:6:StateMachineIllegalCable	16	static
